Archive member included to satisfy reference by file (symbol)

/Applications/ArmGNUToolchain/12.3.rel1/arm-none-eabi/bin/../lib/gcc/arm-none-eabi/12.3.1/thumb/v6-m/nofp/libgcc.a(_dvmd_tls.o)
                              CMakeFiles/pico_w_webserver.dir/Users/elias/pico/pico-sdk/src/rp2_common/pico_divider/divider.S.obj (__aeabi_idiv0)
/Applications/ArmGNUToolchain/12.3.rel1/arm-none-eabi/bin/../lib/gcc/arm-none-eabi/12.3.1/../../../../arm-none-eabi/lib/thumb/v6-m/nofp/libg.a(libc_a-atoi.o)
                              CMakeFiles/pico_w_webserver.dir/Users/elias/pico/pico-sdk/lib/lwip/src/core/netif.c.obj (atoi)
/Applications/ArmGNUToolchain/12.3.rel1/arm-none-eabi/bin/../lib/gcc/arm-none-eabi/12.3.1/../../../../arm-none-eabi/lib/thumb/v6-m/nofp/libg.a(libc_a-calloc.o)
                              CMakeFiles/pico_w_webserver.dir/Users/elias/pico/pico-sdk/src/rp2_common/pico_malloc/pico_malloc.c.obj (calloc)
/Applications/ArmGNUToolchain/12.3.rel1/arm-none-eabi/bin/../lib/gcc/arm-none-eabi/12.3.1/../../../../arm-none-eabi/lib/thumb/v6-m/nofp/libg.a(libc_a-callocr.o)
                              /Applications/ArmGNUToolchain/12.3.rel1/arm-none-eabi/bin/../lib/gcc/arm-none-eabi/12.3.1/../../../../arm-none-eabi/lib/thumb/v6-m/nofp/libg.a(libc_a-calloc.o) (_calloc_r)
/Applications/ArmGNUToolchain/12.3.rel1/arm-none-eabi/bin/../lib/gcc/arm-none-eabi/12.3.1/../../../../arm-none-eabi/lib/thumb/v6-m/nofp/libg.a(libc_a-malloc.o)
                              CMakeFiles/pico_w_webserver.dir/Users/elias/pico/pico-sdk/src/rp2_common/pico_malloc/pico_malloc.c.obj (malloc)
/Applications/ArmGNUToolchain/12.3.rel1/arm-none-eabi/bin/../lib/gcc/arm-none-eabi/12.3.1/../../../../arm-none-eabi/lib/thumb/v6-m/nofp/libg.a(libc_a-mallocr.o)
                              /Applications/ArmGNUToolchain/12.3.rel1/arm-none-eabi/bin/../lib/gcc/arm-none-eabi/12.3.1/../../../../arm-none-eabi/lib/thumb/v6-m/nofp/libg.a(libc_a-callocr.o) (_malloc_r)
/Applications/ArmGNUToolchain/12.3.rel1/arm-none-eabi/bin/../lib/gcc/arm-none-eabi/12.3.1/../../../../arm-none-eabi/lib/thumb/v6-m/nofp/libg.a(libc_a-mlock.o)
                              /Applications/ArmGNUToolchain/12.3.rel1/arm-none-eabi/bin/../lib/gcc/arm-none-eabi/12.3.1/../../../../arm-none-eabi/lib/thumb/v6-m/nofp/libg.a(libc_a-mallocr.o) (__malloc_lock)
/Applications/ArmGNUToolchain/12.3.rel1/arm-none-eabi/bin/../lib/gcc/arm-none-eabi/12.3.1/../../../../arm-none-eabi/lib/thumb/v6-m/nofp/libg.a(libc_a-realloc.o)
                              CMakeFiles/pico_w_webserver.dir/Users/elias/pico/pico-sdk/src/rp2_common/pico_malloc/pico_malloc.c.obj (realloc)
/Applications/ArmGNUToolchain/12.3.rel1/arm-none-eabi/bin/../lib/gcc/arm-none-eabi/12.3.1/../../../../arm-none-eabi/lib/thumb/v6-m/nofp/libg.a(libc_a-reallocr.o)
                              /Applications/ArmGNUToolchain/12.3.rel1/arm-none-eabi/bin/../lib/gcc/arm-none-eabi/12.3.1/../../../../arm-none-eabi/lib/thumb/v6-m/nofp/libg.a(libc_a-realloc.o) (_realloc_r)
/Applications/ArmGNUToolchain/12.3.rel1/arm-none-eabi/bin/../lib/gcc/arm-none-eabi/12.3.1/../../../../arm-none-eabi/lib/thumb/v6-m/nofp/libg.a(libc_a-strtol.o)
                              /Applications/ArmGNUToolchain/12.3.rel1/arm-none-eabi/bin/../lib/gcc/arm-none-eabi/12.3.1/../../../../arm-none-eabi/lib/thumb/v6-m/nofp/libg.a(libc_a-atoi.o) (_strtol_r)
/Applications/ArmGNUToolchain/12.3.rel1/arm-none-eabi/bin/../lib/gcc/arm-none-eabi/12.3.1/../../../../arm-none-eabi/lib/thumb/v6-m/nofp/libg.a(libc_a-memcmp.o)
                              CMakeFiles/pico_w_webserver.dir/Users/elias/pico/pico-sdk/lib/lwip/src/netif/ethernet.c.obj (memcmp)
/Applications/ArmGNUToolchain/12.3.rel1/arm-none-eabi/bin/../lib/gcc/arm-none-eabi/12.3.1/../../../../arm-none-eabi/lib/thumb/v6-m/nofp/libg.a(libc_a-memmove.o)
                              CMakeFiles/pico_w_webserver.dir/Users/elias/pico/pico-sdk/lib/lwip/src/core/def.c.obj (memmove)
/Applications/ArmGNUToolchain/12.3.rel1/arm-none-eabi/bin/../lib/gcc/arm-none-eabi/12.3.1/../../../../arm-none-eabi/lib/thumb/v6-m/nofp/libg.a(libc_a-strchr.o)
                              CMakeFiles/pico_w_webserver.dir/Users/elias/pico/pico-sdk/lib/lwip/src/apps/http/httpd.c.obj (strchr)
/Applications/ArmGNUToolchain/12.3.rel1/arm-none-eabi/bin/../lib/gcc/arm-none-eabi/12.3.1/../../../../arm-none-eabi/lib/thumb/v6-m/nofp/libg.a(libc_a-strncmp.o)
                              CMakeFiles/pico_w_webserver.dir/Users/elias/pico/pico-sdk/lib/lwip/src/core/def.c.obj (strncmp)
/Applications/ArmGNUToolchain/12.3.rel1/arm-none-eabi/bin/../lib/gcc/arm-none-eabi/12.3.1/../../../../arm-none-eabi/lib/thumb/v6-m/nofp/libg.a(libc_a-impure.o)
                              /Applications/ArmGNUToolchain/12.3.rel1/arm-none-eabi/bin/../lib/gcc/arm-none-eabi/12.3.1/../../../../arm-none-eabi/lib/thumb/v6-m/nofp/libg.a(libc_a-calloc.o) (_impure_ptr)
[...]
Memory Configuration

Name             Origin             Length             Attributes
FLASH            0x10000000         0x00200000         xr
RAM              0x20000000         0x00040000         xrw
SCRATCH_X        0x20040000         0x00001000         xrw
SCRATCH_Y        0x20041000         0x00001000         xrw
*default*        0x00000000         0xffffffff

Linker script and memory map

LOAD /Applications/ArmGNUToolchain/12.3.rel1/arm-none-eabi/bin/../lib/gcc/arm-none-eabi/12.3.1/thumb/v6-m/nofp/crti.o
LOAD /Applications/ArmGNUToolchain/12.3.rel1/arm-none-eabi/bin/../lib/gcc/arm-none-eabi/12.3.1/thumb/v6-m/nofp/crtbegin.o
LOAD /Applications/ArmGNUToolchain/12.3.rel1/arm-none-eabi/bin/../lib/gcc/arm-none-eabi/12.3.1/../../../../arm-none-eabi/lib/thumb/v6-m/nofp/crt0.o

.flash_begin    0x10000000        0x0
                0x10000000                        __flash_binary_start = .

.boot2          0x10000000      0x100
                0x10000000                        __boot2_start__ = .
 *(.boot2)
 .boot2         0x10000000      0x100 /var/folders/c3/b1ll8_793tj6jdswmnlh1x9h0000gn/T//ccaMw0RM.o
                0x10000100                        __boot2_end__ = .
                0x00000001                        ASSERT (((__boot2_end__ - __boot2_start__) == 0x100), ERROR: Pico second stage bootloader must be 256 bytes in size)

.text           0x10000100    0x158d0
                0x10000100                        __logical_binary_start = .
 *(.vectors)
 .vectors       0x10000100       0xd4 CMakeFiles/pico_w_webserver.dir/Users/elias/pico/pico-sdk/src/rp2_common/pico_standard_link/crt0.S.obj
                0x10000100                __VECTOR_TABLE
                0x10000100                __vectors
                0x100001c0                __default_isrs_start
                0x100001c0                isr_invalid
                0x100001c2                isr_nmi
                0x100001c4                isr_hardfault
                0x100001c6                isr_svcall
                0x100001c8                isr_pendsv
                0x100001ca                isr_systick
                0x100001cc                isr_irq28
                0x100001cc                isr_irq19
                0x100001cc                isr_irq0
                0x100001cc                isr_irq6
                0x100001cc                isr_irq22
                0x100001cc                isr_irq17
                0x100001cc                isr_irq14
                0x100001cc                isr_irq2
                0x100001cc                isr_irq10
                0x100001cc                isr_irq8
                0x100001cc                isr_irq24
                0x100001cc                isr_irq1
                0x100001cc                isr_irq7
                0x100001cc                isr_irq21
                0x100001cc                isr_irq20
                0x100001cc                isr_irq15
                0x100001cc                isr_irq25
                0x100001cc                isr_irq4
                0x100001cc                isr_irq16
                0x100001cc                isr_irq29
                0x100001cc                isr_irq26
                0x100001cc                __default_isrs_end
                0x100001cc                isr_irq3
                0x100001cc                isr_irq9
                0x100001cc                __unhandled_user_irq
                0x100001cc                isr_irq13
                0x100001cc                isr_irq27
                0x100001cc                isr_irq31
                0x100001cc                isr_irq5
                0x100001cc                isr_irq11
                0x100001cc                isr_irq23
                0x100001cc                isr_irq18
                0x100001cc                isr_irq30
                0x100001cc                isr_irq12
                0x100001d2                unhandled_user_irq_num_in_r0
 *(.binary_info_header)
 .binary_info_header
                0x100001d4       0x14 CMakeFiles/pico_w_webserver.dir/Users/elias/pico/pico-sdk/src/rp2_common/pico_standard_link/crt0.S.obj
                0x100001e8                        __binary_info_header_end = .
 *(.reset)
 .reset         0x100001e8       0xa0 CMakeFiles/pico_w_webserver.dir/Users/elias/pico/pico-sdk/src/rp2_common/pico_standard_link/crt0.S.obj
                0x100001e8                _entry_point
 .reset         0x10000288       0x30 CMakeFiles/pico_w_webserver.dir/Users/elias/pico/pico-sdk/src/rp2_common/pico_standard_link/binary_info.c.obj
 *(.init)
 .init          0x100002b8        0x4 /Applications/ArmGNUToolchain/12.3.rel1/arm-none-eabi/bin/../lib/gcc/arm-none-eabi/12.3.1/thumb/v6-m/nofp/crti.o
                0x100002b8                _init
 *(EXCLUDE_FILE(*libm.a: *libc.a:*lib_a-mem*.o *libgcc.a:) .text*)
 .text.register_tm_clones
                0x100002bc       0x28 /Applications/ArmGNUToolchain/12.3.rel1/arm-none-eabi/bin/../lib/gcc/arm-none-eabi/12.3.1/thumb/v6-m/nofp/crtbegin.o
 .text.frame_dummy
                0x100002e4       0x24 /Applications/ArmGNUToolchain/12.3.rel1/arm-none-eabi/bin/../lib/gcc/arm-none-eabi/12.3.1/thumb/v6-m/nofp/crtbegin.o
 .text.ssi_handler
                0x10000308       0xf4 CMakeFiles/pico_w_webserver.dir/main.c.obj
                0x10000308                ssi_handler
 .text.cgi_led_handler
                0x100003fc       0x50 CMakeFiles/pico_w_webserver.dir/main.c.obj
                0x100003fc                cgi_led_handler
 .text.ssi_init
                0x1000044c       0x40 CMakeFiles/pico_w_webserver.dir/main.c.obj
                0x1000044c                ssi_init
 .text.cgi_init
                0x1000048c       0x10 CMakeFiles/pico_w_webserver.dir/main.c.obj
                0x1000048c                cgi_init
 .text.main     0x1000049c       0x70 CMakeFiles/pico_w_webserver.dir/main.c.obj
                0x1000049c                main
 .text.to_ms_since_boot
                0x1000050c       0x1c CMakeFiles/pico_w_webserver.dir/Users/elias/pico/pico-sdk/src/rp2_common/pico_lwip/lwip_nosys.c.obj
 .text.update_us_since_boot
                0x10000528       0x24 CMakeFiles/pico_w_webserver.dir/Users/elias/pico/pico-sdk/src/rp2_common/pico_lwip/lwip_nosys.c.obj
 .text.delayed_by_ms
                0x1000054c       0x44 CMakeFiles/pico_w_webserver.dir/Users/elias/pico/pico-sdk/src/rp2_common/pico_lwip/lwip_nosys.c.obj
 .text.lwip_timeout_reached
                0x10000590       0x2c CMakeFiles/pico_w_webserver.dir/Users/elias/pico/pico-sdk/src/rp2_common/pico_lwip/lwip_nosys.c.obj
 .text.get_absolute_time
                0x100005bc       0x22 CMakeFiles/pico_w_webserver.dir/Users/elias/pico/pico-sdk/src/rp2_common/pico_lwip/lwip_nosys.c.obj
 .text.make_timeout_time_ms
                0x100005de       0x20 CMakeFiles/pico_w_webserver.dir/Users/elias/pico/pico-sdk/src/rp2_common/pico_lwip/lwip_nosys.c.obj
 *fill*         0x100005fe        0x2 
 .text.update_next_timeout
                0x10000600       0x6c CMakeFiles/pico_w_webserver.dir/Users/elias/pico/pico-sdk/src/rp2_common/pico_lwip/lwip_nosys.c.obj
 .text.lwip_nosys_init
                0x1000066c       0x34 CMakeFiles/pico_w_webserver.dir/Users/elias/pico/pico-sdk/src/rp2_common/pico_lwip/lwip_nosys.c.obj
                0x1000066c                lwip_nosys_init
 .text.lwip_nosys_deinit
                0x100006a0       0x20 CMakeFiles/pico_w_webserver.dir/Users/elias/pico/pico-sdk/src/rp2_common/pico_lwip/lwip_nosys.c.obj
                0x100006a0                lwip_nosys_deinit
 .text.sys_arch_protect
                0x100006c0        0x4 CMakeFiles/pico_w_webserver.dir/Users/elias/pico/pico-sdk/src/rp2_common/pico_lwip/lwip_nosys.c.obj
                0x100006c0                sys_arch_protect
 .text.sys_arch_unprotect
                0x100006c4        0x2 CMakeFiles/pico_w_webserver.dir/Users/elias/pico/pico-sdk/src/rp2_common/pico_lwip/lwip_nosys.c.obj
                0x100006c4                sys_arch_unprotect
 .text.sys_now  0x100006c6       0x16 CMakeFiles/pico_w_webserver.dir/Users/elias/pico/pico-sdk/src/rp2_common/pico_lwip/lwip_nosys.c.obj
                0x100006c6                sys_now
 .text.is_at_the_end_of_time
                0x100006dc       0x1c CMakeFiles/pico_w_webserver.dir/Users/elias/pico/pico-sdk/src/rp2_common/pico_async_context/async_context_base.c.obj
 .text.update_us_since_boot
                0x100006f8       0x24 CMakeFiles/pico_w_webserver.dir/Users/elias/pico/pico-sdk/src/rp2_common/pico_async_context/async_context_base.c.obj
 .text.get_absolute_time
                0x1000071c       0x22 CMakeFiles/pico_w_webserver.dir/Users/elias/pico/pico-sdk/src/rp2_common/pico_async_context/async_context_base.c.obj
 .text.async_context_base_add_at_time_worker
                0x1000073e       0x1c CMakeFiles/pico_w_webserver.dir/Users/elias/pico/pico-sdk/src/rp2_common/pico_async_context/async_context_base.c.obj
                0x1000073e                async_context_base_add_at_time_worker
 .text.async_context_base_remove_at_time_worker
                0x1000075a       0x1c CMakeFiles/pico_w_webserver.dir/Users/elias/pico/pico-sdk/src/rp2_common/pico_async_context/async_context_base.c.obj
                0x1000075a                async_context_base_remove_at_time_worker
 .text.async_context_base_add_when_pending_worker
                0x10000776       0x1c CMakeFiles/pico_w_webserver.dir/Users/elias/pico/pico-sdk/src/rp2_common/pico_async_context/async_context_base.c.obj
                0x10000776                async_context_base_add_when_pending_worker
 .text.async_context_base_remove_when_pending_worker
                0x10000792       0x1c CMakeFiles/pico_w_webserver.dir/Users/elias/pico/pico-sdk/src/rp2_common/pico_async_context/async_context_base.c.obj
                0x10000792                async_context_base_remove_when_pending_worker
 *fill*         0x100007ae        0x2 
 .text.async_context_base_remove_ready_at_time_worker
                0x100007b0       0x78 CMakeFiles/pico_w_webserver.dir/Users/elias/pico/pico-sdk/src/rp2_common/pico_async_context/async_context_base.c.obj
                0x100007b0                async_context_base_remove_ready_at_time_worker
 .text.async_context_base_refresh_next_timeout
                0x10000828       0x3c CMakeFiles/pico_w_webserver.dir/Users/elias/pico/pico-sdk/src/rp2_common/pico_async_context/async_context_base.c.obj
                0x10000828                async_context_base_refresh_next_timeout
 .text.async_context_base_execute_once
                0x10000864       0x48 CMakeFiles/pico_w_webserver.dir/Users/elias/pico/pico-sdk/src/rp2_common/pico_async_context/async_context_base.c.obj
                0x10000864                async_context_base_execute_once
 .text.running_on_fpga
                0x100008ac       0x14 CMakeFiles/pico_w_webserver.dir/Users/elias/pico/pico-sdk/src/rp2_common/pico_platform/platform.c.obj
                0x100008ac                running_on_fpga
 .text.splitmix64
                0x100008c0       0x58 CMakeFiles/pico_w_webserver.dir/Users/elias/pico/pico-sdk/src/rp2_common/pico_rand/rand.c.obj
 .text.sdbm_hash64_sram
                0x10000918       0x64 CMakeFiles/pico_w_webserver.dir/Users/elias/pico/pico-sdk/src/rp2_common/pico_rand/rand.c.obj
 .text.xoroshiro128ss
                0x1000097c       0xb8 CMakeFiles/pico_w_webserver.dir/Users/elias/pico/pico-sdk/src/rp2_common/pico_rand/rand.c.obj
 .text.update_us_since_boot
                0x10000a34       0x24 CMakeFiles/pico_w_webserver.dir/Users/elias/pico/pico-sdk/src/rp2_common/pico_rand/rand.c.obj
 .text.get_absolute_time
                0x10000a58       0x22 CMakeFiles/pico_w_webserver.dir/Users/elias/pico/pico-sdk/src/rp2_common/pico_rand/rand.c.obj
 *fill*         0x10000a7a        0x2 
 .text.delayed_by_us
                0x10000a7c       0x34 CMakeFiles/pico_w_webserver.dir/Users/elias/pico/pico-sdk/src/rp2_common/pico_rand/rand.c.obj
 .text.make_timeout_time_us
                0x10000ab0       0x24 CMakeFiles/pico_w_webserver.dir/Users/elias/pico/pico-sdk/src/rp2_common/pico_rand/rand.c.obj
 .text.capture_additional_rosc_samples
                0x10000ad4      0x164 CMakeFiles/pico_w_webserver.dir/Users/elias/pico/pico-sdk/src/rp2_common/pico_rand/rand.c.obj
 .text.initialise_rand
                0x10000c38      0x110 CMakeFiles/pico_w_webserver.dir/Users/elias/pico/pico-sdk/src/rp2_common/pico_rand/rand.c.obj
 .text.get_rand_64
                0x10000d48      0x10c CMakeFiles/pico_w_webserver.dir/Users/elias/pico/pico-sdk/src/rp2_common/pico_rand/rand.c.obj
                0x10000d48                get_rand_64
 .text.get_rand_32
                0x10000e54        0x8 CMakeFiles/pico_w_webserver.dir/Users/elias/pico/pico-sdk/src/rp2_common/pico_rand/rand.c.obj
                0x10000e54                get_rand_32
 .text._retrieve_unique_id_on_boot
                0x10000e5c       0x10 CMakeFiles/pico_w_webserver.dir/Users/elias/pico/pico-sdk/src/rp2_common/pico_unique_id/unique_id.c.obj
 .text.pico_get_unique_board_id
                0x10000e6c       0x10 CMakeFiles/pico_w_webserver.dir/Users/elias/pico/pico-sdk/src/rp2_common/pico_unique_id/unique_id.c.obj
                0x10000e6c                pico_get_unique_board_id
 .text.pico_get_unique_board_id_string
                0x10000e7c       0x5c CMakeFiles/pico_w_webserver.dir/Users/elias/pico/pico-sdk/src/rp2_common/pico_unique_id/unique_id.c.obj
                0x10000e7c                pico_get_unique_board_id_string
 .text.flash_get_unique_id
                0x10000ed8       0x46 CMakeFiles/pico_w_webserver.dir/Users/elias/pico/pico-sdk/src/rp2_common/hardware_flash/flash.c.obj
                0x10000ed8                flash_get_unique_id
 *fill*         0x10000f1e        0x2 
 .text.hw_claim_lock
                0x10000f20       0x18 CMakeFiles/pico_w_webserver.dir/Users/elias/pico/pico-sdk/src/rp2_common/hardware_claim/claim.c.obj
                0x10000f20                hw_claim_lock
 .text.hw_claim_unlock
                0x10000f38       0x14 CMakeFiles/pico_w_webserver.dir/Users/elias/pico/pico-sdk/src/rp2_common/hardware_claim/claim.c.obj
                0x10000f38                hw_claim_unlock
 .text.hw_claim_or_assert
                0x10000f4c       0x32 CMakeFiles/pico_w_webserver.dir/Users/elias/pico/pico-sdk/src/rp2_common/hardware_claim/claim.c.obj
                0x10000f4c                hw_claim_or_assert
 .text.hw_claim_unused_from_range
                0x10000f7e       0x50 CMakeFiles/pico_w_webserver.dir/Users/elias/pico/pico-sdk/src/rp2_common/hardware_claim/claim.c.obj
                0x10000f7e                hw_claim_unused_from_range
 *fill*         0x10000fce        0x2 
 .text.hw_claim_clear
                0x10000fd0       0x40 CMakeFiles/pico_w_webserver.dir/Users/elias/pico/pico-sdk/src/rp2_common/hardware_claim/claim.c.obj
                0x10000fd0                hw_claim_clear
 .text.spin_locks_reset
                0x10001010       0x20 CMakeFiles/pico_w_webserver.dir/Users/elias/pico/pico-sdk/src/rp2_common/hardware_sync/sync.c.obj
                0x10001010                spin_locks_reset
 .text.next_striped_spin_lock_num
                0x10001030       0x1c CMakeFiles/pico_w_webserver.dir/Users/elias/pico/pico-sdk/src/rp2_common/hardware_sync/sync.c.obj
                0x10001030                next_striped_spin_lock_num
 .text.spin_lock_claim_unused
                0x1000104c       0x24 CMakeFiles/pico_w_webserver.dir/Users/elias/pico/pico-sdk/src/rp2_common/hardware_sync/sync.c.obj
                0x1000104c                spin_lock_claim_unused
 .text.rom_func_lookup
                0x10001070       0x10 CMakeFiles/pico_w_webserver.dir/Users/elias/pico/pico-sdk/src/rp2_common/pico_bootrom/bootrom.c.obj
                0x10001070                rom_func_lookup
 .text.rom_data_lookup
                0x10001080       0x10 CMakeFiles/pico_w_webserver.dir/Users/elias/pico/pico-sdk/src/rp2_common/pico_bootrom/bootrom.c.obj
                0x10001080                rom_data_lookup
 .text.rom_funcs_lookup
                0x10001090       0x36 CMakeFiles/pico_w_webserver.dir/Users/elias/pico/pico-sdk/src/rp2_common/pico_bootrom/bootrom.c.obj
                0x10001090                rom_funcs_lookup
 *fill*         0x100010c6        0x2 
 .text.clock_configure
                0x100010c8      0x108 CMakeFiles/pico_w_webserver.dir/Users/elias/pico/pico-sdk/src/rp2_common/hardware_clocks/clocks.c.obj
                0x100010c8                clock_configure
 .text.clocks_init
                0x100011d0      0x100 CMakeFiles/pico_w_webserver.dir/Users/elias/pico/pico-sdk/src/rp2_common/hardware_clocks/clocks.c.obj
                0x100011d0                clocks_init
 .text.clock_get_hz
                0x100012d0        0xc CMakeFiles/pico_w_webserver.dir/Users/elias/pico/pico-sdk/src/rp2_common/hardware_clocks/clocks.c.obj
                0x100012d0                clock_get_hz
 .text.gpio_set_function
                0x100012dc       0x30 CMakeFiles/pico_w_webserver.dir/Users/elias/pico/pico-sdk/src/rp2_common/hardware_gpio/gpio.c.obj
                0x100012dc                gpio_set_function
 .text.gpio_set_pulls
                0x1000130c       0x34 CMakeFiles/pico_w_webserver.dir/Users/elias/pico/pico-sdk/src/rp2_common/hardware_gpio/gpio.c.obj
                0x1000130c                gpio_set_pulls
 .text.gpio_set_input_hysteresis_enabled
                0x10001340       0x30 CMakeFiles/pico_w_webserver.dir/Users/elias/pico/pico-sdk/src/rp2_common/hardware_gpio/gpio.c.obj
                0x10001340                gpio_set_input_hysteresis_enabled
 .text.gpio_add_raw_irq_handler_with_order_priority_masked
                0x10001370       0x40 CMakeFiles/pico_w_webserver.dir/Users/elias/pico/pico-sdk/src/rp2_common/hardware_gpio/gpio.c.obj
                0x10001370                gpio_add_raw_irq_handler_with_order_priority_masked
 .text.gpio_remove_raw_irq_handler_masked
                0x100013b0       0x48 CMakeFiles/pico_w_webserver.dir/Users/elias/pico/pico-sdk/src/rp2_common/hardware_gpio/gpio.c.obj
                0x100013b0                gpio_remove_raw_irq_handler_masked
 .text.gpio_acknowledge_irq
                0x100013f8       0x18 CMakeFiles/pico_w_webserver.dir/Users/elias/pico/pico-sdk/src/rp2_common/hardware_gpio/gpio.c.obj
                0x100013f8                gpio_acknowledge_irq
 .text._gpio_set_irq_enabled
                0x10001410       0x34 CMakeFiles/pico_w_webserver.dir/Users/elias/pico/pico-sdk/src/rp2_common/hardware_gpio/gpio.c.obj
 .text.gpio_set_irq_enabled
                0x10001444       0x20 CMakeFiles/pico_w_webserver.dir/Users/elias/pico/pico-sdk/src/rp2_common/hardware_gpio/gpio.c.obj
                0x10001444                gpio_set_irq_enabled
 .text.gpio_init
                0x10001464       0x16 CMakeFiles/pico_w_webserver.dir/Users/elias/pico/pico-sdk/src/rp2_common/hardware_gpio/gpio.c.obj
                0x10001464                gpio_init
 *fill*         0x1000147a        0x2 
 .text.set_raw_irq_handler_and_unlock
                0x1000147c       0x28 CMakeFiles/pico_w_webserver.dir/Users/elias/pico/pico-sdk/src/rp2_common/hardware_irq/irq.c.obj
 .text.get_user_irq_claim_index
                0x100014a4        0x6 CMakeFiles/pico_w_webserver.dir/Users/elias/pico/pico-sdk/src/rp2_common/hardware_irq/irq.c.obj
 *fill*         0x100014aa        0x2 
 .text.resolve_branch
                0x100014ac       0x30 CMakeFiles/pico_w_webserver.dir/Users/elias/pico/pico-sdk/src/rp2_common/hardware_irq/irq.c.obj
 .text.make_branch
                0x100014dc       0x48 CMakeFiles/pico_w_webserver.dir/Users/elias/pico/pico-sdk/src/rp2_common/hardware_irq/irq.c.obj
 .text.insert_branch_and_link
                0x10001524       0x40 CMakeFiles/pico_w_webserver.dir/Users/elias/pico/pico-sdk/src/rp2_common/hardware_irq/irq.c.obj
 .text.irq_is_enabled
                0x10001564       0x18 CMakeFiles/pico_w_webserver.dir/Users/elias/pico/pico-sdk/src/rp2_common/hardware_irq/irq.c.obj
                0x10001564                irq_is_enabled
 .text.irq_set_mask_enabled
                0x1000157c       0x20 CMakeFiles/pico_w_webserver.dir/Users/elias/pico/pico-sdk/src/rp2_common/hardware_irq/irq.c.obj
                0x1000157c                irq_set_mask_enabled
 .text.irq_set_enabled
                0x1000159c        0xe CMakeFiles/pico_w_webserver.dir/Users/elias/pico/pico-sdk/src/rp2_common/hardware_irq/irq.c.obj
                0x1000159c                irq_set_enabled
 *fill*         0x100015aa        0x2 
 .text.irq_set_pending
                0x100015ac       0x10 CMakeFiles/pico_w_webserver.dir/Users/elias/pico/pico-sdk/src/rp2_common/hardware_irq/irq.c.obj
                0x100015ac                irq_set_pending
 .text.irq_get_vtable_handler
                0x100015bc       0x10 CMakeFiles/pico_w_webserver.dir/Users/elias/pico/pico-sdk/src/rp2_common/hardware_irq/irq.c.obj
                0x100015bc                irq_get_vtable_handler
 .text.irq_has_shared_handler
                0x100015cc       0x24 CMakeFiles/pico_w_webserver.dir/Users/elias/pico/pico-sdk/src/rp2_common/hardware_irq/irq.c.obj
                0x100015cc                irq_has_shared_handler
 .text.irq_set_exclusive_handler
                0x100015f0       0x54 CMakeFiles/pico_w_webserver.dir/Users/elias/pico/pico-sdk/src/rp2_common/hardware_irq/irq.c.obj
                0x100015f0                irq_set_exclusive_handler
 .text.irq_add_shared_handler
                0x10001644      0x210 CMakeFiles/pico_w_webserver.dir/Users/elias/pico/pico-sdk/src/rp2_common/hardware_irq/irq.c.obj
                0x10001644                irq_add_shared_handler
 .text.irq_remove_handler
                0x10001854      0x188 CMakeFiles/pico_w_webserver.dir/Users/elias/pico/pico-sdk/src/rp2_common/hardware_irq/irq.c.obj
                0x10001854                irq_remove_handler
 .text.irq_set_priority
                0x100019dc       0x28 CMakeFiles/pico_w_webserver.dir/Users/elias/pico/pico-sdk/src/rp2_common/hardware_irq/irq.c.obj
                0x100019dc                irq_set_priority
 .text.irq_add_tail_to_free_list
                0x10001a04       0xf0 CMakeFiles/pico_w_webserver.dir/Users/elias/pico/pico-sdk/src/rp2_common/hardware_irq/irq.c.obj
                0x10001a04                irq_add_tail_to_free_list
 .text.irq_init_priorities
                0x10001af4       0x1c CMakeFiles/pico_w_webserver.dir/Users/elias/pico/pico-sdk/src/rp2_common/hardware_irq/irq.c.obj
                0x10001af4                irq_init_priorities
 .text.user_irq_unclaim
                0x10001b10       0x18 CMakeFiles/pico_w_webserver.dir/Users/elias/pico/pico-sdk/src/rp2_common/hardware_irq/irq.c.obj
                0x10001b10                user_irq_unclaim
 .text.user_irq_claim_unused
                0x10001b28       0x2c CMakeFiles/pico_w_webserver.dir/Users/elias/pico/pico-sdk/src/rp2_common/hardware_irq/irq.c.obj
                0x10001b28                user_irq_claim_unused
 .text.sem_init
                0x10001b54       0x1e CMakeFiles/pico_w_webserver.dir/Users/elias/pico/pico-sdk/src/common/pico_sync/sem.c.obj
                0x10001b54                sem_init
 *fill*         0x10001b72        0x2 
 .text.lock_init
                0x10001b74       0x10 CMakeFiles/pico_w_webserver.dir/Users/elias/pico/pico-sdk/src/common/pico_sync/lock_core.c.obj
                0x10001b74                lock_init
 .text.update_us_since_boot
                0x10001b84       0x24 CMakeFiles/pico_w_webserver.dir/Users/elias/pico/pico-sdk/src/common/pico_sync/mutex.c.obj
 .text.delayed_by_ms
                0x10001ba8       0x44 CMakeFiles/pico_w_webserver.dir/Users/elias/pico/pico-sdk/src/common/pico_sync/mutex.c.obj
 .text.get_absolute_time
                0x10001bec       0x22 CMakeFiles/pico_w_webserver.dir/Users/elias/pico/pico-sdk/src/common/pico_sync/mutex.c.obj
 .text.make_timeout_time_ms
                0x10001c0e       0x20 CMakeFiles/pico_w_webserver.dir/Users/elias/pico/pico-sdk/src/common/pico_sync/mutex.c.obj
 .text.mutex_init
                0x10001c2e       0x1a CMakeFiles/pico_w_webserver.dir/Users/elias/pico/pico-sdk/src/common/pico_sync/mutex.c.obj
                0x10001c2e                mutex_init
 .text.recursive_mutex_init
                0x10001c48       0x1e CMakeFiles/pico_w_webserver.dir/Users/elias/pico/pico-sdk/src/common/pico_sync/mutex.c.obj
                0x10001c48                recursive_mutex_init
 *fill*         0x10001c66        0x2 
 .text.critical_section_init_with_lock_num
                0x10001c68       0x14 CMakeFiles/pico_w_webserver.dir/Users/elias/pico/pico-sdk/src/common/pico_sync/critical_section.c.obj
                0x10001c68                critical_section_init_with_lock_num
 .text.critical_section_init
                0x10001c7c       0x14 CMakeFiles/pico_w_webserver.dir/Users/elias/pico/pico-sdk/src/common/pico_sync/critical_section.c.obj
                0x10001c7c                critical_section_init
 .text.time_reached
                0x10001c90       0x28 CMakeFiles/pico_w_webserver.dir/Users/elias/pico/pico-sdk/src/common/pico_time/time.c.obj
 .text.get_entry
                0x10001cb8       0x38 CMakeFiles/pico_w_webserver.dir/Users/elias/pico/pico-sdk/src/common/pico_time/time.c.obj
 .text.timer_pool_entry_comparator
                0x10001cf0       0x2e CMakeFiles/pico_w_webserver.dir/Users/elias/pico/pico-sdk/src/common/pico_time/time.c.obj
                0x10001cf0                timer_pool_entry_comparator
 *fill*         0x10001d1e        0x2 
 .text.update_us_since_boot
                0x10001d20       0x24 CMakeFiles/pico_w_webserver.dir/Users/elias/pico/pico-sdk/src/common/pico_time/time.c.obj
 .text.delayed_by_us
                0x10001d44       0x34 CMakeFiles/pico_w_webserver.dir/Users/elias/pico/pico-sdk/src/common/pico_time/time.c.obj
 .text.ph_get_node
                0x10001d78       0x30 CMakeFiles/pico_w_webserver.dir/Users/elias/pico/pico-sdk/src/common/pico_time/time.c.obj
 .text.ph_contains_node
                0x10001da8       0x1e CMakeFiles/pico_w_webserver.dir/Users/elias/pico/pico-sdk/src/common/pico_time/time.c.obj
 .text.ph_new_node
                0x10001dc6       0x28 CMakeFiles/pico_w_webserver.dir/Users/elias/pico/pico-sdk/src/common/pico_time/time.c.obj
 *fill*         0x10001dee        0x2 
 .text.ph_add_child_node
                0x10001df0       0x6c CMakeFiles/pico_w_webserver.dir/Users/elias/pico/pico-sdk/src/common/pico_time/time.c.obj
 .text.ph_merge_nodes
                0x10001e5c       0x3e CMakeFiles/pico_w_webserver.dir/Users/elias/pico/pico-sdk/src/common/pico_time/time.c.obj
 *fill*         0x10001e9a        0x2 
 .text.ph_insert_node
                0x10001e9c       0x3c CMakeFiles/pico_w_webserver.dir/Users/elias/pico/pico-sdk/src/common/pico_time/time.c.obj
 .text.ph_free_node
                0x10001ed8       0x5c CMakeFiles/pico_w_webserver.dir/Users/elias/pico/pico-sdk/src/common/pico_time/time.c.obj
 .text.get_entry_id_high
                0x10001f34       0x30 CMakeFiles/pico_w_webserver.dir/Users/elias/pico/pico-sdk/src/common/pico_time/time.c.obj
 .text.alarm_pool_post_alloc_init
                0x10001f64       0x40 CMakeFiles/pico_w_webserver.dir/Users/elias/pico/pico-sdk/src/common/pico_time/time.c.obj
 .text.sleep_until_callback
                0x10001fa4       0x30 CMakeFiles/pico_w_webserver.dir/Users/elias/pico/pico-sdk/src/common/pico_time/time.c.obj
 .text.get_absolute_time
                0x10001fd4       0x22 CMakeFiles/pico_w_webserver.dir/Users/elias/pico/pico-sdk/src/common/pico_time/time.c.obj
 .text.make_timeout_time_us
                0x10001ff6       0x24 CMakeFiles/pico_w_webserver.dir/Users/elias/pico/pico-sdk/src/common/pico_time/time.c.obj
 *fill*         0x1000201a        0x2 
 .text.add_alarm_under_lock
                0x1000201c       0x94 CMakeFiles/pico_w_webserver.dir/Users/elias/pico/pico-sdk/src/common/pico_time/time.c.obj
 .text.alarm_pool_alarm_callback
                0x100020b0      0x210 CMakeFiles/pico_w_webserver.dir/Users/elias/pico/pico-sdk/src/common/pico_time/time.c.obj
 .text.alarm_pool_init_default
                0x100022c0       0x40 CMakeFiles/pico_w_webserver.dir/Users/elias/pico/pico-sdk/src/common/pico_time/time.c.obj
                0x100022c0                alarm_pool_init_default
 .text.alarm_pool_get_default
                0x10002300       0x2c CMakeFiles/pico_w_webserver.dir/Users/elias/pico/pico-sdk/src/common/pico_time/time.c.obj
                0x10002300                alarm_pool_get_default
 .text.alarm_pool_add_alarm_at
                0x1000232c      0x10e CMakeFiles/pico_w_webserver.dir/Users/elias/pico/pico-sdk/src/common/pico_time/time.c.obj
                0x1000232c                alarm_pool_add_alarm_at
 .text.add_alarm_at
                0x1000243a       0x2e CMakeFiles/pico_w_webserver.dir/Users/elias/pico/pico-sdk/src/common/pico_time/time.c.obj
 .text.alarm_pool_cancel_alarm
                0x10002468       0xa8 CMakeFiles/pico_w_webserver.dir/Users/elias/pico/pico-sdk/src/common/pico_time/time.c.obj
                0x10002468                alarm_pool_cancel_alarm
 .text.cancel_alarm
                0x10002510       0x10 CMakeFiles/pico_w_webserver.dir/Users/elias/pico/pico-sdk/src/common/pico_time/time.c.obj
 .text.alarm_pool_core_num
                0x10002520        0x4 CMakeFiles/pico_w_webserver.dir/Users/elias/pico/pico-sdk/src/common/pico_time/time.c.obj
                0x10002520                alarm_pool_core_num
 .text.sleep_until
                0x10002524       0xb0 CMakeFiles/pico_w_webserver.dir/Users/elias/pico/pico-sdk/src/common/pico_time/time.c.obj
                0x10002524                sleep_until
 .text.sleep_us
                0x100025d4       0x1a CMakeFiles/pico_w_webserver.dir/Users/elias/pico/pico-sdk/src/common/pico_time/time.c.obj
                0x100025d4                sleep_us
 .text.sleep_ms
                0x100025ee       0x14 CMakeFiles/pico_w_webserver.dir/Users/elias/pico/pico-sdk/src/common/pico_time/time.c.obj
                0x100025ee                sleep_ms
 *fill*         0x10002602        0x2 
 .text.best_effort_wfe_or_timeout
                0x10002604       0x44 CMakeFiles/pico_w_webserver.dir/Users/elias/pico/pico-sdk/src/common/pico_time/time.c.obj
                0x10002604                best_effort_wfe_or_timeout
 .text.hardware_alarm_irq_handler
                0x10002648       0x8c CMakeFiles/pico_w_webserver.dir/Users/elias/pico/pico-sdk/src/rp2_common/hardware_timer/timer.c.obj
 .text.hardware_alarm_claim
                0x100026d4       0x18 CMakeFiles/pico_w_webserver.dir/Users/elias/pico/pico-sdk/src/rp2_common/hardware_timer/timer.c.obj
                0x100026d4                hardware_alarm_claim
 .text.time_us_64
                0x100026ec       0x18 CMakeFiles/pico_w_webserver.dir/Users/elias/pico/pico-sdk/src/rp2_common/hardware_timer/timer.c.obj
                0x100026ec                time_us_64
 .text.busy_wait_until
                0x10002704       0x28 CMakeFiles/pico_w_webserver.dir/Users/elias/pico/pico-sdk/src/rp2_common/hardware_timer/timer.c.obj
                0x10002704                busy_wait_until
 .text.hardware_alarm_set_callback
                0x1000272c       0x90 CMakeFiles/pico_w_webserver.dir/Users/elias/pico/pico-sdk/src/rp2_common/hardware_timer/timer.c.obj
                0x1000272c                hardware_alarm_set_callback
 .text.hardware_alarm_set_target
                0x100027bc       0xe8 CMakeFiles/pico_w_webserver.dir/Users/elias/pico/pico-sdk/src/rp2_common/hardware_timer/timer.c.obj
                0x100027bc                hardware_alarm_set_target
 .text.hardware_alarm_cancel
                0x100028a4       0x40 CMakeFiles/pico_w_webserver.dir/Users/elias/pico/pico-sdk/src/rp2_common/hardware_timer/timer.c.obj
                0x100028a4                hardware_alarm_cancel
 .text.ph_get_node
                0x100028e4       0x30 CMakeFiles/pico_w_webserver.dir/Users/elias/pico/pico-sdk/src/common/pico_util/pheap.c.obj
 .text.ph_add_child_node
                0x10002914       0x6c CMakeFiles/pico_w_webserver.dir/Users/elias/pico/pico-sdk/src/common/pico_util/pheap.c.obj
 .text.ph_merge_nodes
                0x10002980       0x3e CMakeFiles/pico_w_webserver.dir/Users/elias/pico/pico-sdk/src/common/pico_util/pheap.c.obj
 .text.ph_clear
                0x100029be       0x34 CMakeFiles/pico_w_webserver.dir/Users/elias/pico/pico-sdk/src/common/pico_util/pheap.c.obj
                0x100029be                ph_clear
 .text.ph_post_alloc_init
                0x100029f2        0xe CMakeFiles/pico_w_webserver.dir/Users/elias/pico/pico-sdk/src/common/pico_util/pheap.c.obj
                0x100029f2                ph_post_alloc_init
 .text.ph_merge_two_pass
                0x10002a00       0x5c CMakeFiles/pico_w_webserver.dir/Users/elias/pico/pico-sdk/src/common/pico_util/pheap.c.obj
                0x10002a00                ph_merge_two_pass
 .text.ph_remove_any_head
                0x10002a5c       0xc0 CMakeFiles/pico_w_webserver.dir/Users/elias/pico/pico-sdk/src/common/pico_util/pheap.c.obj
 .text.ph_remove_head
                0x10002b1c       0x14 CMakeFiles/pico_w_webserver.dir/Users/elias/pico/pico-sdk/src/common/pico_util/pheap.c.obj
                0x10002b1c                ph_remove_head
 .text.ph_remove_and_free_node
                0x10002b30       0xa0 CMakeFiles/pico_w_webserver.dir/Users/elias/pico/pico-sdk/src/common/pico_util/pheap.c.obj
                0x10002b30                ph_remove_and_free_node
 .text.pll_init
                0x10002bd0      0x120 CMakeFiles/pico_w_webserver.dir/Users/elias/pico/pico-sdk/src/rp2_common/hardware_pll/pll.c.obj
                0x10002bd0                pll_init
 .text.watchdog_start_tick
                0x10002cf0       0x10 CMakeFiles/pico_w_webserver.dir/Users/elias/pico/pico-sdk/src/rp2_common/hardware_watchdog/watchdog.c.obj
                0x10002cf0                watchdog_start_tick
 .text.watchdog_update
                0x10002d00       0x14 CMakeFiles/pico_w_webserver.dir/Users/elias/pico/pico-sdk/src/rp2_common/hardware_watchdog/watchdog.c.obj
                0x10002d00                watchdog_update
 .text._watchdog_enable
                0x10002d14       0x78 CMakeFiles/pico_w_webserver.dir/Users/elias/pico/pico-sdk/src/rp2_common/hardware_watchdog/watchdog.c.obj
                0x10002d14                _watchdog_enable
 .text.watchdog_reboot
                0x10002d8c       0x48 CMakeFiles/pico_w_webserver.dir/Users/elias/pico/pico-sdk/src/rp2_common/hardware_watchdog/watchdog.c.obj
                0x10002d8c                watchdog_reboot
 .text.xosc_init
                0x10002dd4       0x28 CMakeFiles/pico_w_webserver.dir/Users/elias/pico/pico-sdk/src/rp2_common/hardware_xosc/xosc.c.obj
                0x10002dd4                xosc_init
 .text.lwip_init
                0x10002dfc       0x24 CMakeFiles/pico_w_webserver.dir/Users/elias/pico/pico-sdk/lib/lwip/src/core/init.c.obj
                0x10002dfc                lwip_init
 .text.lwip_htons
                0x10002e20        0xa CMakeFiles/pico_w_webserver.dir/Users/elias/pico/pico-sdk/lib/lwip/src/core/def.c.obj
                0x10002e20                lwip_htons
 .text.lwip_htonl
                0x10002e2a       0x1e CMakeFiles/pico_w_webserver.dir/Users/elias/pico/pico-sdk/lib/lwip/src/core/def.c.obj
                0x10002e2a                lwip_htonl
 .text.lwip_strnstr
                0x10002e48       0x58 CMakeFiles/pico_w_webserver.dir/Users/elias/pico/pico-sdk/lib/lwip/src/core/def.c.obj
                0x10002e48                lwip_strnstr
 .text.lwip_stricmp
                0x10002ea0       0x3a CMakeFiles/pico_w_webserver.dir/Users/elias/pico/pico-sdk/lib/lwip/src/core/def.c.obj
                0x10002ea0                lwip_stricmp
 *fill*         0x10002eda        0x2 
 .text.dns_backupserver_available
                0x10002edc       0x28 CMakeFiles/pico_w_webserver.dir/Users/elias/pico/pico-sdk/lib/lwip/src/core/dns.c.obj
 .text.dns_create_txid
                0x10002f04       0x3c CMakeFiles/pico_w_webserver.dir/Users/elias/pico/pico-sdk/lib/lwip/src/core/dns.c.obj
 .text.dns_call_found
                0x10002f40       0xf4 CMakeFiles/pico_w_webserver.dir/Users/elias/pico/pico-sdk/lib/lwip/src/core/dns.c.obj
 .text.dns_send
                0x10003034      0x17c CMakeFiles/pico_w_webserver.dir/Users/elias/pico/pico-sdk/lib/lwip/src/core/dns.c.obj
 .text.dns_check_entry
                0x100031b0      0x11c CMakeFiles/pico_w_webserver.dir/Users/elias/pico/pico-sdk/lib/lwip/src/core/dns.c.obj
 .text.dns_check_entries
                0x100032cc       0x16 CMakeFiles/pico_w_webserver.dir/Users/elias/pico/pico-sdk/lib/lwip/src/core/dns.c.obj
 .text.dns_init
                0x100032e2        0x2 CMakeFiles/pico_w_webserver.dir/Users/elias/pico/pico-sdk/lib/lwip/src/core/dns.c.obj
                0x100032e2                dns_init
 .text.dns_setserver
                0x100032e4       0x28 CMakeFiles/pico_w_webserver.dir/Users/elias/pico/pico-sdk/lib/lwip/src/core/dns.c.obj
                0x100032e4                dns_setserver
 .text.dns_tmr  0x1000330c        0x8 CMakeFiles/pico_w_webserver.dir/Users/elias/pico/pico-sdk/lib/lwip/src/core/dns.c.obj
                0x1000330c                dns_tmr
 .text.lwip_standard_chksum
                0x10003314       0xa0 CMakeFiles/pico_w_webserver.dir/Users/elias/pico/pico-sdk/lib/lwip/src/core/inet_chksum.c.obj
                0x10003314                lwip_standard_chksum
 .text.inet_cksum_pseudo_base
                0x100033b4       0x82 CMakeFiles/pico_w_webserver.dir/Users/elias/pico/pico-sdk/lib/lwip/src/core/inet_chksum.c.obj
 .text.inet_chksum_pseudo
                0x10003436       0x30 CMakeFiles/pico_w_webserver.dir/Users/elias/pico/pico-sdk/lib/lwip/src/core/inet_chksum.c.obj
                0x10003436                inet_chksum_pseudo
 .text.ip_chksum_pseudo
                0x10003466       0x10 CMakeFiles/pico_w_webserver.dir/Users/elias/pico/pico-sdk/lib/lwip/src/core/inet_chksum.c.obj
                0x10003466                ip_chksum_pseudo
 .text.inet_chksum
                0x10003476        0xc CMakeFiles/pico_w_webserver.dir/Users/elias/pico/pico-sdk/lib/lwip/src/core/inet_chksum.c.obj
                0x10003476                inet_chksum
 .text.inet_chksum_pbuf
                0x10003482       0x52 CMakeFiles/pico_w_webserver.dir/Users/elias/pico/pico-sdk/lib/lwip/src/core/inet_chksum.c.obj
                0x10003482                inet_chksum_pbuf
 .text.ptr_to_mem
                0x100034d4        0xc CMakeFiles/pico_w_webserver.dir/Users/elias/pico/pico-sdk/lib/lwip/src/core/mem.c.obj
 .text.mem_to_ptr
                0x100034e0       0x10 CMakeFiles/pico_w_webserver.dir/Users/elias/pico/pico-sdk/lib/lwip/src/core/mem.c.obj
 .text.mem_link_valid
                0x100034f0       0x5c CMakeFiles/pico_w_webserver.dir/Users/elias/pico/pico-sdk/lib/lwip/src/core/mem.c.obj
 .text.plug_holes
                0x1000354c       0xd0 CMakeFiles/pico_w_webserver.dir/Users/elias/pico/pico-sdk/lib/lwip/src/core/mem.c.obj
 .text.mem_init
                0x1000361c       0x40 CMakeFiles/pico_w_webserver.dir/Users/elias/pico/pico-sdk/lib/lwip/src/core/mem.c.obj
                0x1000361c                mem_init
 .text.mem_free
                0x1000365c       0x84 CMakeFiles/pico_w_webserver.dir/Users/elias/pico/pico-sdk/lib/lwip/src/core/mem.c.obj
                0x1000365c                mem_free
 .text.mem_trim
                0x100036e0      0x134 CMakeFiles/pico_w_webserver.dir/Users/elias/pico/pico-sdk/lib/lwip/src/core/mem.c.obj
                0x100036e0                mem_trim
 .text.mem_malloc
                0x10003814      0x134 CMakeFiles/pico_w_webserver.dir/Users/elias/pico/pico-sdk/lib/lwip/src/core/mem.c.obj
                0x10003814                mem_malloc
 .text.do_memp_malloc_pool
                0x10003948       0x30 CMakeFiles/pico_w_webserver.dir/Users/elias/pico/pico-sdk/lib/lwip/src/core/memp.c.obj
 .text.do_memp_free_pool
                0x10003978       0x28 CMakeFiles/pico_w_webserver.dir/Users/elias/pico/pico-sdk/lib/lwip/src/core/memp.c.obj
 .text.memp_init_pool
                0x100039a0       0x2a CMakeFiles/pico_w_webserver.dir/Users/elias/pico/pico-sdk/lib/lwip/src/core/memp.c.obj
                0x100039a0                memp_init_pool
 *fill*         0x100039ca        0x2 
 .text.memp_init
                0x100039cc       0x20 CMakeFiles/pico_w_webserver.dir/Users/elias/pico/pico-sdk/lib/lwip/src/core/memp.c.obj
                0x100039cc                memp_init
 .text.memp_malloc
                0x100039ec       0x24 CMakeFiles/pico_w_webserver.dir/Users/elias/pico/pico-sdk/lib/lwip/src/core/memp.c.obj
                0x100039ec                memp_malloc
 .text.memp_free
                0x10003a10       0x28 CMakeFiles/pico_w_webserver.dir/Users/elias/pico/pico-sdk/lib/lwip/src/core/memp.c.obj
                0x10003a10                memp_free
 .text.netif_do_set_netmask
                0x10003a38       0x12 CMakeFiles/pico_w_webserver.dir/Users/elias/pico/pico-sdk/lib/lwip/src/core/netif.c.obj
 .text.netif_do_set_gw
                0x10003a4a       0x12 CMakeFiles/pico_w_webserver.dir/Users/elias/pico/pico-sdk/lib/lwip/src/core/netif.c.obj
 .text.netif_null_output_ip4
                0x10003a5c        0x6 CMakeFiles/pico_w_webserver.dir/Users/elias/pico/pico-sdk/lib/lwip/src/core/netif.c.obj
 .text.netif_do_ip_addr_changed
                0x10003a62       0x1c CMakeFiles/pico_w_webserver.dir/Users/elias/pico/pico-sdk/lib/lwip/src/core/netif.c.obj
 *fill*         0x10003a7e        0x2 
 .text.netif_issue_reports
                0x10003a80       0x34 CMakeFiles/pico_w_webserver.dir/Users/elias/pico/pico-sdk/lib/lwip/src/core/netif.c.obj
 .text.netif_do_set_ipaddr
                0x10003ab4       0x54 CMakeFiles/pico_w_webserver.dir/Users/elias/pico/pico-sdk/lib/lwip/src/core/netif.c.obj
 .text.netif_init
                0x10003b08        0x2 CMakeFiles/pico_w_webserver.dir/Users/elias/pico/pico-sdk/lib/lwip/src/core/netif.c.obj
                0x10003b08                netif_init
 *fill*         0x10003b0a        0x2 
 .text.netif_set_addr
                0x10003b0c       0x78 CMakeFiles/pico_w_webserver.dir/Users/elias/pico/pico-sdk/lib/lwip/src/core/netif.c.obj
                0x10003b0c                netif_set_addr
 .text.netif_add
                0x10003b84      0x124 CMakeFiles/pico_w_webserver.dir/Users/elias/pico/pico-sdk/lib/lwip/src/core/netif.c.obj
                0x10003b84                netif_add
 .text.netif_set_default
                0x10003ca8        0xc CMakeFiles/pico_w_webserver.dir/Users/elias/pico/pico-sdk/lib/lwip/src/core/netif.c.obj
                0x10003ca8                netif_set_default
 .text.netif_set_up
                0x10003cb4       0x34 CMakeFiles/pico_w_webserver.dir/Users/elias/pico/pico-sdk/lib/lwip/src/core/netif.c.obj
                0x10003cb4                netif_set_up
 .text.netif_set_down
                0x10003ce8       0x3c CMakeFiles/pico_w_webserver.dir/Users/elias/pico/pico-sdk/lib/lwip/src/core/netif.c.obj
                0x10003ce8                netif_set_down
 .text.netif_remove
                0x10003d24       0x64 CMakeFiles/pico_w_webserver.dir/Users/elias/pico/pico-sdk/lib/lwip/src/core/netif.c.obj
                0x10003d24                netif_remove
 .text.netif_set_link_up
                0x10003d88       0x3c CMakeFiles/pico_w_webserver.dir/Users/elias/pico/pico-sdk/lib/lwip/src/core/netif.c.obj
                0x10003d88                netif_set_link_up
 .text.netif_set_link_down
                0x10003dc4       0x2c CMakeFiles/pico_w_webserver.dir/Users/elias/pico/pico-sdk/lib/lwip/src/core/netif.c.obj
                0x10003dc4                netif_set_link_down
 .text.netif_get_by_index
                0x10003df0       0x24 CMakeFiles/pico_w_webserver.dir/Users/elias/pico/pico-sdk/lib/lwip/src/core/netif.c.obj
                0x10003df0                netif_get_by_index
 .text.pbuf_init_alloced_pbuf
                0x10003e14       0x20 CMakeFiles/pico_w_webserver.dir/Users/elias/pico/pico-sdk/lib/lwip/src/core/pbuf.c.obj
 .text.pbuf_skip_const
                0x10003e34       0x1a CMakeFiles/pico_w_webserver.dir/Users/elias/pico/pico-sdk/lib/lwip/src/core/pbuf.c.obj
 *fill*         0x10003e4e        0x2 
 .text.pbuf_pool_is_empty
                0x10003e50       0x18 CMakeFiles/pico_w_webserver.dir/Users/elias/pico/pico-sdk/lib/lwip/src/core/pbuf.c.obj
 .text.pbuf_add_header_impl
                0x10003e68       0x68 CMakeFiles/pico_w_webserver.dir/Users/elias/pico/pico-sdk/lib/lwip/src/core/pbuf.c.obj
 .text.pbuf_free_ooseq
                0x10003ed0       0x30 CMakeFiles/pico_w_webserver.dir/Users/elias/pico/pico-sdk/lib/lwip/src/core/pbuf.c.obj
                0x10003ed0                pbuf_free_ooseq
 .text.pbuf_alloc_reference
                0x10003f00       0x3c CMakeFiles/pico_w_webserver.dir/Users/elias/pico/pico-sdk/lib/lwip/src/core/pbuf.c.obj
                0x10003f00                pbuf_alloc_reference
 .text.pbuf_add_header
                0x10003f3c        0xa CMakeFiles/pico_w_webserver.dir/Users/elias/pico/pico-sdk/lib/lwip/src/core/pbuf.c.obj
                0x10003f3c                pbuf_add_header
 *fill*         0x10003f46        0x2 
 .text.pbuf_remove_header
                0x10003f48       0x50 CMakeFiles/pico_w_webserver.dir/Users/elias/pico/pico-sdk/lib/lwip/src/core/pbuf.c.obj
                0x10003f48                pbuf_remove_header
 .text.pbuf_header_impl
                0x10003f98       0x14 CMakeFiles/pico_w_webserver.dir/Users/elias/pico/pico-sdk/lib/lwip/src/core/pbuf.c.obj
 .text.pbuf_header_force
                0x10003fac        0xa CMakeFiles/pico_w_webserver.dir/Users/elias/pico/pico-sdk/lib/lwip/src/core/pbuf.c.obj
                0x10003fac                pbuf_header_force
 *fill*         0x10003fb6        0x2 
 .text.pbuf_free
                0x10003fb8       0x7c CMakeFiles/pico_w_webserver.dir/Users/elias/pico/pico-sdk/lib/lwip/src/core/pbuf.c.obj
                0x10003fb8                pbuf_free
 .text.pbuf_alloc
                0x10004034      0x144 CMakeFiles/pico_w_webserver.dir/Users/elias/pico/pico-sdk/lib/lwip/src/core/pbuf.c.obj
                0x10004034                pbuf_alloc
 .text.pbuf_realloc
                0x10004178       0x84 CMakeFiles/pico_w_webserver.dir/Users/elias/pico/pico-sdk/lib/lwip/src/core/pbuf.c.obj
                0x10004178                pbuf_realloc
 .text.pbuf_clen
                0x100041fc       0x12 CMakeFiles/pico_w_webserver.dir/Users/elias/pico/pico-sdk/lib/lwip/src/core/pbuf.c.obj
                0x100041fc                pbuf_clen
 *fill*         0x1000420e        0x2 
 .text.pbuf_ref
                0x10004210       0x28 CMakeFiles/pico_w_webserver.dir/Users/elias/pico/pico-sdk/lib/lwip/src/core/pbuf.c.obj
                0x10004210                pbuf_ref
 .text.pbuf_cat
                0x10004238       0x44 CMakeFiles/pico_w_webserver.dir/Users/elias/pico/pico-sdk/lib/lwip/src/core/pbuf.c.obj
                0x10004238                pbuf_cat
 .text.pbuf_chain
                0x1000427c       0x10 CMakeFiles/pico_w_webserver.dir/Users/elias/pico/pico-sdk/lib/lwip/src/core/pbuf.c.obj
                0x1000427c                pbuf_chain
 .text.pbuf_copy_partial_pbuf
                0x1000428c      0x13c CMakeFiles/pico_w_webserver.dir/Users/elias/pico/pico-sdk/lib/lwip/src/core/pbuf.c.obj
                0x1000428c                pbuf_copy_partial_pbuf
 .text.pbuf_copy
                0x100043c8       0x20 CMakeFiles/pico_w_webserver.dir/Users/elias/pico/pico-sdk/lib/lwip/src/core/pbuf.c.obj
                0x100043c8                pbuf_copy
 .text.pbuf_copy_partial
                0x100043e8       0x88 CMakeFiles/pico_w_webserver.dir/Users/elias/pico/pico-sdk/lib/lwip/src/core/pbuf.c.obj
                0x100043e8                pbuf_copy_partial
 .text.pbuf_skip
                0x10004470        0x8 CMakeFiles/pico_w_webserver.dir/Users/elias/pico/pico-sdk/lib/lwip/src/core/pbuf.c.obj
                0x10004470                pbuf_skip
 .text.pbuf_take
                0x10004478       0x98 CMakeFiles/pico_w_webserver.dir/Users/elias/pico/pico-sdk/lib/lwip/src/core/pbuf.c.obj
                0x10004478                pbuf_take
 .text.pbuf_take_at
                0x10004510       0x70 CMakeFiles/pico_w_webserver.dir/Users/elias/pico/pico-sdk/lib/lwip/src/core/pbuf.c.obj
                0x10004510                pbuf_take_at
 .text.pbuf_clone
                0x10004580       0x2c CMakeFiles/pico_w_webserver.dir/Users/elias/pico/pico-sdk/lib/lwip/src/core/pbuf.c.obj
                0x10004580                pbuf_clone
 .text.pbuf_put_at
                0x100045ac       0x26 CMakeFiles/pico_w_webserver.dir/Users/elias/pico/pico-sdk/lib/lwip/src/core/pbuf.c.obj
                0x100045ac                pbuf_put_at
 *fill*         0x100045d2        0x2 
 .text.raw_input_local_match
                0x100045d4       0x5c CMakeFiles/pico_w_webserver.dir/Users/elias/pico/pico-sdk/lib/lwip/src/core/raw.c.obj
 .text.raw_input
                0x10004630       0xb4 CMakeFiles/pico_w_webserver.dir/Users/elias/pico/pico-sdk/lib/lwip/src/core/raw.c.obj
                0x10004630                raw_input
 .text.raw_netif_ip_addr_changed
                0x100046e4       0x38 CMakeFiles/pico_w_webserver.dir/Users/elias/pico/pico-sdk/lib/lwip/src/core/raw.c.obj
                0x100046e4                raw_netif_ip_addr_changed
 .text.stats_init
                0x1000471c        0x2 CMakeFiles/pico_w_webserver.dir/Users/elias/pico/pico-sdk/lib/lwip/src/core/stats.c.obj
                0x1000471c                stats_init
 *fill*         0x1000471e        0x2 
 .text.tcp_new_port
                0x10004720       0x6c CMakeFiles/pico_w_webserver.dir/Users/elias/pico/pico-sdk/lib/lwip/src/core/tcp.c.obj
 .text.tcp_remove_listener
                0x1000478c       0x24 CMakeFiles/pico_w_webserver.dir/Users/elias/pico/pico-sdk/lib/lwip/src/core/tcp.c.obj
 .text.tcp_listen_closed
                0x100047b0       0x40 CMakeFiles/pico_w_webserver.dir/Users/elias/pico/pico-sdk/lib/lwip/src/core/tcp.c.obj
 .text.tcp_free_listen
                0x100047f0       0x1c CMakeFiles/pico_w_webserver.dir/Users/elias/pico/pico-sdk/lib/lwip/src/core/tcp.c.obj
 .text.tcp_close_shutdown_fin
                0x1000480c       0x64 CMakeFiles/pico_w_webserver.dir/Users/elias/pico/pico-sdk/lib/lwip/src/core/tcp.c.obj
 .text.tcp_handle_closepend
                0x10004870       0x28 CMakeFiles/pico_w_webserver.dir/Users/elias/pico/pico-sdk/lib/lwip/src/core/tcp.c.obj
 .text.tcp_init
                0x10004898       0x20 CMakeFiles/pico_w_webserver.dir/Users/elias/pico/pico-sdk/lib/lwip/src/core/tcp.c.obj
                0x10004898                tcp_init
 .text.tcp_free
                0x100048b8       0x1c CMakeFiles/pico_w_webserver.dir/Users/elias/pico/pico-sdk/lib/lwip/src/core/tcp.c.obj
                0x100048b8                tcp_free
 .text.tcp_bind
                0x100048d4       0xc0 CMakeFiles/pico_w_webserver.dir/Users/elias/pico/pico-sdk/lib/lwip/src/core/tcp.c.obj
                0x100048d4                tcp_bind
 .text.tcp_listen_with_backlog_and_err
                0x10004994       0xd0 CMakeFiles/pico_w_webserver.dir/Users/elias/pico/pico-sdk/lib/lwip/src/core/tcp.c.obj
                0x10004994                tcp_listen_with_backlog_and_err
 .text.tcp_listen_with_backlog
                0x10004a64        0xa CMakeFiles/pico_w_webserver.dir/Users/elias/pico/pico-sdk/lib/lwip/src/core/tcp.c.obj
                0x10004a64                tcp_listen_with_backlog
 *fill*         0x10004a6e        0x2 
 .text.tcp_update_rcv_ann_wnd
                0x10004a70       0x58 CMakeFiles/pico_w_webserver.dir/Users/elias/pico/pico-sdk/lib/lwip/src/core/tcp.c.obj
                0x10004a70                tcp_update_rcv_ann_wnd
 .text.tcp_recved
                0x10004ac8       0x60 CMakeFiles/pico_w_webserver.dir/Users/elias/pico/pico-sdk/lib/lwip/src/core/tcp.c.obj
                0x10004ac8                tcp_recved
 .text.tcp_seg_free
                0x10004b28       0x1a CMakeFiles/pico_w_webserver.dir/Users/elias/pico/pico-sdk/lib/lwip/src/core/tcp.c.obj
                0x10004b28                tcp_seg_free
 .text.tcp_segs_free
                0x10004b42       0x12 CMakeFiles/pico_w_webserver.dir/Users/elias/pico/pico-sdk/lib/lwip/src/core/tcp.c.obj
                0x10004b42                tcp_segs_free
 .text.tcp_setprio
                0x10004b54       0x18 CMakeFiles/pico_w_webserver.dir/Users/elias/pico/pico-sdk/lib/lwip/src/core/tcp.c.obj
                0x10004b54                tcp_setprio
 .text.tcp_seg_copy
                0x10004b6c       0x2c CMakeFiles/pico_w_webserver.dir/Users/elias/pico/pico-sdk/lib/lwip/src/core/tcp.c.obj
                0x10004b6c                tcp_seg_copy
 .text.tcp_arg  0x10004b98        0x8 CMakeFiles/pico_w_webserver.dir/Users/elias/pico/pico-sdk/lib/lwip/src/core/tcp.c.obj
                0x10004b98                tcp_arg
 .text.tcp_recv
                0x10004ba0       0x1c CMakeFiles/pico_w_webserver.dir/Users/elias/pico/pico-sdk/lib/lwip/src/core/tcp.c.obj
                0x10004ba0                tcp_recv
 .text.tcp_sent
                0x10004bbc       0x1c CMakeFiles/pico_w_webserver.dir/Users/elias/pico/pico-sdk/lib/lwip/src/core/tcp.c.obj
                0x10004bbc                tcp_sent
 .text.tcp_err  0x10004bd8       0x1c CMakeFiles/pico_w_webserver.dir/Users/elias/pico/pico-sdk/lib/lwip/src/core/tcp.c.obj
                0x10004bd8                tcp_err
 .text.tcp_accept
                0x10004bf4       0x10 CMakeFiles/pico_w_webserver.dir/Users/elias/pico/pico-sdk/lib/lwip/src/core/tcp.c.obj
                0x10004bf4                tcp_accept
 .text.tcp_poll
                0x10004c04       0x2c CMakeFiles/pico_w_webserver.dir/Users/elias/pico/pico-sdk/lib/lwip/src/core/tcp.c.obj
                0x10004c04                tcp_poll
 .text.tcp_next_iss
                0x10004c30       0x28 CMakeFiles/pico_w_webserver.dir/Users/elias/pico/pico-sdk/lib/lwip/src/core/tcp.c.obj
                0x10004c30                tcp_next_iss
 .text.tcp_eff_send_mss_netif
                0x10004c58       0x34 CMakeFiles/pico_w_webserver.dir/Users/elias/pico/pico-sdk/lib/lwip/src/core/tcp.c.obj
                0x10004c58                tcp_eff_send_mss_netif
 .text.tcp_free_ooseq
                0x10004c8c       0x14 CMakeFiles/pico_w_webserver.dir/Users/elias/pico/pico-sdk/lib/lwip/src/core/tcp.c.obj
                0x10004c8c                tcp_free_ooseq
 .text.tcp_pcb_purge
                0x10004ca0       0x58 CMakeFiles/pico_w_webserver.dir/Users/elias/pico/pico-sdk/lib/lwip/src/core/tcp.c.obj
                0x10004ca0                tcp_pcb_purge
 .text.tcp_pcb_remove
                0x10004cf8       0xa4 CMakeFiles/pico_w_webserver.dir/Users/elias/pico/pico-sdk/lib/lwip/src/core/tcp.c.obj
                0x10004cf8                tcp_pcb_remove
 .text.tcp_abandon
                0x10004d9c      0x10c CMakeFiles/pico_w_webserver.dir/Users/elias/pico/pico-sdk/lib/lwip/src/core/tcp.c.obj
                0x10004d9c                tcp_abandon
 .text.tcp_abort
                0x10004ea8        0xa CMakeFiles/pico_w_webserver.dir/Users/elias/pico/pico-sdk/lib/lwip/src/core/tcp.c.obj
                0x10004ea8                tcp_abort
 *fill*         0x10004eb2        0x2 
 .text.tcp_accept_null
                0x10004eb4       0x1c CMakeFiles/pico_w_webserver.dir/Users/elias/pico/pico-sdk/lib/lwip/src/core/tcp.c.obj
 .text.tcp_kill_timewait
                0x10004ed0       0x38 CMakeFiles/pico_w_webserver.dir/Users/elias/pico/pico-sdk/lib/lwip/src/core/tcp.c.obj
 .text.tcp_kill_prio
                0x10004f08       0x58 CMakeFiles/pico_w_webserver.dir/Users/elias/pico/pico-sdk/lib/lwip/src/core/tcp.c.obj
 .text.tcp_netif_ip_addr_changed_pcblist
                0x10004f60       0x30 CMakeFiles/pico_w_webserver.dir/Users/elias/pico/pico-sdk/lib/lwip/src/core/tcp.c.obj
 .text.tcp_netif_ip_addr_changed
                0x10004f90       0x54 CMakeFiles/pico_w_webserver.dir/Users/elias/pico/pico-sdk/lib/lwip/src/core/tcp.c.obj
                0x10004f90                tcp_netif_ip_addr_changed
 .text.tcp_kill_state
                0x10004fe4       0x54 CMakeFiles/pico_w_webserver.dir/Users/elias/pico/pico-sdk/lib/lwip/src/core/tcp.c.obj
 .text.tcp_alloc
                0x10005038       0xc8 CMakeFiles/pico_w_webserver.dir/Users/elias/pico/pico-sdk/lib/lwip/src/core/tcp.c.obj
                0x10005038                tcp_alloc
 .text.tcp_new_ip_type
                0x10005100        0xa CMakeFiles/pico_w_webserver.dir/Users/elias/pico/pico-sdk/lib/lwip/src/core/tcp.c.obj
                0x10005100                tcp_new_ip_type
 *fill*         0x1000510a        0x2 
 .text.tcp_close_shutdown
                0x1000510c      0x13c CMakeFiles/pico_w_webserver.dir/Users/elias/pico/pico-sdk/lib/lwip/src/core/tcp.c.obj
 .text.tcp_close
                0x10005248       0x2c CMakeFiles/pico_w_webserver.dir/Users/elias/pico/pico-sdk/lib/lwip/src/core/tcp.c.obj
                0x10005248                tcp_close
 .text.tcp_recv_null
                0x10005274       0x3c CMakeFiles/pico_w_webserver.dir/Users/elias/pico/pico-sdk/lib/lwip/src/core/tcp.c.obj
                0x10005274                tcp_recv_null
 .text.tcp_process_refused_data
                0x100052b0       0x88 CMakeFiles/pico_w_webserver.dir/Users/elias/pico/pico-sdk/lib/lwip/src/core/tcp.c.obj
                0x100052b0                tcp_process_refused_data
 .text.tcp_fasttmr
                0x10005338       0x80 CMakeFiles/pico_w_webserver.dir/Users/elias/pico/pico-sdk/lib/lwip/src/core/tcp.c.obj
                0x10005338                tcp_fasttmr
 .text.tcp_slowtmr
                0x100053b8      0x44c CMakeFiles/pico_w_webserver.dir/Users/elias/pico/pico-sdk/lib/lwip/src/core/tcp.c.obj
                0x100053b8                tcp_slowtmr
 .text.tcp_tmr  0x10005804       0x20 CMakeFiles/pico_w_webserver.dir/Users/elias/pico/pico-sdk/lib/lwip/src/core/tcp.c.obj
                0x10005804                tcp_tmr
 .text.tcp_get_next_optbyte
                0x10005824       0x40 CMakeFiles/pico_w_webserver.dir/Users/elias/pico/pico-sdk/lib/lwip/src/core/tcp_in.c.obj
 .text.tcp_parseopt
                0x10005864       0x98 CMakeFiles/pico_w_webserver.dir/Users/elias/pico/pico-sdk/lib/lwip/src/core/tcp_in.c.obj
 .text.tcp_input_delayed_close
                0x100058fc       0x4c CMakeFiles/pico_w_webserver.dir/Users/elias/pico/pico-sdk/lib/lwip/src/core/tcp_in.c.obj
 .text.tcp_timewait_input
                0x10005948       0xa0 CMakeFiles/pico_w_webserver.dir/Users/elias/pico/pico-sdk/lib/lwip/src/core/tcp_in.c.obj
 .text.tcp_listen_input
                0x100059e8      0x15c CMakeFiles/pico_w_webserver.dir/Users/elias/pico/pico-sdk/lib/lwip/src/core/tcp_in.c.obj
 .text.tcp_free_acked_segments
                0x10005b44       0xc0 CMakeFiles/pico_w_webserver.dir/Users/elias/pico/pico-sdk/lib/lwip/src/core/tcp_in.c.obj
 .text.tcp_oos_insert_segment
                0x10005c04       0xd4 CMakeFiles/pico_w_webserver.dir/Users/elias/pico/pico-sdk/lib/lwip/src/core/tcp_in.c.obj
 .text.tcp_receive
                0x10005cd8      0x9c8 CMakeFiles/pico_w_webserver.dir/Users/elias/pico/pico-sdk/lib/lwip/src/core/tcp_in.c.obj
 .text.tcp_process
                0x100066a0      0x55c CMakeFiles/pico_w_webserver.dir/Users/elias/pico/pico-sdk/lib/lwip/src/core/tcp_in.c.obj
 .text.tcp_input
                0x10006bfc      0x660 CMakeFiles/pico_w_webserver.dir/Users/elias/pico/pico-sdk/lib/lwip/src/core/tcp_in.c.obj
                0x10006bfc                tcp_input
 .text.tcp_trigger_input_pcb_close
                0x1000725c       0x10 CMakeFiles/pico_w_webserver.dir/Users/elias/pico/pico-sdk/lib/lwip/src/core/tcp_in.c.obj
                0x1000725c                tcp_trigger_input_pcb_close
 .text.tcp_write_checks
                0x1000726c       0xa8 CMakeFiles/pico_w_webserver.dir/Users/elias/pico/pico-sdk/lib/lwip/src/core/tcp_out.c.obj
 .text.tcp_output_segment_busy
                0x10007314       0x20 CMakeFiles/pico_w_webserver.dir/Users/elias/pico/pico-sdk/lib/lwip/src/core/tcp_out.c.obj
 .text.tcp_output_fill_options
                0x10007334       0x30 CMakeFiles/pico_w_webserver.dir/Users/elias/pico/pico-sdk/lib/lwip/src/core/tcp_out.c.obj
 .text.tcp_pbuf_prealloc
                0x10007364       0x4c CMakeFiles/pico_w_webserver.dir/Users/elias/pico/pico-sdk/lib/lwip/src/core/tcp_out.c.obj
 .text.tcp_create_segment
                0x100073b0       0xf4 CMakeFiles/pico_w_webserver.dir/Users/elias/pico/pico-sdk/lib/lwip/src/core/tcp_out.c.obj
 .text.tcp_output_alloc_header_common
                0x100074a4       0xd0 CMakeFiles/pico_w_webserver.dir/Users/elias/pico/pico-sdk/lib/lwip/src/core/tcp_out.c.obj
 .text.tcp_output_alloc_header
                0x10007574       0x38 CMakeFiles/pico_w_webserver.dir/Users/elias/pico/pico-sdk/lib/lwip/src/core/tcp_out.c.obj
 .text.tcp_rst_common
                0x100075ac       0x68 CMakeFiles/pico_w_webserver.dir/Users/elias/pico/pico-sdk/lib/lwip/src/core/tcp_out.c.obj
 .text.tcp_route
                0x10007614       0x1a CMakeFiles/pico_w_webserver.dir/Users/elias/pico/pico-sdk/lib/lwip/src/core/tcp_out.c.obj
 *fill*         0x1000762e        0x2 
 .text.tcp_output_segment
                0x10007630      0x164 CMakeFiles/pico_w_webserver.dir/Users/elias/pico/pico-sdk/lib/lwip/src/core/tcp_out.c.obj
 .text.tcp_output_control_segment_netif
                0x10007794       0x84 CMakeFiles/pico_w_webserver.dir/Users/elias/pico/pico-sdk/lib/lwip/src/core/tcp_out.c.obj
 .text.tcp_output_control_segment
                0x10007818       0x44 CMakeFiles/pico_w_webserver.dir/Users/elias/pico/pico-sdk/lib/lwip/src/core/tcp_out.c.obj
 .text.tcp_write
                0x1000785c      0x354 CMakeFiles/pico_w_webserver.dir/Users/elias/pico/pico-sdk/lib/lwip/src/core/tcp_out.c.obj
                0x1000785c                tcp_write
 .text.tcp_split_unsent_seg
                0x10007bb0      0x1f4 CMakeFiles/pico_w_webserver.dir/Users/elias/pico/pico-sdk/lib/lwip/src/core/tcp_out.c.obj
                0x10007bb0                tcp_split_unsent_seg
 .text.tcp_enqueue_flags
                0x10007da4      0x11c CMakeFiles/pico_w_webserver.dir/Users/elias/pico/pico-sdk/lib/lwip/src/core/tcp_out.c.obj
                0x10007da4                tcp_enqueue_flags
 .text.tcp_send_fin
                0x10007ec0       0x68 CMakeFiles/pico_w_webserver.dir/Users/elias/pico/pico-sdk/lib/lwip/src/core/tcp_out.c.obj
                0x10007ec0                tcp_send_fin
 .text.tcp_rexmit_rto_prepare
                0x10007f28       0xac CMakeFiles/pico_w_webserver.dir/Users/elias/pico/pico-sdk/lib/lwip/src/core/tcp_out.c.obj
                0x10007f28                tcp_rexmit_rto_prepare
 .text.tcp_rexmit
                0x10007fd4       0xa4 CMakeFiles/pico_w_webserver.dir/Users/elias/pico/pico-sdk/lib/lwip/src/core/tcp_out.c.obj
                0x10007fd4                tcp_rexmit
 .text.tcp_rexmit_fast
                0x10008078       0x68 CMakeFiles/pico_w_webserver.dir/Users/elias/pico/pico-sdk/lib/lwip/src/core/tcp_out.c.obj
                0x10008078                tcp_rexmit_fast
 .text.tcp_rst  0x100080e0       0x32 CMakeFiles/pico_w_webserver.dir/Users/elias/pico/pico-sdk/lib/lwip/src/core/tcp_out.c.obj
                0x100080e0                tcp_rst
 .text.tcp_rst_netif
                0x10008112       0x38 CMakeFiles/pico_w_webserver.dir/Users/elias/pico/pico-sdk/lib/lwip/src/core/tcp_out.c.obj
                0x10008112                tcp_rst_netif
 *fill*         0x1000814a        0x2 
 .text.tcp_send_empty_ack
                0x1000814c       0x64 CMakeFiles/pico_w_webserver.dir/Users/elias/pico/pico-sdk/lib/lwip/src/core/tcp_out.c.obj
                0x1000814c                tcp_send_empty_ack
 .text.tcp_output
                0x100081b0      0x32c CMakeFiles/pico_w_webserver.dir/Users/elias/pico/pico-sdk/lib/lwip/src/core/tcp_out.c.obj
                0x100081b0                tcp_output
 .text.tcp_rexmit_rto_commit
                0x100084dc       0x24 CMakeFiles/pico_w_webserver.dir/Users/elias/pico/pico-sdk/lib/lwip/src/core/tcp_out.c.obj
                0x100084dc                tcp_rexmit_rto_commit
 .text.tcp_rexmit_rto
                0x10008500       0x24 CMakeFiles/pico_w_webserver.dir/Users/elias/pico/pico-sdk/lib/lwip/src/core/tcp_out.c.obj
                0x10008500                tcp_rexmit_rto
 .text.tcp_keepalive
                0x10008524       0x48 CMakeFiles/pico_w_webserver.dir/Users/elias/pico/pico-sdk/lib/lwip/src/core/tcp_out.c.obj
                0x10008524                tcp_keepalive
 .text.tcp_zero_window_probe
                0x1000856c      0x10c CMakeFiles/pico_w_webserver.dir/Users/elias/pico/pico-sdk/lib/lwip/src/core/tcp_out.c.obj
                0x1000856c                tcp_zero_window_probe
 .text.sys_timeout_abs
                0x10008678       0x60 CMakeFiles/pico_w_webserver.dir/Users/elias/pico/pico-sdk/lib/lwip/src/core/timeouts.c.obj
 .text.lwip_cyclic_timer
                0x100086d8       0x38 CMakeFiles/pico_w_webserver.dir/Users/elias/pico/pico-sdk/lib/lwip/src/core/timeouts.c.obj
 .text.sys_timeout
                0x10008710       0x2c CMakeFiles/pico_w_webserver.dir/Users/elias/pico/pico-sdk/lib/lwip/src/core/timeouts.c.obj
                0x10008710                sys_timeout
 .text.tcp_timer_needed
                0x1000873c       0x40 CMakeFiles/pico_w_webserver.dir/Users/elias/pico/pico-sdk/lib/lwip/src/core/timeouts.c.obj
                0x1000873c                tcp_timer_needed
 .text.tcpip_tcp_timer
                0x1000877c       0x3c CMakeFiles/pico_w_webserver.dir/Users/elias/pico/pico-sdk/lib/lwip/src/core/timeouts.c.obj
 .text.sys_timeouts_init
                0x100087b8       0x24 CMakeFiles/pico_w_webserver.dir/Users/elias/pico/pico-sdk/lib/lwip/src/core/timeouts.c.obj
                0x100087b8                sys_timeouts_init
 .text.sys_check_timeouts
                0x100087dc       0x54 CMakeFiles/pico_w_webserver.dir/Users/elias/pico/pico-sdk/lib/lwip/src/core/timeouts.c.obj
                0x100087dc                sys_check_timeouts
 .text.sys_timeouts_sleeptime
                0x10008830       0x34 CMakeFiles/pico_w_webserver.dir/Users/elias/pico/pico-sdk/lib/lwip/src/core/timeouts.c.obj
                0x10008830                sys_timeouts_sleeptime
 .text.udp_new_port
                0x10008864       0x54 CMakeFiles/pico_w_webserver.dir/Users/elias/pico/pico-sdk/lib/lwip/src/core/udp.c.obj
 .text.udp_input_local_match
                0x100088b8       0x90 CMakeFiles/pico_w_webserver.dir/Users/elias/pico/pico-sdk/lib/lwip/src/core/udp.c.obj
 .text.udp_init
                0x10008948       0x20 CMakeFiles/pico_w_webserver.dir/Users/elias/pico/pico-sdk/lib/lwip/src/core/udp.c.obj
                0x10008948                udp_init
 .text.udp_input
                0x10008968      0x20c CMakeFiles/pico_w_webserver.dir/Users/elias/pico/pico-sdk/lib/lwip/src/core/udp.c.obj
                0x10008968                udp_input
 .text.udp_bind
                0x10008b74       0xb0 CMakeFiles/pico_w_webserver.dir/Users/elias/pico/pico-sdk/lib/lwip/src/core/udp.c.obj
                0x10008b74                udp_bind
 .text.udp_sendto_if_src
                0x10008c24      0x17c CMakeFiles/pico_w_webserver.dir/Users/elias/pico/pico-sdk/lib/lwip/src/core/udp.c.obj
                0x10008c24                udp_sendto_if_src
 .text.udp_sendto_if
                0x10008da0       0x84 CMakeFiles/pico_w_webserver.dir/Users/elias/pico/pico-sdk/lib/lwip/src/core/udp.c.obj
                0x10008da0                udp_sendto_if
 .text.udp_sendto
                0x10008e24       0x84 CMakeFiles/pico_w_webserver.dir/Users/elias/pico/pico-sdk/lib/lwip/src/core/udp.c.obj
                0x10008e24                udp_sendto
 .text.udp_connect
                0x10008ea8       0x74 CMakeFiles/pico_w_webserver.dir/Users/elias/pico/pico-sdk/lib/lwip/src/core/udp.c.obj
                0x10008ea8                udp_connect
 .text.udp_recv
                0x10008f1c       0x18 CMakeFiles/pico_w_webserver.dir/Users/elias/pico/pico-sdk/lib/lwip/src/core/udp.c.obj
                0x10008f1c                udp_recv
 .text.udp_remove
                0x10008f34       0x44 CMakeFiles/pico_w_webserver.dir/Users/elias/pico/pico-sdk/lib/lwip/src/core/udp.c.obj
                0x10008f34                udp_remove
 .text.udp_new  0x10008f78       0x1c CMakeFiles/pico_w_webserver.dir/Users/elias/pico/pico-sdk/lib/lwip/src/core/udp.c.obj
                0x10008f78                udp_new
 .text.udp_netif_ip_addr_changed
                0x10008f94       0x38 CMakeFiles/pico_w_webserver.dir/Users/elias/pico/pico-sdk/lib/lwip/src/core/udp.c.obj
                0x10008f94                udp_netif_ip_addr_changed
 .text.dhcp_set_state
                0x10008fcc       0x10 CMakeFiles/pico_w_webserver.dir/Users/elias/pico/pico-sdk/lib/lwip/src/core/ipv4/dhcp.c.obj
 .text.dhcp_option_short
                0x10008fdc       0x24 CMakeFiles/pico_w_webserver.dir/Users/elias/pico/pico-sdk/lib/lwip/src/core/ipv4/dhcp.c.obj
 .text.dhcp_option
                0x10009000       0x24 CMakeFiles/pico_w_webserver.dir/Users/elias/pico/pico-sdk/lib/lwip/src/core/ipv4/dhcp.c.obj
 .text.dhcp_option_byte
                0x10009024       0x1c CMakeFiles/pico_w_webserver.dir/Users/elias/pico/pico-sdk/lib/lwip/src/core/ipv4/dhcp.c.obj
 .text.dhcp_option_long
                0x10009040       0x34 CMakeFiles/pico_w_webserver.dir/Users/elias/pico/pico-sdk/lib/lwip/src/core/ipv4/dhcp.c.obj
 .text.dhcp_create_msg
                0x10009074      0x138 CMakeFiles/pico_w_webserver.dir/Users/elias/pico/pico-sdk/lib/lwip/src/core/ipv4/dhcp.c.obj
 .text.dhcp_option_hostname
                0x100091ac       0x70 CMakeFiles/pico_w_webserver.dir/Users/elias/pico/pico-sdk/lib/lwip/src/core/ipv4/dhcp.c.obj
 .text.dhcp_option_trailer
                0x1000921c       0x28 CMakeFiles/pico_w_webserver.dir/Users/elias/pico/pico-sdk/lib/lwip/src/core/ipv4/dhcp.c.obj
 .text.dhcp_rebind
                0x10009244       0xfc CMakeFiles/pico_w_webserver.dir/Users/elias/pico/pico-sdk/lib/lwip/src/core/ipv4/dhcp.c.obj
 .text.dhcp_t2_timeout
                0x10009340       0x2e CMakeFiles/pico_w_webserver.dir/Users/elias/pico/pico-sdk/lib/lwip/src/core/ipv4/dhcp.c.obj
 *fill*         0x1000936e        0x2 
 .text.dhcp_reboot
                0x10009370      0x120 CMakeFiles/pico_w_webserver.dir/Users/elias/pico/pico-sdk/lib/lwip/src/core/ipv4/dhcp.c.obj
 .text.dhcp_select
                0x10009490      0x16c CMakeFiles/pico_w_webserver.dir/Users/elias/pico/pico-sdk/lib/lwip/src/core/ipv4/dhcp.c.obj
 .text.dhcp_handle_offer
                0x100095fc       0x48 CMakeFiles/pico_w_webserver.dir/Users/elias/pico/pico-sdk/lib/lwip/src/core/ipv4/dhcp.c.obj
 .text.dhcp_discover
                0x10009644       0xf4 CMakeFiles/pico_w_webserver.dir/Users/elias/pico/pico-sdk/lib/lwip/src/core/ipv4/dhcp.c.obj
 .text.dhcp_dec_pcb_refcount
                0x10009738       0x38 CMakeFiles/pico_w_webserver.dir/Users/elias/pico/pico-sdk/lib/lwip/src/core/ipv4/dhcp.c.obj
 .text.dhcp_inc_pcb_refcount
                0x10009770       0x74 CMakeFiles/pico_w_webserver.dir/Users/elias/pico/pico-sdk/lib/lwip/src/core/ipv4/dhcp.c.obj
 .text.dhcp_parse_reply
                0x100097e4      0x2f4 CMakeFiles/pico_w_webserver.dir/Users/elias/pico/pico-sdk/lib/lwip/src/core/ipv4/dhcp.c.obj
 .text.dhcp_handle_ack
                0x10009ad8       0xd0 CMakeFiles/pico_w_webserver.dir/Users/elias/pico/pico-sdk/lib/lwip/src/core/ipv4/dhcp.c.obj
 .text.dhcp_bind
                0x10009ba8      0x104 CMakeFiles/pico_w_webserver.dir/Users/elias/pico/pico-sdk/lib/lwip/src/core/ipv4/dhcp.c.obj
 .text.dhcp_handle_nak
                0x10009cac       0x24 CMakeFiles/pico_w_webserver.dir/Users/elias/pico/pico-sdk/lib/lwip/src/core/ipv4/dhcp.c.obj
 .text.dhcp_recv
                0x10009cd0       0xf4 CMakeFiles/pico_w_webserver.dir/Users/elias/pico/pico-sdk/lib/lwip/src/core/ipv4/dhcp.c.obj
 .text.dhcp_set_struct
                0x10009dc4       0x44 CMakeFiles/pico_w_webserver.dir/Users/elias/pico/pico-sdk/lib/lwip/src/core/ipv4/dhcp.c.obj
                0x10009dc4                dhcp_set_struct
 .text.dhcp_network_changed_link_up
                0x10009e08       0x40 CMakeFiles/pico_w_webserver.dir/Users/elias/pico/pico-sdk/lib/lwip/src/core/ipv4/dhcp.c.obj
                0x10009e08                dhcp_network_changed_link_up
 .text.dhcp_renew
                0x10009e48       0xf8 CMakeFiles/pico_w_webserver.dir/Users/elias/pico/pico-sdk/lib/lwip/src/core/ipv4/dhcp.c.obj
                0x10009e48                dhcp_renew
 .text.dhcp_t1_timeout
                0x10009f40       0x2a CMakeFiles/pico_w_webserver.dir/Users/elias/pico/pico-sdk/lib/lwip/src/core/ipv4/dhcp.c.obj
 .text.dhcp_supplied_address
                0x10009f6a       0x32 CMakeFiles/pico_w_webserver.dir/Users/elias/pico/pico-sdk/lib/lwip/src/core/ipv4/dhcp.c.obj
                0x10009f6a                dhcp_supplied_address
 .text.dhcp_release_and_stop
                0x10009f9c       0xdc CMakeFiles/pico_w_webserver.dir/Users/elias/pico/pico-sdk/lib/lwip/src/core/ipv4/dhcp.c.obj
                0x10009f9c                dhcp_release_and_stop
 .text.dhcp_start
                0x1000a078       0xac CMakeFiles/pico_w_webserver.dir/Users/elias/pico/pico-sdk/lib/lwip/src/core/ipv4/dhcp.c.obj
                0x1000a078                dhcp_start
 .text.dhcp_coarse_tmr
                0x1000a124       0x6c CMakeFiles/pico_w_webserver.dir/Users/elias/pico/pico-sdk/lib/lwip/src/core/ipv4/dhcp.c.obj
                0x1000a124                dhcp_coarse_tmr
 .text.dhcp_timeout
                0x1000a190       0x4a CMakeFiles/pico_w_webserver.dir/Users/elias/pico/pico-sdk/lib/lwip/src/core/ipv4/dhcp.c.obj
 *fill*         0x1000a1da        0x2 
 .text.dhcp_fine_tmr
                0x1000a1dc       0x38 CMakeFiles/pico_w_webserver.dir/Users/elias/pico/pico-sdk/lib/lwip/src/core/ipv4/dhcp.c.obj
                0x1000a1dc                dhcp_fine_tmr
 .text.dhcp_stop
                0x1000a214        0x8 CMakeFiles/pico_w_webserver.dir/Users/elias/pico/pico-sdk/lib/lwip/src/core/ipv4/dhcp.c.obj
                0x1000a214                dhcp_stop
 .text.etharp_free_entry
                0x1000a21c       0x4c CMakeFiles/pico_w_webserver.dir/Users/elias/pico/pico-sdk/lib/lwip/src/core/ipv4/etharp.c.obj
 .text.etharp_find_entry
                0x1000a268      0x1a8 CMakeFiles/pico_w_webserver.dir/Users/elias/pico/pico-sdk/lib/lwip/src/core/ipv4/etharp.c.obj
 .text.etharp_update_arp_entry
                0x1000a410       0xc8 CMakeFiles/pico_w_webserver.dir/Users/elias/pico/pico-sdk/lib/lwip/src/core/ipv4/etharp.c.obj
 .text.etharp_raw
                0x1000a4d8       0xf0 CMakeFiles/pico_w_webserver.dir/Users/elias/pico/pico-sdk/lib/lwip/src/core/ipv4/etharp.c.obj
 .text.etharp_request_dst
                0x1000a5c8       0x24 CMakeFiles/pico_w_webserver.dir/Users/elias/pico/pico-sdk/lib/lwip/src/core/ipv4/etharp.c.obj
 .text.etharp_cleanup_netif
                0x1000a5ec       0x3c CMakeFiles/pico_w_webserver.dir/Users/elias/pico/pico-sdk/lib/lwip/src/core/ipv4/etharp.c.obj
                0x1000a5ec                etharp_cleanup_netif
 .text.etharp_input
                0x1000a628      0x120 CMakeFiles/pico_w_webserver.dir/Users/elias/pico/pico-sdk/lib/lwip/src/core/ipv4/etharp.c.obj
                0x1000a628                etharp_input
 .text.etharp_request
                0x1000a748       0x10 CMakeFiles/pico_w_webserver.dir/Users/elias/pico/pico-sdk/lib/lwip/src/core/ipv4/etharp.c.obj
                0x1000a748                etharp_request
 .text.etharp_tmr
                0x1000a758       0x8c CMakeFiles/pico_w_webserver.dir/Users/elias/pico/pico-sdk/lib/lwip/src/core/ipv4/etharp.c.obj
                0x1000a758                etharp_tmr
 .text.etharp_output_to_arp_index
                0x1000a7e4       0xc0 CMakeFiles/pico_w_webserver.dir/Users/elias/pico/pico-sdk/lib/lwip/src/core/ipv4/etharp.c.obj
 .text.etharp_query
                0x1000a8a4      0x1c0 CMakeFiles/pico_w_webserver.dir/Users/elias/pico/pico-sdk/lib/lwip/src/core/ipv4/etharp.c.obj
                0x1000a8a4                etharp_query
 .text.etharp_output
                0x1000aa64      0x150 CMakeFiles/pico_w_webserver.dir/Users/elias/pico/pico-sdk/lib/lwip/src/core/ipv4/etharp.c.obj
                0x1000aa64                etharp_output
 .text.icmp_send_response
                0x1000abb4       0xd4 CMakeFiles/pico_w_webserver.dir/Users/elias/pico/pico-sdk/lib/lwip/src/core/ipv4/icmp.c.obj
 .text.icmp_input
                0x1000ac88      0x200 CMakeFiles/pico_w_webserver.dir/Users/elias/pico/pico-sdk/lib/lwip/src/core/ipv4/icmp.c.obj
                0x1000ac88                icmp_input
 .text.icmp_dest_unreach
                0x1000ae88        0xc CMakeFiles/pico_w_webserver.dir/Users/elias/pico/pico-sdk/lib/lwip/src/core/ipv4/icmp.c.obj
                0x1000ae88                icmp_dest_unreach
 .text.icmp_time_exceeded
                0x1000ae94        0xc CMakeFiles/pico_w_webserver.dir/Users/elias/pico/pico-sdk/lib/lwip/src/core/ipv4/icmp.c.obj
                0x1000ae94                icmp_time_exceeded
 .text.ip_reass_dequeue_datagram
                0x1000aea0       0x34 CMakeFiles/pico_w_webserver.dir/Users/elias/pico/pico-sdk/lib/lwip/src/core/ipv4/ip4_frag.c.obj
 .text.ip_reass_free_complete_datagram
                0x1000aed4       0xe8 CMakeFiles/pico_w_webserver.dir/Users/elias/pico/pico-sdk/lib/lwip/src/core/ipv4/ip4_frag.c.obj
 .text.ip_reass_remove_oldest_datagram
                0x1000afbc       0xc0 CMakeFiles/pico_w_webserver.dir/Users/elias/pico/pico-sdk/lib/lwip/src/core/ipv4/ip4_frag.c.obj
 .text.ip_reass_chain_frag_into_datagram_and_validate
                0x1000b07c      0x27c CMakeFiles/pico_w_webserver.dir/Users/elias/pico/pico-sdk/lib/lwip/src/core/ipv4/ip4_frag.c.obj
 .text.ip_reass_enqueue_new_datagram
                0x1000b2f8       0x64 CMakeFiles/pico_w_webserver.dir/Users/elias/pico/pico-sdk/lib/lwip/src/core/ipv4/ip4_frag.c.obj
 .text.ip_reass_tmr
                0x1000b35c       0x30 CMakeFiles/pico_w_webserver.dir/Users/elias/pico/pico-sdk/lib/lwip/src/core/ipv4/ip4_frag.c.obj
                0x1000b35c                ip_reass_tmr
 .text.ip4_reass
                0x1000b38c      0x284 CMakeFiles/pico_w_webserver.dir/Users/elias/pico/pico-sdk/lib/lwip/src/core/ipv4/ip4_frag.c.obj
                0x1000b38c                ip4_reass
 .text.ip4_frag
                0x1000b610      0x17c CMakeFiles/pico_w_webserver.dir/Users/elias/pico/pico-sdk/lib/lwip/src/core/ipv4/ip4_frag.c.obj
                0x1000b610                ip4_frag
 .text.ip4_input_accept
                0x1000b78c       0x38 CMakeFiles/pico_w_webserver.dir/Users/elias/pico/pico-sdk/lib/lwip/src/core/ipv4/ip4.c.obj
 .text.ip4_route
                0x1000b7c4       0x7c CMakeFiles/pico_w_webserver.dir/Users/elias/pico/pico-sdk/lib/lwip/src/core/ipv4/ip4.c.obj
                0x1000b7c4                ip4_route
 .text.ip4_input
                0x1000b840      0x290 CMakeFiles/pico_w_webserver.dir/Users/elias/pico/pico-sdk/lib/lwip/src/core/ipv4/ip4.c.obj
                0x1000b840                ip4_input
 .text.ip4_output_if_src
                0x1000bad0      0x1c4 CMakeFiles/pico_w_webserver.dir/Users/elias/pico/pico-sdk/lib/lwip/src/core/ipv4/ip4.c.obj
                0x1000bad0                ip4_output_if_src
 .text.ip4_output_if
                0x1000bc94       0x2e CMakeFiles/pico_w_webserver.dir/Users/elias/pico/pico-sdk/lib/lwip/src/core/ipv4/ip4.c.obj
                0x1000bc94                ip4_output_if
 .text.ip4_addr_isbroadcast_u32
                0x1000bcc2       0x42 CMakeFiles/pico_w_webserver.dir/Users/elias/pico/pico-sdk/lib/lwip/src/core/ipv4/ip4_addr.c.obj
                0x1000bcc2                ip4_addr_isbroadcast_u32
 .text.ethernet_input
                0x1000bd04       0xe0 CMakeFiles/pico_w_webserver.dir/Users/elias/pico/pico-sdk/lib/lwip/src/netif/ethernet.c.obj
                0x1000bd04                ethernet_input
 .text.ethernet_output
                0x1000bde4       0x6c CMakeFiles/pico_w_webserver.dir/Users/elias/pico/pico-sdk/lib/lwip/src/netif/ethernet.c.obj
                0x1000bde4                ethernet_output
 .text.time_reached
                0x1000be50       0x28 CMakeFiles/pico_w_webserver.dir/Users/elias/pico/pico-sdk/src/rp2_common/pico_cyw43_arch/cyw43_arch.c.obj
 .text.cyw43_tcpip_link_status_name
                0x1000be78       0x54 CMakeFiles/pico_w_webserver.dir/Users/elias/pico/pico-sdk/src/rp2_common/pico_cyw43_arch/cyw43_arch.c.obj
 .text.update_us_since_boot
                0x1000becc       0x24 CMakeFiles/pico_w_webserver.dir/Users/elias/pico/pico-sdk/src/rp2_common/pico_cyw43_arch/cyw43_arch.c.obj
 .text.delayed_by_ms
                0x1000bef0       0x44 CMakeFiles/pico_w_webserver.dir/Users/elias/pico/pico-sdk/src/rp2_common/pico_cyw43_arch/cyw43_arch.c.obj
 .text.get_absolute_time
                0x1000bf34       0x22 CMakeFiles/pico_w_webserver.dir/Users/elias/pico/pico-sdk/src/rp2_common/pico_cyw43_arch/cyw43_arch.c.obj
 .text.make_timeout_time_ms
                0x1000bf56       0x20 CMakeFiles/pico_w_webserver.dir/Users/elias/pico/pico-sdk/src/rp2_common/pico_cyw43_arch/cyw43_arch.c.obj
 *fill*         0x1000bf76        0x2 
 .text.cyw43_arch_set_async_context
                0x1000bf78        0xc CMakeFiles/pico_w_webserver.dir/Users/elias/pico/pico-sdk/src/rp2_common/pico_cyw43_arch/cyw43_arch.c.obj
                0x1000bf78                cyw43_arch_set_async_context
 .text.cyw43_arch_wifi_connect_bssid_async
                0x1000bf84       0x5c CMakeFiles/pico_w_webserver.dir/Users/elias/pico/pico-sdk/src/rp2_common/pico_cyw43_arch/cyw43_arch.c.obj
                0x1000bf84                cyw43_arch_wifi_connect_bssid_async
 .text.cyw43_arch_get_country_code
                0x1000bfe0        0xc CMakeFiles/pico_w_webserver.dir/Users/elias/pico/pico-sdk/src/rp2_common/pico_cyw43_arch/cyw43_arch.c.obj
                0x1000bfe0                cyw43_arch_get_country_code
 .text.cyw43_arch_enable_sta_mode
                0x1000bfec       0x40 CMakeFiles/pico_w_webserver.dir/Users/elias/pico/pico-sdk/src/rp2_common/pico_cyw43_arch/cyw43_arch.c.obj
                0x1000bfec                cyw43_arch_enable_sta_mode
 .text.cyw43_arch_gpio_put
                0x1000c02c       0x14 CMakeFiles/pico_w_webserver.dir/Users/elias/pico/pico-sdk/src/rp2_common/pico_cyw43_arch/cyw43_arch.c.obj
                0x1000c02c                cyw43_arch_gpio_put
 .text.cyw43_arch_gpio_get
                0x1000c040       0x24 CMakeFiles/pico_w_webserver.dir/Users/elias/pico/pico-sdk/src/rp2_common/pico_cyw43_arch/cyw43_arch.c.obj
                0x1000c040                cyw43_arch_gpio_get
 .text.cyw43_arch_async_context
                0x1000c064        0xc CMakeFiles/pico_w_webserver.dir/Users/elias/pico/pico-sdk/src/rp2_common/pico_cyw43_arch/cyw43_arch.c.obj
                0x1000c064                cyw43_arch_async_context
 .text.cyw43_arch_poll
                0x1000c070       0x18 CMakeFiles/pico_w_webserver.dir/Users/elias/pico/pico-sdk/src/rp2_common/pico_cyw43_arch/cyw43_arch.c.obj
                0x1000c070                cyw43_arch_poll
 .text.cyw43_arch_wait_for_work_until
                0x1000c088       0x18 CMakeFiles/pico_w_webserver.dir/Users/elias/pico/pico-sdk/src/rp2_common/pico_cyw43_arch/cyw43_arch.c.obj
                0x1000c088                cyw43_arch_wait_for_work_until
 .text.cyw43_arch_wifi_connect_bssid_until
                0x1000c0a0       0xdc CMakeFiles/pico_w_webserver.dir/Users/elias/pico/pico-sdk/src/rp2_common/pico_cyw43_arch/cyw43_arch.c.obj
 .text.cyw43_arch_wifi_connect_until
                0x1000c17c       0x1a CMakeFiles/pico_w_webserver.dir/Users/elias/pico/pico-sdk/src/rp2_common/pico_cyw43_arch/cyw43_arch.c.obj
 .text.cyw43_arch_wifi_connect_timeout_ms
                0x1000c196       0x28 CMakeFiles/pico_w_webserver.dir/Users/elias/pico/pico-sdk/src/rp2_common/pico_cyw43_arch/cyw43_arch.c.obj
                0x1000c196                cyw43_arch_wifi_connect_timeout_ms
 *fill*         0x1000c1be        0x2 
 .text.cyw43_arch_init_default_async_context
                0x1000c1c0       0x20 CMakeFiles/pico_w_webserver.dir/Users/elias/pico/pico-sdk/src/rp2_common/pico_cyw43_arch/cyw43_arch_threadsafe_background.c.obj
                0x1000c1c0                cyw43_arch_init_default_async_context
 .text.cyw43_arch_deinit
                0x1000c1e0       0x30 CMakeFiles/pico_w_webserver.dir/Users/elias/pico/pico-sdk/src/rp2_common/pico_cyw43_arch/cyw43_arch_threadsafe_background.c.obj
                0x1000c1e0                cyw43_arch_deinit
 .text.cyw43_arch_init
                0x1000c210       0x42 CMakeFiles/pico_w_webserver.dir/Users/elias/pico/pico-sdk/src/rp2_common/pico_cyw43_arch/cyw43_arch_threadsafe_background.c.obj
                0x1000c210                cyw43_arch_init
 .text.pio_get_default_sm_config
                0x1000c252       0x28 CMakeFiles/pico_w_webserver.dir/Users/elias/pico/pico-sdk/src/rp2_common/pico_cyw43_driver/cyw43_bus_pio_spi.c.obj
 *fill*         0x1000c27a        0x2 
 .text.spi_gap01_sample0_program_get_default_config
                0x1000c27c       0x3c CMakeFiles/pico_w_webserver.dir/Users/elias/pico/pico-sdk/src/rp2_common/pico_cyw43_driver/cyw43_bus_pio_spi.c.obj
 .text.cs_set   0x1000c2b8       0x1c CMakeFiles/pico_w_webserver.dir/Users/elias/pico/pico-sdk/src/rp2_common/pico_cyw43_driver/cyw43_bus_pio_spi.c.obj
 .text.channel_config_set_chain_to
                0x1000c2d4       0x30 CMakeFiles/pico_w_webserver.dir/Users/elias/pico/pico-sdk/src/rp2_common/pico_cyw43_driver/cyw43_bus_pio_spi.c.obj
 .text.dma_channel_get_default_config
                0x1000c304       0x74 CMakeFiles/pico_w_webserver.dir/Users/elias/pico/pico-sdk/src/rp2_common/pico_cyw43_driver/cyw43_bus_pio_spi.c.obj
 .text.channel_config_set_dreq
                0x1000c378       0x30 CMakeFiles/pico_w_webserver.dir/Users/elias/pico/pico-sdk/src/rp2_common/pico_cyw43_driver/cyw43_bus_pio_spi.c.obj
 .text.start_spi_comms
                0x1000c3a8       0x2c CMakeFiles/pico_w_webserver.dir/Users/elias/pico/pico-sdk/src/rp2_common/pico_cyw43_driver/cyw43_bus_pio_spi.c.obj
 .text.ns_delay
                0x1000c3d4       0x20 CMakeFiles/pico_w_webserver.dir/Users/elias/pico/pico-sdk/src/rp2_common/pico_cyw43_driver/cyw43_bus_pio_spi.c.obj
 .text.stop_spi_comms
                0x1000c3f4       0x10 CMakeFiles/pico_w_webserver.dir/Users/elias/pico/pico-sdk/src/rp2_common/pico_cyw43_driver/cyw43_bus_pio_spi.c.obj
 .text.cyw43_spi_deinit
                0x1000c404       0x74 CMakeFiles/pico_w_webserver.dir/Users/elias/pico/pico-sdk/src/rp2_common/pico_cyw43_driver/cyw43_bus_pio_spi.c.obj
                0x1000c404                cyw43_spi_deinit
 .text.cyw43_spi_init
                0x1000c478      0x234 CMakeFiles/pico_w_webserver.dir/Users/elias/pico/pico-sdk/src/rp2_common/pico_cyw43_driver/cyw43_bus_pio_spi.c.obj
                0x1000c478                cyw43_spi_init
 .text.cyw43_spi_transfer
                0x1000c6ac      0x568 CMakeFiles/pico_w_webserver.dir/Users/elias/pico/pico-sdk/src/rp2_common/pico_cyw43_driver/cyw43_bus_pio_spi.c.obj
                0x1000c6ac                cyw43_spi_transfer
 .text._cyw43_read_reg
                0x1000cc14       0x50 CMakeFiles/pico_w_webserver.dir/Users/elias/pico/pico-sdk/src/rp2_common/pico_cyw43_driver/cyw43_bus_pio_spi.c.obj
 .text._cyw43_write_reg
                0x1000cc64       0x58 CMakeFiles/pico_w_webserver.dir/Users/elias/pico/pico-sdk/src/rp2_common/pico_cyw43_driver/cyw43_bus_pio_spi.c.obj
 .text.cyw43_spi_gpio_setup
                0x1000ccbc       0x3a CMakeFiles/pico_w_webserver.dir/Users/elias/pico/pico-sdk/src/rp2_common/pico_cyw43_driver/cyw43_bus_pio_spi.c.obj
                0x1000ccbc                cyw43_spi_gpio_setup
 .text.cyw43_spi_reset
                0x1000ccf6       0x28 CMakeFiles/pico_w_webserver.dir/Users/elias/pico/pico-sdk/src/rp2_common/pico_cyw43_driver/cyw43_bus_pio_spi.c.obj
                0x1000ccf6                cyw43_spi_reset
 *fill*         0x1000cd1e        0x2 
 .text.read_reg_u32_swap
                0x1000cd20       0x68 CMakeFiles/pico_w_webserver.dir/Users/elias/pico/pico-sdk/src/rp2_common/pico_cyw43_driver/cyw43_bus_pio_spi.c.obj
                0x1000cd20                read_reg_u32_swap
 .text.cyw43_read_reg_u32
                0x1000cd88        0xa CMakeFiles/pico_w_webserver.dir/Users/elias/pico/pico-sdk/src/rp2_common/pico_cyw43_driver/cyw43_bus_pio_spi.c.obj
                0x1000cd88                cyw43_read_reg_u32
 .text.cyw43_read_reg_u16
                0x1000cd92        0xa CMakeFiles/pico_w_webserver.dir/Users/elias/pico/pico-sdk/src/rp2_common/pico_cyw43_driver/cyw43_bus_pio_spi.c.obj
                0x1000cd92                cyw43_read_reg_u16
 .text.cyw43_read_reg_u8
                0x1000cd9c        0xa CMakeFiles/pico_w_webserver.dir/Users/elias/pico/pico-sdk/src/rp2_common/pico_cyw43_driver/cyw43_bus_pio_spi.c.obj
                0x1000cd9c                cyw43_read_reg_u8
 *fill*         0x1000cda6        0x2 
 .text.write_reg_u32_swap
                0x1000cda8       0x34 CMakeFiles/pico_w_webserver.dir/Users/elias/pico/pico-sdk/src/rp2_common/pico_cyw43_driver/cyw43_bus_pio_spi.c.obj
                0x1000cda8                write_reg_u32_swap
 .text.cyw43_write_reg_u32
                0x1000cddc       0x10 CMakeFiles/pico_w_webserver.dir/Users/elias/pico/pico-sdk/src/rp2_common/pico_cyw43_driver/cyw43_bus_pio_spi.c.obj
                0x1000cddc                cyw43_write_reg_u32
 .text.cyw43_write_reg_u16
                0x1000cdec       0x10 CMakeFiles/pico_w_webserver.dir/Users/elias/pico/pico-sdk/src/rp2_common/pico_cyw43_driver/cyw43_bus_pio_spi.c.obj
                0x1000cdec                cyw43_write_reg_u16
 .text.cyw43_write_reg_u8
                0x1000cdfc       0x10 CMakeFiles/pico_w_webserver.dir/Users/elias/pico/pico-sdk/src/rp2_common/pico_cyw43_driver/cyw43_bus_pio_spi.c.obj
                0x1000cdfc                cyw43_write_reg_u8
 .text.cyw43_read_bytes
                0x1000ce0c       0xfc CMakeFiles/pico_w_webserver.dir/Users/elias/pico/pico-sdk/src/rp2_common/pico_cyw43_driver/cyw43_bus_pio_spi.c.obj
                0x1000ce0c                cyw43_read_bytes
 .text.cyw43_write_bytes
                0x1000cf08      0x124 CMakeFiles/pico_w_webserver.dir/Users/elias/pico/pico-sdk/src/rp2_common/pico_cyw43_driver/cyw43_bus_pio_spi.c.obj
                0x1000cf08                cyw43_write_bytes
 .text.get_core_address
                0x1000d02c       0x1c CMakeFiles/pico_w_webserver.dir/Users/elias/pico/pico-sdk/lib/cyw43-driver/src/cyw43_ll.c.obj
 .text.sdpcm_process_rx_packet
                0x1000d048      0x180 CMakeFiles/pico_w_webserver.dir/Users/elias/pico/pico-sdk/lib/cyw43-driver/src/cyw43_ll.c.obj
 .text.cyw43_ll_wifi_parse_scan_result
                0x1000d1c8       0x9c CMakeFiles/pico_w_webserver.dir/Users/elias/pico/pico-sdk/lib/cyw43-driver/src/cyw43_ll.c.obj
 .text.cyw43_ll_parse_async_event
                0x1000d264       0x8e CMakeFiles/pico_w_webserver.dir/Users/elias/pico/pico-sdk/lib/cyw43-driver/src/cyw43_ll.c.obj
 *fill*         0x1000d2f2        0x2 
 .text.cyw43_kso_set
                0x1000d2f4       0x98 CMakeFiles/pico_w_webserver.dir/Users/elias/pico/pico-sdk/lib/cyw43-driver/src/cyw43_ll.c.obj
 .text.cyw43_ll_bus_sleep_helper
                0x1000d38c        0xe CMakeFiles/pico_w_webserver.dir/Users/elias/pico/pico-sdk/lib/cyw43-driver/src/cyw43_ll.c.obj
 *fill*         0x1000d39a        0x2 
 .text.cyw43_read_reg
                0x1000d39c       0x48 CMakeFiles/pico_w_webserver.dir/Users/elias/pico/pico-sdk/lib/cyw43-driver/src/cyw43_ll.c.obj
 .text.cyw43_write_reg
                0x1000d3e4       0x4c CMakeFiles/pico_w_webserver.dir/Users/elias/pico/pico-sdk/lib/cyw43-driver/src/cyw43_ll.c.obj
 .text.cyw43_set_backplane_window
                0x1000d430       0x78 CMakeFiles/pico_w_webserver.dir/Users/elias/pico/pico-sdk/lib/cyw43-driver/src/cyw43_ll.c.obj
 .text.cyw43_read_backplane
                0x1000d4a8       0x30 CMakeFiles/pico_w_webserver.dir/Users/elias/pico/pico-sdk/lib/cyw43-driver/src/cyw43_ll.c.obj
 .text.disable_device_core
                0x1000d4d8       0x3c CMakeFiles/pico_w_webserver.dir/Users/elias/pico/pico-sdk/lib/cyw43-driver/src/cyw43_ll.c.obj
 .text.device_core_is_up
                0x1000d514       0x4c CMakeFiles/pico_w_webserver.dir/Users/elias/pico/pico-sdk/lib/cyw43-driver/src/cyw43_ll.c.obj
 .text.cyw43_write_backplane
                0x1000d560       0x34 CMakeFiles/pico_w_webserver.dir/Users/elias/pico/pico-sdk/lib/cyw43-driver/src/cyw43_ll.c.obj
 .text.reset_device_core
                0x1000d594       0x74 CMakeFiles/pico_w_webserver.dir/Users/elias/pico/pico-sdk/lib/cyw43-driver/src/cyw43_ll.c.obj
 .text.cyw43_download_resource
                0x1000d608      0x17c CMakeFiles/pico_w_webserver.dir/Users/elias/pico/pico-sdk/lib/cyw43-driver/src/cyw43_ll.c.obj
 .text.cyw43_ll_init
                0x1000d784       0x20 CMakeFiles/pico_w_webserver.dir/Users/elias/pico/pico-sdk/lib/cyw43-driver/src/cyw43_ll.c.obj
                0x1000d784                cyw43_ll_init
 .text.cyw43_ll_deinit
                0x1000d7a4        0x8 CMakeFiles/pico_w_webserver.dir/Users/elias/pico/pico-sdk/lib/cyw43-driver/src/cyw43_ll.c.obj
                0x1000d7a4                cyw43_ll_deinit
 .text.cyw43_ll_bus_sleep
                0x1000d7ac       0x34 CMakeFiles/pico_w_webserver.dir/Users/elias/pico/pico-sdk/lib/cyw43-driver/src/cyw43_ll.c.obj
                0x1000d7ac                cyw43_ll_bus_sleep
 .text.cyw43_ll_sdpcm_poll_device
                0x1000d7e0      0x158 CMakeFiles/pico_w_webserver.dir/Users/elias/pico/pico-sdk/lib/cyw43-driver/src/cyw43_ll.c.obj
 .text.cyw43_ll_process_packets
                0x1000d938       0x60 CMakeFiles/pico_w_webserver.dir/Users/elias/pico/pico-sdk/lib/cyw43-driver/src/cyw43_ll.c.obj
                0x1000d938                cyw43_ll_process_packets