Archive member included to satisfy reference by file (symbol)

c:/progra~1/raspbe~1/picosd~1.1/gcc-ar~1/bin/../lib/gcc/arm-none-eabi/10.3.1/thumb/v6-m/nofp\libgcc.a(_dvmd_tls.o)
                              robot_car/magnetometer/CMakeFiles/magnetometer.dir/C_/Program_Files/Raspberry_Pi/Pico_SDK_v1.5.1/pico-sdk/src/rp2_common/pico_divider/divider.S.obj (__aeabi_idiv0)
c:/progra~1/raspbe~1/picosd~1.1/gcc-ar~1/bin/../lib/gcc/arm-none-eabi/10.3.1/../../../../arm-none-eabi/lib/thumb/v6-m/nofp\libg.a(lib_a-calloc.o)
                              robot_car/magnetometer/CMakeFiles/magnetometer.dir/C_/Program_Files/Raspberry_Pi/Pico_SDK_v1.5.1/pico-sdk/src/rp2_common/pico_malloc/pico_malloc.c.obj (calloc)
c:/progra~1/raspbe~1/picosd~1.1/gcc-ar~1/bin/../lib/gcc/arm-none-eabi/10.3.1/../../../../arm-none-eabi/lib/thumb/v6-m/nofp\libg.a(lib_a-callocr.o)
                              c:/progra~1/raspbe~1/picosd~1.1/gcc-ar~1/bin/../lib/gcc/arm-none-eabi/10.3.1/../../../../arm-none-eabi/lib/thumb/v6-m/nofp\libg.a(lib_a-calloc.o) (_calloc_r)
c:/progra~1/raspbe~1/picosd~1.1/gcc-ar~1/bin/../lib/gcc/arm-none-eabi/10.3.1/../../../../arm-none-eabi/lib/thumb/v6-m/nofp\libg.a(lib_a-errno.o)
                              c:/progra~1/raspbe~1/picosd~1.1/gcc-ar~1/bin/../lib/gcc/arm-none-eabi/10.3.1/../../../../arm-none-eabi/lib/thumb/v6-m/nofp\libg.a(lib_a-callocr.o) (__errno)
c:/progra~1/raspbe~1/picosd~1.1/gcc-ar~1/bin/../lib/gcc/arm-none-eabi/10.3.1/../../../../arm-none-eabi/lib/thumb/v6-m/nofp\libg.a(lib_a-impure.o)
                              c:/progra~1/raspbe~1/picosd~1.1/gcc-ar~1/bin/../lib/gcc/arm-none-eabi/10.3.1/../../../../arm-none-eabi/lib/thumb/v6-m/nofp\libg.a(lib_a-calloc.o) (_impure_ptr)
c:/progra~1/raspbe~1/picosd~1.1/gcc-ar~1/bin/../lib/gcc/arm-none-eabi/10.3.1/../../../../arm-none-eabi/lib/thumb/v6-m/nofp\libg.a(lib_a-init.o)
                              c:/progra~1/raspbe~1/picosd~1.1/gcc-ar~1/bin/../lib/gcc/arm-none-eabi/10.3.1/../../../../arm-none-eabi/lib/thumb/v6-m/nofp/crt0.o (__libc_init_array)
c:/progra~1/raspbe~1/picosd~1.1/gcc-ar~1/bin/../lib/gcc/arm-none-eabi/10.3.1/../../../../arm-none-eabi/lib/thumb/v6-m/nofp\libg.a(lib_a-malloc.o)
                              robot_car/magnetometer/CMakeFiles/magnetometer.dir/C_/Program_Files/Raspberry_Pi/Pico_SDK_v1.5.1/pico-sdk/src/rp2_common/pico_malloc/pico_malloc.c.obj (malloc)
c:/progra~1/raspbe~1/picosd~1.1/gcc-ar~1/bin/../lib/gcc/arm-none-eabi/10.3.1/../../../../arm-none-eabi/lib/thumb/v6-m/nofp\libg.a(lib_a-mallocr.o)
                              c:/progra~1/raspbe~1/picosd~1.1/gcc-ar~1/bin/../lib/gcc/arm-none-eabi/10.3.1/../../../../arm-none-eabi/lib/thumb/v6-m/nofp\libg.a(lib_a-callocr.o) (_malloc_r)
c:/progra~1/raspbe~1/picosd~1.1/gcc-ar~1/bin/../lib/gcc/arm-none-eabi/10.3.1/../../../../arm-none-eabi/lib/thumb/v6-m/nofp\libg.a(lib_a-mlock.o)
                              c:/progra~1/raspbe~1/picosd~1.1/gcc-ar~1/bin/../lib/gcc/arm-none-eabi/10.3.1/../../../../arm-none-eabi/lib/thumb/v6-m/nofp\libg.a(lib_a-mallocr.o) (__malloc_lock)
c:/progra~1/raspbe~1/picosd~1.1/gcc-ar~1/bin/../lib/gcc/arm-none-eabi/10.3.1/../../../../arm-none-eabi/lib/thumb/v6-m/nofp\libg.a(lib_a-realloc.o)
                              robot_car/magnetometer/CMakeFiles/magnetometer.dir/C_/Program_Files/Raspberry_Pi/Pico_SDK_v1.5.1/pico-sdk/src/rp2_common/pico_malloc/pico_malloc.c.obj (realloc)
c:/progra~1/raspbe~1/picosd~1.1/gcc-ar~1/bin/../lib/gcc/arm-none-eabi/10.3.1/../../../../arm-none-eabi/lib/thumb/v6-m/nofp\libg.a(lib_a-reallocr.o)
                              c:/progra~1/raspbe~1/picosd~1.1/gcc-ar~1/bin/../lib/gcc/arm-none-eabi/10.3.1/../../../../arm-none-eabi/lib/thumb/v6-m/nofp\libg.a(lib_a-realloc.o) (_realloc_r)
c:/progra~1/raspbe~1/picosd~1.1/gcc-ar~1/bin/../lib/gcc/arm-none-eabi/10.3.1/../../../../arm-none-eabi/lib/thumb/v6-m/nofp\libg.a(lib_a-sbrkr.o)
                              c:/progra~1/raspbe~1/picosd~1.1/gcc-ar~1/bin/../lib/gcc/arm-none-eabi/10.3.1/../../../../arm-none-eabi/lib/thumb/v6-m/nofp\libg.a(lib_a-mallocr.o) (_sbrk_r)
c:/progra~1/raspbe~1/picosd~1.1/gcc-ar~1/bin/../lib/gcc/arm-none-eabi/10.3.1/../../../../arm-none-eabi/lib/thumb/v6-m/nofp\libg.a(lib_a-strlen-stub.o)
                              robot_car/magnetometer/CMakeFiles/magnetometer.dir/C_/Program_Files/Raspberry_Pi/Pico_SDK_v1.5.1/pico-sdk/src/rp2_common/pico_stdio/stdio.c.obj (strlen)
c:/progra~1/raspbe~1/picosd~1.1/gcc-ar~1/bin/../lib/gcc/arm-none-eabi/10.3.1/../../../../arm-none-eabi/lib/thumb/v6-m/nofp\libg.a(lib_a-freer.o)
                              c:/progra~1/raspbe~1/picosd~1.1/gcc-ar~1/bin/../lib/gcc/arm-none-eabi/10.3.1/../../../../arm-none-eabi/lib/thumb/v6-m/nofp\libg.a(lib_a-malloc.o) (_free_r)
c:/progra~1/raspbe~1/picosd~1.1/gcc-ar~1/bin/../lib/gcc/arm-none-eabi/10.3.1/../../../../arm-none-eabi/lib/thumb/v6-m/nofp\libg.a(lib_a-lock.o)
[...]
Memory Configuration

Name             Origin             Length             Attributes
FLASH            0x10000000         0x00200000         xr
RAM              0x20000000         0x00040000         xrw
SCRATCH_X        0x20040000         0x00001000         xrw
SCRATCH_Y        0x20041000         0x00001000         xrw
*default*        0x00000000         0xffffffff

Linker script and memory map

LOAD c:/progra~1/raspbe~1/picosd~1.1/gcc-ar~1/bin/../lib/gcc/arm-none-eabi/10.3.1/thumb/v6-m/nofp/crti.o
LOAD c:/progra~1/raspbe~1/picosd~1.1/gcc-ar~1/bin/../lib/gcc/arm-none-eabi/10.3.1/thumb/v6-m/nofp/crtbegin.o
LOAD c:/progra~1/raspbe~1/picosd~1.1/gcc-ar~1/bin/../lib/gcc/arm-none-eabi/10.3.1/../../../../arm-none-eabi/lib/thumb/v6-m/nofp/crt0.o

.flash_begin    0x10000000        0x0
                0x10000000                __flash_binary_start = .

.boot2          0x10000000      0x100
                0x10000000                __boot2_start__ = .
 *(.boot2)
 .boot2         0x10000000      0x100 C:\Users\mohdr\AppData\Local\Temp\cc4NySoM.o
                0x10000100                __boot2_end__ = .
                0x00000001                ASSERT (((__boot2_end__ - __boot2_start__) == 0x100), ERROR: Pico second stage bootloader must be 256 bytes in size)

.text           0x10000100     0x71a8
                0x10000100                __logical_binary_start = .
 *(.vectors)
 .vectors       0x10000100       0xd4 robot_car/magnetometer/CMakeFiles/magnetometer.dir/C_/Program_Files/Raspberry_Pi/Pico_SDK_v1.5.1/pico-sdk/src/rp2_common/pico_standard_link/crt0.S.obj
                0x10000100                __VECTOR_TABLE
                0x10000100                __vectors
                0x100001c0                isr_invalid
                0x100001c0                __default_isrs_start
                0x100001c2                isr_nmi
                0x100001c4                isr_hardfault
                0x100001c6                isr_svcall
                0x100001c8                isr_pendsv
                0x100001ca                isr_systick
                0x100001cc                isr_irq23
                0x100001cc                isr_irq18
                0x100001cc                isr_irq11
                0x100001cc                isr_irq28
                0x100001cc                isr_irq19
                0x100001cc                isr_irq0
                0x100001cc                isr_irq6
                0x100001cc                isr_irq5
                0x100001cc                isr_irq12
                0x100001cc                isr_irq22
                0x100001cc                isr_irq31
                0x100001cc                isr_irq17
                0x100001cc                isr_irq27
                0x100001cc                isr_irq30
                0x100001cc                isr_irq2
                0x100001cc                isr_irq10
                0x100001cc                isr_irq8
                0x100001cc                isr_irq24
                0x100001cc                isr_irq1
                0x100001cc                isr_irq7
                0x100001cc                isr_irq21
                0x100001cc                isr_irq20
                0x100001cc                isr_irq15
                0x100001cc                isr_irq25
                0x100001cc                isr_irq13
                0x100001cc                __unhandled_user_irq
                0x100001cc                isr_irq4
                0x100001cc                isr_irq16
                0x100001cc                isr_irq29
                0x100001cc                isr_irq26
                0x100001cc                __default_isrs_end
                0x100001cc                isr_irq3
                0x100001cc                isr_irq14
                0x100001cc                isr_irq9
                0x100001d2                unhandled_user_irq_num_in_r0
 *(.binary_info_header)
 .binary_info_header
                0x100001d4       0x14 robot_car/magnetometer/CMakeFiles/magnetometer.dir/C_/Program_Files/Raspberry_Pi/Pico_SDK_v1.5.1/pico-sdk/src/rp2_common/pico_standard_link/crt0.S.obj
                0x100001e8                __binary_info_header_end = .
 *(.reset)
 .reset         0x100001e8       0xa0 robot_car/magnetometer/CMakeFiles/magnetometer.dir/C_/Program_Files/Raspberry_Pi/Pico_SDK_v1.5.1/pico-sdk/src/rp2_common/pico_standard_link/crt0.S.obj
                0x100001e8                _entry_point
 .reset         0x10000288       0x30 robot_car/magnetometer/CMakeFiles/magnetometer.dir/C_/Program_Files/Raspberry_Pi/Pico_SDK_v1.5.1/pico-sdk/src/rp2_common/pico_standard_link/binary_info.c.obj
 *(.init)
 .init          0x100002b8        0x4 c:/progra~1/raspbe~1/picosd~1.1/gcc-ar~1/bin/../lib/gcc/arm-none-eabi/10.3.1/thumb/v6-m/nofp/crti.o
                0x100002b8                _init
 *(EXCLUDE_FILE(*libm.a: *libc.a:*lib_a-mem*.o *libgcc.a:) .text*)
 .text          0x100002bc       0x48 c:/progra~1/raspbe~1/picosd~1.1/gcc-ar~1/bin/../lib/gcc/arm-none-eabi/10.3.1/thumb/v6-m/nofp/crtbegin.o
 .text.computeMovingAverage
                0x10000304       0x40 robot_car/magnetometer/CMakeFiles/magnetometer.dir/magnetometer.c.obj
                0x10000304                computeMovingAverage
 .text.initializeAccelerometer
                0x10000344       0x40 robot_car/magnetometer/CMakeFiles/magnetometer.dir/magnetometer.c.obj
                0x10000344                initializeAccelerometer
 .text.readAccelerometer
                0x10000384       0x68 robot_car/magnetometer/CMakeFiles/magnetometer.dir/magnetometer.c.obj
                0x10000384                readAccelerometer
 .text.initializeCompass
                0x100003ec       0x4c robot_car/magnetometer/CMakeFiles/magnetometer.dir/magnetometer.c.obj
                0x100003ec                initializeCompass
 .text.initializeMagnetometer
                0x10000438       0x40 robot_car/magnetometer/CMakeFiles/magnetometer.dir/magnetometer.c.obj
                0x10000438                initializeMagnetometer
 .text.readCompassDegrees
                0x10000478      0x2cc robot_car/magnetometer/CMakeFiles/magnetometer.dir/magnetometer.c.obj
                0x10000478                readCompassDegrees
 .text.magnetometerTask
                0x10000744       0x40 robot_car/magnetometer/CMakeFiles/magnetometer.dir/magnetometer.c.obj
                0x10000744                magnetometerTask
 .text.main     0x10000784        0xc robot_car/magnetometer/CMakeFiles/magnetometer.dir/magnetometer.c.obj
                0x10000784                main
 .text.gpio_set_function
                0x10000790       0x30 robot_car/magnetometer/CMakeFiles/magnetometer.dir/C_/Program_Files/Raspberry_Pi/Pico_SDK_v1.5.1/pico-sdk/src/rp2_common/hardware_gpio/gpio.c.obj
                0x10000790                gpio_set_function
 .text.gpio_set_pulls
                0x100007c0       0x34 robot_car/magnetometer/CMakeFiles/magnetometer.dir/C_/Program_Files/Raspberry_Pi/Pico_SDK_v1.5.1/pico-sdk/src/rp2_common/hardware_gpio/gpio.c.obj
                0x100007c0                gpio_set_pulls
 .text.running_on_fpga
                0x100007f4       0x14 robot_car/magnetometer/CMakeFiles/magnetometer.dir/C_/Program_Files/Raspberry_Pi/Pico_SDK_v1.5.1/pico-sdk/src/rp2_common/pico_platform/platform.c.obj
                0x100007f4                running_on_fpga
 .text.hw_claim_lock
                0x10000808       0x18 robot_car/magnetometer/CMakeFiles/magnetometer.dir/C_/Program_Files/Raspberry_Pi/Pico_SDK_v1.5.1/pico-sdk/src/rp2_common/hardware_claim/claim.c.obj
                0x10000808                hw_claim_lock
 .text.hw_claim_unlock
                0x10000820       0x14 robot_car/magnetometer/CMakeFiles/magnetometer.dir/C_/Program_Files/Raspberry_Pi/Pico_SDK_v1.5.1/pico-sdk/src/rp2_common/hardware_claim/claim.c.obj
                0x10000820                hw_claim_unlock
 .text.hw_claim_or_assert
                0x10000834       0x32 robot_car/magnetometer/CMakeFiles/magnetometer.dir/C_/Program_Files/Raspberry_Pi/Pico_SDK_v1.5.1/pico-sdk/src/rp2_common/hardware_claim/claim.c.obj
                0x10000834                hw_claim_or_assert
 .text.hw_claim_unused_from_range
                0x10000866       0x50 robot_car/magnetometer/CMakeFiles/magnetometer.dir/C_/Program_Files/Raspberry_Pi/Pico_SDK_v1.5.1/pico-sdk/src/rp2_common/hardware_claim/claim.c.obj
                0x10000866                hw_claim_unused_from_range
 *fill*         0x100008b6        0x2 
 .text.spin_locks_reset
                0x100008b8       0x20 robot_car/magnetometer/CMakeFiles/magnetometer.dir/C_/Program_Files/Raspberry_Pi/Pico_SDK_v1.5.1/pico-sdk/src/rp2_common/hardware_sync/sync.c.obj
                0x100008b8                spin_locks_reset
 .text.next_striped_spin_lock_num
                0x100008d8       0x1c robot_car/magnetometer/CMakeFiles/magnetometer.dir/C_/Program_Files/Raspberry_Pi/Pico_SDK_v1.5.1/pico-sdk/src/rp2_common/hardware_sync/sync.c.obj
                0x100008d8                next_striped_spin_lock_num
 .text.spin_lock_claim_unused
                0x100008f4       0x20 robot_car/magnetometer/CMakeFiles/magnetometer.dir/C_/Program_Files/Raspberry_Pi/Pico_SDK_v1.5.1/pico-sdk/src/rp2_common/hardware_sync/sync.c.obj
                0x100008f4                spin_lock_claim_unused
 .text.set_raw_irq_handler_and_unlock
                0x10000914       0x28 robot_car/magnetometer/CMakeFiles/magnetometer.dir/C_/Program_Files/Raspberry_Pi/Pico_SDK_v1.5.1/pico-sdk/src/rp2_common/hardware_irq/irq.c.obj
 .text.make_branch
                0x1000093c       0x48 robot_car/magnetometer/CMakeFiles/magnetometer.dir/C_/Program_Files/Raspberry_Pi/Pico_SDK_v1.5.1/pico-sdk/src/rp2_common/hardware_irq/irq.c.obj
 .text.insert_branch_and_link
                0x10000984       0x40 robot_car/magnetometer/CMakeFiles/magnetometer.dir/C_/Program_Files/Raspberry_Pi/Pico_SDK_v1.5.1/pico-sdk/src/rp2_common/hardware_irq/irq.c.obj
 .text.irq_is_enabled
                0x100009c4       0x18 robot_car/magnetometer/CMakeFiles/magnetometer.dir/C_/Program_Files/Raspberry_Pi/Pico_SDK_v1.5.1/pico-sdk/src/rp2_common/hardware_irq/irq.c.obj
                0x100009c4                irq_is_enabled
 .text.irq_set_mask_enabled
                0x100009dc       0x20 robot_car/magnetometer/CMakeFiles/magnetometer.dir/C_/Program_Files/Raspberry_Pi/Pico_SDK_v1.5.1/pico-sdk/src/rp2_common/hardware_irq/irq.c.obj
                0x100009dc                irq_set_mask_enabled
 .text.irq_set_enabled
                0x100009fc        0xe robot_car/magnetometer/CMakeFiles/magnetometer.dir/C_/Program_Files/Raspberry_Pi/Pico_SDK_v1.5.1/pico-sdk/src/rp2_common/hardware_irq/irq.c.obj
                0x100009fc                irq_set_enabled
 *fill*         0x10000a0a        0x2 
 .text.irq_set_pending
                0x10000a0c       0x10 robot_car/magnetometer/CMakeFiles/magnetometer.dir/C_/Program_Files/Raspberry_Pi/Pico_SDK_v1.5.1/pico-sdk/src/rp2_common/hardware_irq/irq.c.obj
                0x10000a0c                irq_set_pending
 .text.irq_get_vtable_handler
                0x10000a1c       0x10 robot_car/magnetometer/CMakeFiles/magnetometer.dir/C_/Program_Files/Raspberry_Pi/Pico_SDK_v1.5.1/pico-sdk/src/rp2_common/hardware_irq/irq.c.obj
                0x10000a1c                irq_get_vtable_handler
 .text.irq_has_shared_handler
                0x10000a2c       0x24 robot_car/magnetometer/CMakeFiles/magnetometer.dir/C_/Program_Files/Raspberry_Pi/Pico_SDK_v1.5.1/pico-sdk/src/rp2_common/hardware_irq/irq.c.obj
                0x10000a2c                irq_has_shared_handler
 .text.irq_set_exclusive_handler
                0x10000a50       0x54 robot_car/magnetometer/CMakeFiles/magnetometer.dir/C_/Program_Files/Raspberry_Pi/Pico_SDK_v1.5.1/pico-sdk/src/rp2_common/hardware_irq/irq.c.obj
                0x10000a50                irq_set_exclusive_handler
 .text.irq_add_shared_handler
                0x10000aa4      0x234 robot_car/magnetometer/CMakeFiles/magnetometer.dir/C_/Program_Files/Raspberry_Pi/Pico_SDK_v1.5.1/pico-sdk/src/rp2_common/hardware_irq/irq.c.obj
                0x10000aa4                irq_add_shared_handler
 .text.irq_remove_handler
                0x10000cd8      0x1ac robot_car/magnetometer/CMakeFiles/magnetometer.dir/C_/Program_Files/Raspberry_Pi/Pico_SDK_v1.5.1/pico-sdk/src/rp2_common/hardware_irq/irq.c.obj
                0x10000cd8                irq_remove_handler
 .text.irq_add_tail_to_free_list
                0x10000e84       0xf0 robot_car/magnetometer/CMakeFiles/magnetometer.dir/C_/Program_Files/Raspberry_Pi/Pico_SDK_v1.5.1/pico-sdk/src/rp2_common/hardware_irq/irq.c.obj
                0x10000e84                irq_add_tail_to_free_list
 .text.irq_init_priorities
                0x10000f74       0x1c robot_car/magnetometer/CMakeFiles/magnetometer.dir/C_/Program_Files/Raspberry_Pi/Pico_SDK_v1.5.1/pico-sdk/src/rp2_common/hardware_irq/irq.c.obj
                0x10000f74                irq_init_priorities
 .text.user_irq_claim_unused
                0x10000f90       0x28 robot_car/magnetometer/CMakeFiles/magnetometer.dir/C_/Program_Files/Raspberry_Pi/Pico_SDK_v1.5.1/pico-sdk/src/rp2_common/hardware_irq/irq.c.obj
                0x10000f90                user_irq_claim_unused
 .text.lock_init
                0x10000fb8       0x10 robot_car/magnetometer/CMakeFiles/magnetometer.dir/C_/Program_Files/Raspberry_Pi/Pico_SDK_v1.5.1/pico-sdk/src/common/pico_sync/lock_core.c.obj
                0x10000fb8                lock_init
 .text.mutex_init
                0x10000fc8       0x1a robot_car/magnetometer/CMakeFiles/magnetometer.dir/C_/Program_Files/Raspberry_Pi/Pico_SDK_v1.5.1/pico-sdk/src/common/pico_sync/mutex.c.obj
                0x10000fc8                mutex_init
 .text.recursive_mutex_init
                0x10000fe2       0x1e robot_car/magnetometer/CMakeFiles/magnetometer.dir/C_/Program_Files/Raspberry_Pi/Pico_SDK_v1.5.1/pico-sdk/src/common/pico_sync/mutex.c.obj
                0x10000fe2                recursive_mutex_init
 .text.critical_section_init_with_lock_num
                0x10001000       0x14 robot_car/magnetometer/CMakeFiles/magnetometer.dir/C_/Program_Files/Raspberry_Pi/Pico_SDK_v1.5.1/pico-sdk/src/common/pico_sync/critical_section.c.obj
                0x10001000                critical_section_init_with_lock_num
 .text.critical_section_init
                0x10001014       0x14 robot_car/magnetometer/CMakeFiles/magnetometer.dir/C_/Program_Files/Raspberry_Pi/Pico_SDK_v1.5.1/pico-sdk/src/common/pico_sync/critical_section.c.obj
                0x10001014                critical_section_init
 .text.alarm_pool_post_alloc_init
                0x10001028       0x40 robot_car/magnetometer/CMakeFiles/magnetometer.dir/C_/Program_Files/Raspberry_Pi/Pico_SDK_v1.5.1/pico-sdk/src/common/pico_time/time.c.obj
 .text.sleep_until_callback
                0x10001068       0x30 robot_car/magnetometer/CMakeFiles/magnetometer.dir/C_/Program_Files/Raspberry_Pi/Pico_SDK_v1.5.1/pico-sdk/src/common/pico_time/time.c.obj
 .text.timer_pool_entry_comparator
                0x10001098       0x7c robot_car/magnetometer/CMakeFiles/magnetometer.dir/C_/Program_Files/Raspberry_Pi/Pico_SDK_v1.5.1/pico-sdk/src/common/pico_time/time.c.obj
                0x10001098                timer_pool_entry_comparator
 .text.ph_add_child_node
                0x10001114       0xa4 robot_car/magnetometer/CMakeFiles/magnetometer.dir/C_/Program_Files/Raspberry_Pi/Pico_SDK_v1.5.1/pico-sdk/src/common/pico_time/time.c.obj
 .text.ph_merge_nodes
                0x100011b8       0x3e robot_car/magnetometer/CMakeFiles/magnetometer.dir/C_/Program_Files/Raspberry_Pi/Pico_SDK_v1.5.1/pico-sdk/src/common/pico_time/time.c.obj
 *fill*         0x100011f6        0x2 
 .text.add_alarm_under_lock
                0x100011f8      0x174 robot_car/magnetometer/CMakeFiles/magnetometer.dir/C_/Program_Files/Raspberry_Pi/Pico_SDK_v1.5.1/pico-sdk/src/common/pico_time/time.c.obj
 .text.alarm_pool_alarm_callback
                0x1000136c      0x33c robot_car/magnetometer/CMakeFiles/magnetometer.dir/C_/Program_Files/Raspberry_Pi/Pico_SDK_v1.5.1/pico-sdk/src/common/pico_time/time.c.obj
 .text.alarm_pool_init_default
                0x100016a8       0x40 robot_car/magnetometer/CMakeFiles/magnetometer.dir/C_/Program_Files/Raspberry_Pi/Pico_SDK_v1.5.1/pico-sdk/src/common/pico_time/time.c.obj
                0x100016a8                alarm_pool_init_default
 .text.alarm_pool_get_default
                0x100016e8       0x2c robot_car/magnetometer/CMakeFiles/magnetometer.dir/C_/Program_Files/Raspberry_Pi/Pico_SDK_v1.5.1/pico-sdk/src/common/pico_time/time.c.obj
                0x100016e8                alarm_pool_get_default
 .text.alarm_pool_add_alarm_at
                0x10001714      0x168 robot_car/magnetometer/CMakeFiles/magnetometer.dir/C_/Program_Files/Raspberry_Pi/Pico_SDK_v1.5.1/pico-sdk/src/common/pico_time/time.c.obj
                0x10001714                alarm_pool_add_alarm_at
 .text.alarm_pool_cancel_alarm
                0x1000187c       0xf8 robot_car/magnetometer/CMakeFiles/magnetometer.dir/C_/Program_Files/Raspberry_Pi/Pico_SDK_v1.5.1/pico-sdk/src/common/pico_time/time.c.obj
                0x1000187c                alarm_pool_cancel_alarm
 .text.alarm_pool_core_num
                0x10001974        0x4 robot_car/magnetometer/CMakeFiles/magnetometer.dir/C_/Program_Files/Raspberry_Pi/Pico_SDK_v1.5.1/pico-sdk/src/common/pico_time/time.c.obj
                0x10001974                alarm_pool_core_num
 .text.best_effort_wfe_or_timeout
                0x10001978       0xac robot_car/magnetometer/CMakeFiles/magnetometer.dir/C_/Program_Files/Raspberry_Pi/Pico_SDK_v1.5.1/pico-sdk/src/common/pico_time/time.c.obj
                0x10001978                best_effort_wfe_or_timeout
 .text.hardware_alarm_irq_handler
                0x10001a24       0x90 robot_car/magnetometer/CMakeFiles/magnetometer.dir/C_/Program_Files/Raspberry_Pi/Pico_SDK_v1.5.1/pico-sdk/src/rp2_common/hardware_timer/timer.c.obj
 .text.hardware_alarm_claim
                0x10001ab4       0x18 robot_car/magnetometer/CMakeFiles/magnetometer.dir/C_/Program_Files/Raspberry_Pi/Pico_SDK_v1.5.1/pico-sdk/src/rp2_common/hardware_timer/timer.c.obj
                0x10001ab4                hardware_alarm_claim
 .text.time_us_64
                0x10001acc       0x18 robot_car/magnetometer/CMakeFiles/magnetometer.dir/C_/Program_Files/Raspberry_Pi/Pico_SDK_v1.5.1/pico-sdk/src/rp2_common/hardware_timer/timer.c.obj
                0x10001acc                time_us_64
 .text.hardware_alarm_set_callback
                0x10001ae4       0x90 robot_car/magnetometer/CMakeFiles/magnetometer.dir/C_/Program_Files/Raspberry_Pi/Pico_SDK_v1.5.1/pico-sdk/src/rp2_common/hardware_timer/timer.c.obj
                0x10001ae4                hardware_alarm_set_callback
 .text.hardware_alarm_set_target
                0x10001b74       0xe8 robot_car/magnetometer/CMakeFiles/magnetometer.dir/C_/Program_Files/Raspberry_Pi/Pico_SDK_v1.5.1/pico-sdk/src/rp2_common/hardware_timer/timer.c.obj
                0x10001b74                hardware_alarm_set_target
 .text.hardware_alarm_cancel
                0x10001c5c       0x40 robot_car/magnetometer/CMakeFiles/magnetometer.dir/C_/Program_Files/Raspberry_Pi/Pico_SDK_v1.5.1/pico-sdk/src/rp2_common/hardware_timer/timer.c.obj
                0x10001c5c                hardware_alarm_cancel
 .text.ph_add_child_node
                0x10001c9c       0xa4 robot_car/magnetometer/CMakeFiles/magnetometer.dir/C_/Program_Files/Raspberry_Pi/Pico_SDK_v1.5.1/pico-sdk/src/common/pico_util/pheap.c.obj
 .text.ph_merge_nodes
                0x10001d40       0x3e robot_car/magnetometer/CMakeFiles/magnetometer.dir/C_/Program_Files/Raspberry_Pi/Pico_SDK_v1.5.1/pico-sdk/src/common/pico_util/pheap.c.obj
 *fill*         0x10001d7e        0x2 
 .text.ph_clear
                0x10001d80       0x70 robot_car/magnetometer/CMakeFiles/magnetometer.dir/C_/Program_Files/Raspberry_Pi/Pico_SDK_v1.5.1/pico-sdk/src/common/pico_util/pheap.c.obj
                0x10001d80                ph_clear
 .text.ph_post_alloc_init
                0x10001df0        0xe robot_car/magnetometer/CMakeFiles/magnetometer.dir/C_/Program_Files/Raspberry_Pi/Pico_SDK_v1.5.1/pico-sdk/src/common/pico_util/pheap.c.obj
                0x10001df0                ph_post_alloc_init
 *fill*         0x10001dfe        0x2 
 .text.ph_merge_two_pass
                0x10001e00       0xa8 robot_car/magnetometer/CMakeFiles/magnetometer.dir/C_/Program_Files/Raspberry_Pi/Pico_SDK_v1.5.1/pico-sdk/src/common/pico_util/pheap.c.obj
                0x10001e00                ph_merge_two_pass
 .text.ph_remove_any_head
                0x10001ea8      0x128 robot_car/magnetometer/CMakeFiles/magnetometer.dir/C_/Program_Files/Raspberry_Pi/Pico_SDK_v1.5.1/pico-sdk/src/common/pico_util/pheap.c.obj
 .text.ph_remove_head
                0x10001fd0       0x14 robot_car/magnetometer/CMakeFiles/magnetometer.dir/C_/Program_Files/Raspberry_Pi/Pico_SDK_v1.5.1/pico-sdk/src/common/pico_util/pheap.c.obj
                0x10001fd0                ph_remove_head
 .text.ph_remove_and_free_node
                0x10001fe4       0xf8 robot_car/magnetometer/CMakeFiles/magnetometer.dir/C_/Program_Files/Raspberry_Pi/Pico_SDK_v1.5.1/pico-sdk/src/common/pico_util/pheap.c.obj
                0x10001fe4                ph_remove_and_free_node
 .text.clock_configure
                0x100020dc      0x108 robot_car/magnetometer/CMakeFiles/magnetometer.dir/C_/Program_Files/Raspberry_Pi/Pico_SDK_v1.5.1/pico-sdk/src/rp2_common/hardware_clocks/clocks.c.obj
                0x100020dc                clock_configure
 .text.clocks_init
                0x100021e4      0x100 robot_car/magnetometer/CMakeFiles/magnetometer.dir/C_/Program_Files/Raspberry_Pi/Pico_SDK_v1.5.1/pico-sdk/src/rp2_common/hardware_clocks/clocks.c.obj
                0x100021e4                clocks_init
 .text.clock_get_hz
                0x100022e4        0xc robot_car/magnetometer/CMakeFiles/magnetometer.dir/C_/Program_Files/Raspberry_Pi/Pico_SDK_v1.5.1/pico-sdk/src/rp2_common/hardware_clocks/clocks.c.obj
                0x100022e4                clock_get_hz
 .text.pll_init
                0x100022f0      0x120 robot_car/magnetometer/CMakeFiles/magnetometer.dir/C_/Program_Files/Raspberry_Pi/Pico_SDK_v1.5.1/pico-sdk/src/rp2_common/hardware_pll/pll.c.obj
                0x100022f0                pll_init
 .text.watchdog_start_tick
                0x10002410       0x10 robot_car/magnetometer/CMakeFiles/magnetometer.dir/C_/Program_Files/Raspberry_Pi/Pico_SDK_v1.5.1/pico-sdk/src/rp2_common/hardware_watchdog/watchdog.c.obj
                0x10002410                watchdog_start_tick
 .text.watchdog_update
                0x10002420       0x14 robot_car/magnetometer/CMakeFiles/magnetometer.dir/C_/Program_Files/Raspberry_Pi/Pico_SDK_v1.5.1/pico-sdk/src/rp2_common/hardware_watchdog/watchdog.c.obj
                0x10002420                watchdog_update
 .text._watchdog_enable
                0x10002434       0x78 robot_car/magnetometer/CMakeFiles/magnetometer.dir/C_/Program_Files/Raspberry_Pi/Pico_SDK_v1.5.1/pico-sdk/src/rp2_common/hardware_watchdog/watchdog.c.obj
                0x10002434                _watchdog_enable
 .text.watchdog_reboot
                0x100024ac       0x48 robot_car/magnetometer/CMakeFiles/magnetometer.dir/C_/Program_Files/Raspberry_Pi/Pico_SDK_v1.5.1/pico-sdk/src/rp2_common/hardware_watchdog/watchdog.c.obj
                0x100024ac                watchdog_reboot
 .text.xosc_init
                0x100024f4       0x28 robot_car/magnetometer/CMakeFiles/magnetometer.dir/C_/Program_Files/Raspberry_Pi/Pico_SDK_v1.5.1/pico-sdk/src/rp2_common/hardware_xosc/xosc.c.obj
                0x100024f4                xosc_init
 .text._exit    0x1000251c        0x4 robot_car/magnetometer/CMakeFiles/magnetometer.dir/C_/Program_Files/Raspberry_Pi/Pico_SDK_v1.5.1/pico-sdk/src/rp2_common/pico_runtime/runtime.c.obj
                0x1000251c                _exit
 .text.exit     0x10002520        0x6 robot_car/magnetometer/CMakeFiles/magnetometer.dir/C_/Program_Files/Raspberry_Pi/Pico_SDK_v1.5.1/pico-sdk/src/rp2_common/pico_runtime/runtime.c.obj
                0x10002520                exit
 *fill*         0x10002526        0x2 
 .text.__assert_func
                0x10002528       0x3c robot_car/magnetometer/CMakeFiles/magnetometer.dir/C_/Program_Files/Raspberry_Pi/Pico_SDK_v1.5.1/pico-sdk/src/rp2_common/pico_runtime/runtime.c.obj
                0x10002528                __assert_func
 .text.runtime_init
                0x10002564       0xf8 robot_car/magnetometer/CMakeFiles/magnetometer.dir/C_/Program_Files/Raspberry_Pi/Pico_SDK_v1.5.1/pico-sdk/src/rp2_common/pico_runtime/runtime.c.obj
                0x10002564                runtime_init
 .text.panic    0x1000265c       0x30 robot_car/magnetometer/CMakeFiles/magnetometer.dir/C_/Program_Files/Raspberry_Pi/Pico_SDK_v1.5.1/pico-sdk/src/rp2_common/pico_runtime/runtime.c.obj
                0x1000265c                panic
 .text._out_null
                0x1000268c        0x2 robot_car/magnetometer/CMakeFiles/magnetometer.dir/C_/Program_Files/Raspberry_Pi/Pico_SDK_v1.5.1/pico-sdk/src/rp2_common/pico_printf/printf.c.obj
 .text._out_fct
                0x1000268e        0xe robot_car/magnetometer/CMakeFiles/magnetometer.dir/C_/Program_Files/Raspberry_Pi/Pico_SDK_v1.5.1/pico-sdk/src/rp2_common/pico_printf/printf.c.obj
 .text._atoi    0x1000269c       0x24 robot_car/magnetometer/CMakeFiles/magnetometer.dir/C_/Program_Files/Raspberry_Pi/Pico_SDK_v1.5.1/pico-sdk/src/rp2_common/pico_printf/printf.c.obj
 .text._out_rev
                0x100026c0       0xae robot_car/magnetometer/CMakeFiles/magnetometer.dir/C_/Program_Files/Raspberry_Pi/Pico_SDK_v1.5.1/pico-sdk/src/rp2_common/pico_printf/printf.c.obj
 .text._ntoa_format
                0x1000276e      0x112 robot_car/magnetometer/CMakeFiles/magnetometer.dir/C_/Program_Files/Raspberry_Pi/Pico_SDK_v1.5.1/pico-sdk/src/rp2_common/pico_printf/printf.c.obj
 .text._ntoa_long
                0x10002880       0xbc robot_car/magnetometer/CMakeFiles/magnetometer.dir/C_/Program_Files/Raspberry_Pi/Pico_SDK_v1.5.1/pico-sdk/src/rp2_common/pico_printf/printf.c.obj
 .text._ntoa_long_long
                0x1000293c       0xe2 robot_car/magnetometer/CMakeFiles/magnetometer.dir/C_/Program_Files/Raspberry_Pi/Pico_SDK_v1.5.1/pico-sdk/src/rp2_common/pico_printf/printf.c.obj
 *fill*         0x10002a1e        0x2 
 .text._etoa    0x10002a20      0x414 robot_car/magnetometer/CMakeFiles/magnetometer.dir/C_/Program_Files/Raspberry_Pi/Pico_SDK_v1.5.1/pico-sdk/src/rp2_common/pico_printf/printf.c.obj
 .text._ftoa    0x10002e34      0x354 robot_car/magnetometer/CMakeFiles/magnetometer.dir/C_/Program_Files/Raspberry_Pi/Pico_SDK_v1.5.1/pico-sdk/src/rp2_common/pico_printf/printf.c.obj
 .text._vsnprintf
                0x10003188      0x624 robot_car/magnetometer/CMakeFiles/magnetometer.dir/C_/Program_Files/Raspberry_Pi/Pico_SDK_v1.5.1/pico-sdk/src/rp2_common/pico_printf/printf.c.obj
 .text.vfctprintf
                0x100037ac       0x20 robot_car/magnetometer/CMakeFiles/magnetometer.dir/C_/Program_Files/Raspberry_Pi/Pico_SDK_v1.5.1/pico-sdk/src/rp2_common/pico_printf/printf.c.obj
                0x100037ac                vfctprintf
 .text          0x100037cc       0x10 robot_car/magnetometer/CMakeFiles/magnetometer.dir/C_/Program_Files/Raspberry_Pi/Pico_SDK_v1.5.1/pico-sdk/src/rp2_common/pico_bit_ops/bit_ops_aeabi.S.obj
 .text.rom_func_lookup
                0x100037dc       0x10 robot_car/magnetometer/CMakeFiles/magnetometer.dir/C_/Program_Files/Raspberry_Pi/Pico_SDK_v1.5.1/pico-sdk/src/rp2_common/pico_bootrom/bootrom.c.obj
                0x100037dc                rom_func_lookup
 .text.rom_data_lookup
                0x100037ec       0x10 robot_car/magnetometer/CMakeFiles/magnetometer.dir/C_/Program_Files/Raspberry_Pi/Pico_SDK_v1.5.1/pico-sdk/src/rp2_common/pico_bootrom/bootrom.c.obj
                0x100037ec                rom_data_lookup
 .text.rom_funcs_lookup
                0x100037fc       0x36 robot_car/magnetometer/CMakeFiles/magnetometer.dir/C_/Program_Files/Raspberry_Pi/Pico_SDK_v1.5.1/pico-sdk/src/rp2_common/pico_bootrom/bootrom.c.obj
                0x100037fc                rom_funcs_lookup
 *fill*         0x10003832        0x2 
 .text.__wrap___aeabi_idiv
                0x10003834       0x50 robot_car/magnetometer/CMakeFiles/magnetometer.dir/C_/Program_Files/Raspberry_Pi/Pico_SDK_v1.5.1/pico-sdk/src/rp2_common/pico_divider/divider.S.obj
                0x10003834                __wrap___aeabi_idivmod
                0x10003834                divmod_s32s32
                0x10003834                div_s32s32
                0x10003834                __wrap___aeabi_idiv
                0x1000383c                divmod_s32s32_unsafe
                0x10003868                divmod_s32s32_savestate
 .text.__wrap___aeabi_uidiv
                0x10003884       0x4c robot_car/magnetometer/CMakeFiles/magnetometer.dir/C_/Program_Files/Raspberry_Pi/Pico_SDK_v1.5.1/pico-sdk/src/rp2_common/pico_divider/divider.S.obj
                0x10003884                __wrap___aeabi_uidiv
                0x10003884                __wrap___aeabi_uidivmod
                0x10003884                div_u32u32
                0x10003884                divmod_u32u32
                0x1000388c                divmod_u32u32_unsafe
                0x100038b4                divmod_u32u32_savestate
 .text.__wrap___aeabi_ldiv
                0x100038d0      0x424 robot_car/magnetometer/CMakeFiles/magnetometer.dir/C_/Program_Files/Raspberry_Pi/Pico_SDK_v1.5.1/pico-sdk/src/rp2_common/pico_divider/divider.S.obj
                0x100038d0                div_s64s64
                0x100038d0                divmod_s64s64
                0x100038d0                __wrap___aeabi_ldivmod
                0x10003900                divmod_u64u64
                0x10003900                div_u64u64
                0x10003900                __wrap___aeabi_uldivmod
                0x10003910                divmod_u64u64_savestate
                0x10003930                divmod_s64s64_unsafe
                0x100039b8                divmod_u64u64_unsafe
 .text.__wrap___aeabi_darithmetic
                0x10003cf4       0x60 robot_car/magnetometer/CMakeFiles/magnetometer.dir/C_/Program_Files/Raspberry_Pi/Pico_SDK_v1.5.1/pico-sdk/src/rp2_common/pico_double/double_aeabi.S.obj
                0x10003cf4                __wrap___aeabi_drsub
                0x10003cfa                __wrap___aeabi_dsub
                0x10003d04                __wrap___aeabi_dadd
                0x10003d0e                __wrap___aeabi_ddiv
                0x10003d42                __wrap___aeabi_dmul
 .text.__wrap___aeabi_cdcmple
                0x10003d54       0x6c robot_car/magnetometer/CMakeFiles/magnetometer.dir/C_/Program_Files/Raspberry_Pi/Pico_SDK_v1.5.1/pico-sdk/src/rp2_common/pico_double/double_aeabi.S.obj
                0x10003d54                __wrap___aeabi_cdrcmple
                0x10003d64                __wrap___aeabi_cdcmpeq
                0x10003d64                __wrap___aeabi_cdcmple
 .text.__wrap___aeabi_dcmplt
                0x10003dc0        0xc robot_car/magnetometer/CMakeFiles/magnetometer.dir/C_/Program_Files/Raspberry_Pi/Pico_SDK_v1.5.1/pico-sdk/src/rp2_common/pico_double/double_aeabi.S.obj
                0x10003dc0                __wrap___aeabi_dcmplt
 .text.__wrap___aeabi_dcmple
                0x10003dcc       0x10 robot_car/magnetometer/CMakeFiles/magnetometer.dir/C_/Program_Files/Raspberry_Pi/Pico_SDK_v1.5.1/pico-sdk/src/rp2_common/pico_double/double_aeabi.S.obj
                0x10003dcc                __wrap___aeabi_dcmple
 .text.__wrap___aeabi_dcmpge
                0x10003ddc       0x10 robot_car/magnetometer/CMakeFiles/magnetometer.dir/C_/Program_Files/Raspberry_Pi/Pico_SDK_v1.5.1/pico-sdk/src/rp2_common/pico_double/double_aeabi.S.obj
                0x10003ddc                __wrap___aeabi_dcmpge
 .text.__wrap___aeabi_dcmpgt
                0x10003dec        0xa robot_car/magnetometer/CMakeFiles/magnetometer.dir/C_/Program_Files/Raspberry_Pi/Pico_SDK_v1.5.1/pico-sdk/src/rp2_common/pico_double/double_aeabi.S.obj
                0x10003dec                __wrap___aeabi_dcmpgt
 .text.__wrap___aeabi_dcmpun
                0x10003df6       0x1c robot_car/magnetometer/CMakeFiles/magnetometer.dir/C_/Program_Files/Raspberry_Pi/Pico_SDK_v1.5.1/pico-sdk/src/rp2_common/pico_double/double_aeabi.S.obj
                0x10003df6                __wrap___aeabi_dcmpun
 *fill*         0x10003e12        0x2 
 .text.__wrap___aeabi_i2d
                0x10003e14       0x38 robot_car/magnetometer/CMakeFiles/magnetometer.dir/C_/Program_Files/Raspberry_Pi/Pico_SDK_v1.5.1/pico-sdk/src/rp2_common/pico_double/double_aeabi.S.obj
                0x10003e14                __wrap___aeabi_ui2d
                0x10003e1c                __wrap___aeabi_i2d
 .text.__wrap___aeabi_d2iz
                0x10003e4c       0x48 robot_car/magnetometer/CMakeFiles/magnetometer.dir/C_/Program_Files/Raspberry_Pi/Pico_SDK_v1.5.1/pico-sdk/src/rp2_common/pico_double/double_aeabi.S.obj
                0x10003e4c                double2int_z
                0x10003e4c                __wrap___aeabi_d2iz
 .text.__wrap___aeabi_d2uiz
                0x10003e94       0x10 robot_car/magnetometer/CMakeFiles/magnetometer.dir/C_/Program_Files/Raspberry_Pi/Pico_SDK_v1.5.1/pico-sdk/src/rp2_common/pico_double/double_aeabi.S.obj
                0x10003e94                __wrap___aeabi_d2uiz
                0x10003e94                double2uint
 .text.fix642double
                0x10003ea4       0x10 robot_car/magnetometer/CMakeFiles/magnetometer.dir/C_/Program_Files/Raspberry_Pi/Pico_SDK_v1.5.1/pico-sdk/src/rp2_common/pico_double/double_aeabi.S.obj
                0x10003ea4                fix642double
 .text.__wrap___aeabi_d2f
                0x10003eb4       0x10 robot_car/magnetometer/CMakeFiles/magnetometer.dir/C_/Program_Files/Raspberry_Pi/Pico_SDK_v1.5.1/pico-sdk/src/rp2_common/pico_double/double_aeabi.S.obj
                0x10003eb4                __wrap___aeabi_d2f
 .text.__wrap_srqt
                0x10003ec4       0x10 robot_car/magnetometer/CMakeFiles/magnetometer.dir/C_/Program_Files/Raspberry_Pi/Pico_SDK_v1.5.1/pico-sdk/src/rp2_common/pico_double/double_aeabi.S.obj
                0x10003ec4                __wrap_sqrt
 .text.__wrap_sincostan_remainder
                0x10003ed4       0x14 robot_car/magnetometer/CMakeFiles/magnetometer.dir/C_/Program_Files/Raspberry_Pi/Pico_SDK_v1.5.1/pico-sdk/src/rp2_common/pico_double/double_aeabi.S.obj
                0x10003ed4                sincostan_remainder
 .text.__wrap_cos
                0x10003ee8       0x24 robot_car/magnetometer/CMakeFiles/magnetometer.dir/C_/Program_Files/Raspberry_Pi/Pico_SDK_v1.5.1/pico-sdk/src/rp2_common/pico_double/double_aeabi.S.obj
                0x10003ee8                __wrap_cos
 .text.__wrap_sin
                0x10003f0c       0x24 robot_car/magnetometer/CMakeFiles/magnetometer.dir/C_/Program_Files/Raspberry_Pi/Pico_SDK_v1.5.1/pico-sdk/src/rp2_common/pico_double/double_aeabi.S.obj
                0x10003f0c                __wrap_sin
 .text.__wrap_atan2
                0x10003f30       0x10 robot_car/magnetometer/CMakeFiles/magnetometer.dir/C_/Program_Files/Raspberry_Pi/Pico_SDK_v1.5.1/pico-sdk/src/rp2_common/pico_double/double_aeabi.S.obj
                0x10003f30                __wrap_atan2
 .text.missing_double_func_shim
                0x10003f40        0xc robot_car/magnetometer/CMakeFiles/magnetometer.dir/C_/Program_Files/Raspberry_Pi/Pico_SDK_v1.5.1/pico-sdk/src/rp2_common/pico_double/double_init_rom.c.obj
 .text.__aeabi_double_init
                0x10003f4c       0xcc robot_car/magnetometer/CMakeFiles/magnetometer.dir/C_/Program_Files/Raspberry_Pi/Pico_SDK_v1.5.1/pico-sdk/src/rp2_common/pico_double/double_init_rom.c.obj
                0x10003f4c                __aeabi_double_init
 .text.drem_0   0x10004018      0x130 robot_car/magnetometer/CMakeFiles/magnetometer.dir/C_/Program_Files/Raspberry_Pi/Pico_SDK_v1.5.1/pico-sdk/src/rp2_common/pico_double/double_math.c.obj
 .text.__wrap_asin
                0x10004148       0x60 robot_car/magnetometer/CMakeFiles/magnetometer.dir/C_/Program_Files/Raspberry_Pi/Pico_SDK_v1.5.1/pico-sdk/src/rp2_common/pico_double/double_math.c.obj
                0x10004148                __wrap_asin
 .text.__wrap_remquo
                0x100041a8      0x17c robot_car/magnetometer/CMakeFiles/magnetometer.dir/C_/Program_Files/Raspberry_Pi/Pico_SDK_v1.5.1/pico-sdk/src/rp2_common/pico_double/double_math.c.obj
                0x100041a8                __wrap_remquo
 .text.__wrap_remainder
                0x10004324       0x10 robot_car/magnetometer/CMakeFiles/magnetometer.dir/C_/Program_Files/Raspberry_Pi/Pico_SDK_v1.5.1/pico-sdk/src/rp2_common/pico_double/double_math.c.obj
                0x10004324                __wrap_remainder
 .text.double_table_shim_on_use_helper
                0x10004334       0x34 robot_car/magnetometer/CMakeFiles/magnetometer.dir/C_/Program_Files/Raspberry_Pi/Pico_SDK_v1.5.1/pico-sdk/src/rp2_common/pico_double/double_v1_rom_shim.S.obj
                0x10004334                double_table_shim_on_use_helper
 .text.__aeabi_lmul
                0x10004368       0x32 robot_car/magnetometer/CMakeFiles/magnetometer.dir/C_/Program_Files/Raspberry_Pi/Pico_SDK_v1.5.1/pico-sdk/src/rp2_common/pico_int64_ops/pico_int64_ops_aeabi.S.obj
                0x10004368                __wrap___aeabi_lmul
 *fill*         0x1000439a        0x2 
 .text.__wrap___aeabi_farithmetic
                0x1000439c       0x48 robot_car/magnetometer/CMakeFiles/magnetometer.dir/C_/Program_Files/Raspberry_Pi/Pico_SDK_v1.5.1/pico-sdk/src/rp2_common/pico_float/float_aeabi.S.obj
                0x1000439c                __wrap___aeabi_frsub
                0x100043a2                __wrap___aeabi_fsub
                0x100043a8                __wrap___aeabi_fadd
                0x100043ae                __wrap___aeabi_fdiv
                0x100043d6                __wrap___aeabi_fmul
 .text.__wrap___aeabi_cfcmple
                0x100043e4       0x50 robot_car/magnetometer/CMakeFiles/magnetometer.dir/C_/Program_Files/Raspberry_Pi/Pico_SDK_v1.5.1/pico-sdk/src/rp2_common/pico_float/float_aeabi.S.obj
                0x100043e4                __wrap___aeabi_cfrcmple
                0x100043f0                __wrap___aeabi_cfcmple
                0x100043f0                __wrap___aeabi_cfcmpeq
 .text.__wrap___aeabi_fcmplt
                0x10004434        0xc robot_car/magnetometer/CMakeFiles/magnetometer.dir/C_/Program_Files/Raspberry_Pi/Pico_SDK_v1.5.1/pico-sdk/src/rp2_common/pico_float/float_aeabi.S.obj
                0x10004434                __wrap___aeabi_fcmplt
 .text.__wrap___aeabi_f2d
                0x10004440        0xc robot_car/magnetometer/CMakeFiles/magnetometer.dir/C_/Program_Files/Raspberry_Pi/Pico_SDK_v1.5.1/pico-sdk/src/rp2_common/pico_float/float_aeabi.S.obj
                0x10004440                __wrap___aeabi_f2d
 .text.missing_float_func_shim
                0x1000444c        0xc robot_car/magnetometer/CMakeFiles/magnetometer.dir/C_/Program_Files/Raspberry_Pi/Pico_SDK_v1.5.1/pico-sdk/src/rp2_common/pico_float/float_init_rom.c.obj
 .text.__aeabi_float_init
                0x10004458       0x88 robot_car/magnetometer/CMakeFiles/magnetometer.dir/C_/Program_Files/Raspberry_Pi/Pico_SDK_v1.5.1/pico-sdk/src/rp2_common/pico_float/float_init_rom.c.obj
                0x10004458                __aeabi_float_init
 .text          0x100044e0       0x10 robot_car/magnetometer/CMakeFiles/magnetometer.dir/C_/Program_Files/Raspberry_Pi/Pico_SDK_v1.5.1/pico-sdk/src/rp2_common/pico_mem_ops/mem_ops_aeabi.S.obj
                0x100044e0                __aeabi_mem_init
 .text.memset   0x100044f0        0xc robot_car/magnetometer/CMakeFiles/magnetometer.dir/C_/Program_Files/Raspberry_Pi/Pico_SDK_v1.5.1/pico-sdk/src/rp2_common/pico_mem_ops/mem_ops_aeabi.S.obj
                0x100044f0                __wrap_memset
 .text.memcpy   0x100044fc        0xc robot_car/magnetometer/CMakeFiles/magnetometer.dir/C_/Program_Files/Raspberry_Pi/Pico_SDK_v1.5.1/pico-sdk/src/rp2_common/pico_mem_ops/mem_ops_aeabi.S.obj
                0x100044fc                __wrap_memcpy
                0x100044fc                __wrap___aeabi_memcpy
 .text.stdio_out_chars_no_crlf
                0x10004508        0xe robot_car/magnetometer/CMakeFiles/magnetometer.dir/C_/Program_Files/Raspberry_Pi/Pico_SDK_v1.5.1/pico-sdk/src/rp2_common/pico_stdio/stdio.c.obj
 *fill*         0x10004516        0x2 
 .text.stdio_out_chars_crlf
                0x10004518       0x80 robot_car/magnetometer/CMakeFiles/magnetometer.dir/C_/Program_Files/Raspberry_Pi/Pico_SDK_v1.5.1/pico-sdk/src/rp2_common/pico_stdio/stdio.c.obj
 .text.stdio_stack_buffer_flush
                0x10004598       0x44 robot_car/magnetometer/CMakeFiles/magnetometer.dir/C_/Program_Files/Raspberry_Pi/Pico_SDK_v1.5.1/pico-sdk/src/rp2_common/pico_stdio/stdio.c.obj
 .text.stdio_buffered_printer
                0x100045dc       0x20 robot_car/magnetometer/CMakeFiles/magnetometer.dir/C_/Program_Files/Raspberry_Pi/Pico_SDK_v1.5.1/pico-sdk/src/rp2_common/pico_stdio/stdio.c.obj
 .text.stdout_serialize_begin
                0x100045fc       0x5c robot_car/magnetometer/CMakeFiles/magnetometer.dir/C_/Program_Files/Raspberry_Pi/Pico_SDK_v1.5.1/pico-sdk/src/rp2_common/pico_stdio/stdio.c.obj
                0x100045fc                stdout_serialize_begin
 .text.stdout_serialize_end
                0x10004658       0x10 robot_car/magnetometer/CMakeFiles/magnetometer.dir/C_/Program_Files/Raspberry_Pi/Pico_SDK_v1.5.1/pico-sdk/src/rp2_common/pico_stdio/stdio.c.obj
                0x10004658                stdout_serialize_end
 .text.stdio_put_string
                0x10004668       0x98 robot_car/magnetometer/CMakeFiles/magnetometer.dir/C_/Program_Files/Raspberry_Pi/Pico_SDK_v1.5.1/pico-sdk/src/rp2_common/pico_stdio/stdio.c.obj
 .text.stdio_set_driver_enabled
                0x10004700       0x2c robot_car/magnetometer/CMakeFiles/magnetometer.dir/C_/Program_Files/Raspberry_Pi/Pico_SDK_v1.5.1/pico-sdk/src/rp2_common/pico_stdio/stdio.c.obj
                0x10004700                stdio_set_driver_enabled
 .text.stdio_flush
                0x1000472c       0x20 robot_car/magnetometer/CMakeFiles/magnetometer.dir/C_/Program_Files/Raspberry_Pi/Pico_SDK_v1.5.1/pico-sdk/src/rp2_common/pico_stdio/stdio.c.obj
                0x1000472c                stdio_flush
 .text.__wrap_puts
                0x1000474c       0x1e robot_car/magnetometer/CMakeFiles/magnetometer.dir/C_/Program_Files/Raspberry_Pi/Pico_SDK_v1.5.1/pico-sdk/src/rp2_common/pico_stdio/stdio.c.obj
                0x1000474c                __wrap_puts
 *fill*         0x1000476a        0x2 
 .text.__wrap_vprintf
                0x1000476c       0x40 robot_car/magnetometer/CMakeFiles/magnetometer.dir/C_/Program_Files/Raspberry_Pi/Pico_SDK_v1.5.1/pico-sdk/src/rp2_common/pico_stdio/stdio.c.obj
                0x1000476c                __wrap_vprintf
 .text.__wrap_printf
                0x100047ac       0x18 robot_car/magnetometer/CMakeFiles/magnetometer.dir/C_/Program_Files/Raspberry_Pi/Pico_SDK_v1.5.1/pico-sdk/src/rp2_common/pico_stdio/stdio.c.obj
                0x100047ac                __wrap_printf
 .text.stdio_init_all
                0x100047c4        0x8 robot_car/magnetometer/CMakeFiles/magnetometer.dir/C_/Program_Files/Raspberry_Pi/Pico_SDK_v1.5.1/pico-sdk/src/rp2_common/pico_stdio/stdio.c.obj
                0x100047c4                stdio_init_all
 .text.resetd_init
                0x100047cc        0x2 robot_car/magnetometer/CMakeFiles/magnetometer.dir/C_/Program_Files/Raspberry_Pi/Pico_SDK_v1.5.1/pico-sdk/src/rp2_common/pico_stdio_usb/reset_interface.c.obj
 *fill*         0x100047ce        0x2 
 .text.resetd_reset
                0x100047d0        0xc robot_car/magnetometer/CMakeFiles/magnetometer.dir/C_/Program_Files/Raspberry_Pi/Pico_SDK_v1.5.1/pico-sdk/src/rp2_common/pico_stdio_usb/reset_interface.c.obj
 .text.resetd_open
                0x100047dc       0x34 robot_car/magnetometer/CMakeFiles/magnetometer.dir/C_/Program_Files/Raspberry_Pi/Pico_SDK_v1.5.1/pico-sdk/src/rp2_common/pico_stdio_usb/reset_interface.c.obj
 .text.resetd_xfer_cb
                0x10004810        0x4 robot_car/magnetometer/CMakeFiles/magnetometer.dir/C_/Program_Files/Raspberry_Pi/Pico_SDK_v1.5.1/pico-sdk/src/rp2_common/pico_stdio_usb/reset_interface.c.obj
 .text.reset_usb_boot
                0x10004814       0x18 robot_car/magnetometer/CMakeFiles/magnetometer.dir/C_/Program_Files/Raspberry_Pi/Pico_SDK_v1.5.1/pico-sdk/src/rp2_common/pico_stdio_usb/reset_interface.c.obj
 .text.resetd_control_xfer_cb
                0x1000482c       0x5c robot_car/magnetometer/CMakeFiles/magnetometer.dir/C_/Program_Files/Raspberry_Pi/Pico_SDK_v1.5.1/pico-sdk/src/rp2_common/pico_stdio_usb/reset_interface.c.obj
 .text.usbd_app_driver_get_cb
                0x10004888        0xc robot_car/magnetometer/CMakeFiles/magnetometer.dir/C_/Program_Files/Raspberry_Pi/Pico_SDK_v1.5.1/pico-sdk/src/rp2_common/pico_stdio_usb/reset_interface.c.obj
                0x10004888                usbd_app_driver_get_cb
 .text.tud_cdc_line_coding_cb
                0x10004894       0x28 robot_car/magnetometer/CMakeFiles/magnetometer.dir/C_/Program_Files/Raspberry_Pi/Pico_SDK_v1.5.1/pico-sdk/src/rp2_common/pico_stdio_usb/reset_interface.c.obj
                0x10004894                tud_cdc_line_coding_cb
 .text.stdio_usb_set_chars_available_callback
                0x100048bc       0x14 robot_car/magnetometer/CMakeFiles/magnetometer.dir/C_/Program_Files/Raspberry_Pi/Pico_SDK_v1.5.1/pico-sdk/src/rp2_common/pico_stdio_usb/stdio_usb.c.obj
                0x100048bc                stdio_usb_set_chars_available_callback
 .text.usb_irq  0x100048d0       0x10 robot_car/magnetometer/CMakeFiles/magnetometer.dir/C_/Program_Files/Raspberry_Pi/Pico_SDK_v1.5.1/pico-sdk/src/rp2_common/pico_stdio_usb/stdio_usb.c.obj
 .text.timer_task
                0x100048e0       0x5c robot_car/magnetometer/CMakeFiles/magnetometer.dir/C_/Program_Files/Raspberry_Pi/Pico_SDK_v1.5.1/pico-sdk/src/rp2_common/pico_stdio_usb/stdio_usb.c.obj
 .text.low_priority_worker_irq
                0x1000493c       0xdc robot_car/magnetometer/CMakeFiles/magnetometer.dir/C_/Program_Files/Raspberry_Pi/Pico_SDK_v1.5.1/pico-sdk/src/rp2_common/pico_stdio_usb/stdio_usb.c.obj
 .text.tud_cdc_rx_cb
                0x10004a18       0x20 robot_car/magnetometer/CMakeFiles/magnetometer.dir/C_/Program_Files/Raspberry_Pi/Pico_SDK_v1.5.1/pico-sdk/src/rp2_common/pico_stdio_usb/stdio_usb.c.obj
                0x10004a18                tud_cdc_rx_cb
 .text.stdio_usb_init
                0x10004a38      0x11c robot_car/magnetometer/CMakeFiles/magnetometer.dir/C_/Program_Files/Raspberry_Pi/Pico_SDK_v1.5.1/pico-sdk/src/rp2_common/pico_stdio_usb/stdio_usb.c.obj
                0x10004a38                stdio_usb_init
 .text.stdio_usb_connected
                0x10004b54        0xa robot_car/magnetometer/CMakeFiles/magnetometer.dir/C_/Program_Files/Raspberry_Pi/Pico_SDK_v1.5.1/pico-sdk/src/rp2_common/pico_stdio_usb/stdio_usb.c.obj
                0x10004b54                stdio_usb_connected
 *fill*         0x10004b5e        0x2 
 .text.stdio_usb_in_chars
                0x10004b60       0xc4 robot_car/magnetometer/CMakeFiles/magnetometer.dir/C_/Program_Files/Raspberry_Pi/Pico_SDK_v1.5.1/pico-sdk/src/rp2_common/pico_stdio_usb/stdio_usb.c.obj
                0x10004b60                stdio_usb_in_chars
 .text.stdio_usb_out_chars
                0x10004c24      0x114 robot_car/magnetometer/CMakeFiles/magnetometer.dir/C_/Program_Files/Raspberry_Pi/Pico_SDK_v1.5.1/pico-sdk/src/rp2_common/pico_stdio_usb/stdio_usb.c.obj
 .text.tud_descriptor_device_cb
                0x10004d38        0x8 robot_car/magnetometer/CMakeFiles/magnetometer.dir/C_/Program_Files/Raspberry_Pi/Pico_SDK_v1.5.1/pico-sdk/src/rp2_common/pico_stdio_usb/stdio_usb_descriptors.c.obj
                0x10004d38                tud_descriptor_device_cb
 .text.tud_descriptor_configuration_cb
                0x10004d40        0x8 robot_car/magnetometer/CMakeFiles/magnetometer.dir/C_/Program_Files/Raspberry_Pi/Pico_SDK_v1.5.1/pico-sdk/src/rp2_common/pico_stdio_usb/stdio_usb_descriptors.c.obj
                0x10004d40                tud_descriptor_configuration_cb
 .text.tud_descriptor_string_cb
                0x10004d48       0x6c robot_car/magnetometer/CMakeFiles/magnetometer.dir/C_/Program_Files/Raspberry_Pi/Pico_SDK_v1.5.1/pico-sdk/src/rp2_common/pico_stdio_usb/stdio_usb_descriptors.c.obj
                0x10004d48                tud_descriptor_string_cb
 .text._retrieve_unique_id_on_boot
                0x10004db4       0x10 robot_car/magnetometer/CMakeFiles/magnetometer.dir/C_/Program_Files/Raspberry_Pi/Pico_SDK_v1.5.1/pico-sdk/src/rp2_common/pico_unique_id/unique_id.c.obj
 .text.pico_get_unique_board_id_string
                0x10004dc4       0x60 robot_car/magnetometer/CMakeFiles/magnetometer.dir/C_/Program_Files/Raspberry_Pi/Pico_SDK_v1.5.1/pico-sdk/src/rp2_common/pico_unique_id/unique_id.c.obj
                0x10004dc4                pico_get_unique_board_id_string
 .text.flash_get_unique_id
                0x10004e24       0x46 robot_car/magnetometer/CMakeFiles/magnetometer.dir/C_/Program_Files/Raspberry_Pi/Pico_SDK_v1.5.1/pico-sdk/src/rp2_common/hardware_flash/flash.c.obj
                0x10004e24                flash_get_unique_id
 *fill*         0x10004e6a        0x2 
 .text.hw_endpoint_get_by_addr
                0x10004e6c       0x18 robot_car/magnetometer/CMakeFiles/magnetometer.dir/C_/Program_Files/Raspberry_Pi/Pico_SDK_v1.5.1/pico-sdk/lib/tinyusb/src/portable/raspberrypi/rp2040/dcd_rp2040.c.obj
 .text._hw_endpoint_alloc
                0x10004e84       0x70 robot_car/magnetometer/CMakeFiles/magnetometer.dir/C_/Program_Files/Raspberry_Pi/Pico_SDK_v1.5.1/pico-sdk/lib/tinyusb/src/portable/raspberrypi/rp2040/dcd_rp2040.c.obj
 .text.hw_endpoint_init
                0x10004ef4       0x88 robot_car/magnetometer/CMakeFiles/magnetometer.dir/C_/Program_Files/Raspberry_Pi/Pico_SDK_v1.5.1/pico-sdk/lib/tinyusb/src/portable/raspberrypi/rp2040/dcd_rp2040.c.obj
 .text.hw_endpoint_xfer
                0x10004f7c       0x14 robot_car/magnetometer/CMakeFiles/magnetometer.dir/C_/Program_Files/Raspberry_Pi/Pico_SDK_v1.5.1/pico-sdk/lib/tinyusb/src/portable/raspberrypi/rp2040/dcd_rp2040.c.obj
 .text.dcd_int_enable
                0x10004f90       0x2c robot_car/magnetometer/CMakeFiles/magnetometer.dir/C_/Program_Files/Raspberry_Pi/Pico_SDK_v1.5.1/pico-sdk/lib/tinyusb/src/portable/raspberrypi/rp2040/dcd_rp2040.c.obj
                0x10004f90                dcd_int_enable
 .text.dcd_set_address
                0x10004fbc       0x2c robot_car/magnetometer/CMakeFiles/magnetometer.dir/C_/Program_Files/Raspberry_Pi/Pico_SDK_v1.5.1/pico-sdk/lib/tinyusb/src/portable/raspberrypi/rp2040/dcd_rp2040.c.obj
                0x10004fbc                dcd_set_address
 .text.dcd_connect
                0x10004fe8       0x10 robot_car/magnetometer/CMakeFiles/magnetometer.dir/C_/Program_Files/Raspberry_Pi/Pico_SDK_v1.5.1/pico-sdk/lib/tinyusb/src/portable/raspberrypi/rp2040/dcd_rp2040.c.obj
                0x10004fe8                dcd_connect
 .text.dcd_init
                0x10004ff8       0x80 robot_car/magnetometer/CMakeFiles/magnetometer.dir/C_/Program_Files/Raspberry_Pi/Pico_SDK_v1.5.1/pico-sdk/lib/tinyusb/src/portable/raspberrypi/rp2040/dcd_rp2040.c.obj
                0x10004ff8                dcd_init
 .text.dcd_edpt0_status_complete
                0x10005078       0x1c robot_car/magnetometer/CMakeFiles/magnetometer.dir/C_/Program_Files/Raspberry_Pi/Pico_SDK_v1.5.1/pico-sdk/lib/tinyusb/src/portable/raspberrypi/rp2040/dcd_rp2040.c.obj
                0x10005078                dcd_edpt0_status_complete
 .text.dcd_edpt_open
                0x10005094       0x40 robot_car/magnetometer/CMakeFiles/magnetometer.dir/C_/Program_Files/Raspberry_Pi/Pico_SDK_v1.5.1/pico-sdk/lib/tinyusb/src/portable/raspberrypi/rp2040/dcd_rp2040.c.obj
                0x10005094                dcd_edpt_open
 .text.dcd_edpt_close_all
                0x100050d4        0x8 robot_car/magnetometer/CMakeFiles/magnetometer.dir/C_/Program_Files/Raspberry_Pi/Pico_SDK_v1.5.1/pico-sdk/lib/tinyusb/src/portable/raspberrypi/rp2040/dcd_rp2040.c.obj
                0x100050d4                dcd_edpt_close_all
 .text.dcd_edpt_xfer
                0x100050dc       0x34 robot_car/magnetometer/CMakeFiles/magnetometer.dir/C_/Program_Files/Raspberry_Pi/Pico_SDK_v1.5.1/pico-sdk/lib/tinyusb/src/portable/raspberrypi/rp2040/dcd_rp2040.c.obj
                0x100050dc                dcd_edpt_xfer
 .text.dcd_edpt_stall
                0x10005110       0x2c robot_car/magnetometer/CMakeFiles/magnetometer.dir/C_/Program_Files/Raspberry_Pi/Pico_SDK_v1.5.1/pico-sdk/lib/tinyusb/src/portable/raspberrypi/rp2040/dcd_rp2040.c.obj
                0x10005110                dcd_edpt_stall
 .text.dcd_edpt_clear_stall
                0x1000513c       0x20 robot_car/magnetometer/CMakeFiles/magnetometer.dir/C_/Program_Files/Raspberry_Pi/Pico_SDK_v1.5.1/pico-sdk/lib/tinyusb/src/portable/raspberrypi/rp2040/dcd_rp2040.c.obj
                0x1000513c                dcd_edpt_clear_stall
 .text.rp2040_usb_init
                0x1000515c       0x4c robot_car/magnetometer/CMakeFiles/magnetometer.dir/C_/Program_Files/Raspberry_Pi/Pico_SDK_v1.5.1/pico-sdk/lib/tinyusb/src/portable/raspberrypi/rp2040/rp2040_usb.c.obj
                0x1000515c                rp2040_usb_init
 .text.hw_endpoint_xfer_start
                0x100051a8       0x50 robot_car/magnetometer/CMakeFiles/magnetometer.dir/C_/Program_Files/Raspberry_Pi/Pico_SDK_v1.5.1/pico-sdk/lib/tinyusb/src/portable/raspberrypi/rp2040/rp2040_usb.c.obj
                0x100051a8                hw_endpoint_xfer_start
 .text.configuration_reset
                0x100051f8       0x84 robot_car/magnetometer/CMakeFiles/magnetometer.dir/C_/Program_Files/Raspberry_Pi/Pico_SDK_v1.5.1/pico-sdk/lib/tinyusb/src/device/usbd.c.obj
 .text.usbd_reset
                0x1000527c        0xc robot_car/magnetometer/CMakeFiles/magnetometer.dir/C_/Program_Files/Raspberry_Pi/Pico_SDK_v1.5.1/pico-sdk/lib/tinyusb/src/device/usbd.c.obj
 .text.invoke_class_control
                0x10005288       0x1a robot_car/magnetometer/CMakeFiles/magnetometer.dir/C_/Program_Files/Raspberry_Pi/Pico_SDK_v1.5.1/pico-sdk/lib/tinyusb/src/device/usbd.c.obj
 *fill*         0x100052a2        0x2 
 .text.process_set_config
                0x100052a4      0x178 robot_car/magnetometer/CMakeFiles/magnetometer.dir/C_/Program_Files/Raspberry_Pi/Pico_SDK_v1.5.1/pico-sdk/lib/tinyusb/src/device/usbd.c.obj
 .text.process_get_descriptor
                0x1000541c       0xdc robot_car/magnetometer/CMakeFiles/magnetometer.dir/C_/Program_Files/Raspberry_Pi/Pico_SDK_v1.5.1/pico-sdk/lib/tinyusb/src/device/usbd.c.obj
 .text.tud_mounted
                0x100054f8       0x10 robot_car/magnetometer/CMakeFiles/magnetometer.dir/C_/Program_Files/Raspberry_Pi/Pico_SDK_v1.5.1/pico-sdk/lib/tinyusb/src/device/usbd.c.obj
                0x100054f8                tud_mounted
 .text.tud_suspended
                0x10005508       0x10 robot_car/magnetometer/CMakeFiles/magnetometer.dir/C_/Program_Files/Raspberry_Pi/Pico_SDK_v1.5.1/pico-sdk/lib/tinyusb/src/device/usbd.c.obj
                0x10005508                tud_suspended
 .text.tud_inited
                0x10005518       0x14 robot_car/magnetometer/CMakeFiles/magnetometer.dir/C_/Program_Files/Raspberry_Pi/Pico_SDK_v1.5.1/pico-sdk/lib/tinyusb/src/device/usbd.c.obj
                0x10005518                tud_inited
 .text.tud_init
                0x1000552c       0xcc robot_car/magnetometer/CMakeFiles/magnetometer.dir/C_/Program_Files/Raspberry_Pi/Pico_SDK_v1.5.1/pico-sdk/lib/tinyusb/src/device/usbd.c.obj
                0x1000552c                tud_init
 .text.usbd_defer_func
                0x100055f8       0x2a robot_car/magnetometer/CMakeFiles/magnetometer.dir/C_/Program_Files/Raspberry_Pi/Pico_SDK_v1.5.1/pico-sdk/lib/tinyusb/src/device/usbd.c.obj
                0x100055f8                usbd_defer_func
 *fill*         0x10005622        0x2 
 .text.usbd_edpt_open
                0x10005624       0x34 robot_car/magnetometer/CMakeFiles/magnetometer.dir/C_/Program_Files/Raspberry_Pi/Pico_SDK_v1.5.1/pico-sdk/lib/tinyusb/src/device/usbd.c.obj
                0x10005624                usbd_edpt_open
 .text.usbd_open_edpt_pair
                0x10005658       0x62 robot_car/magnetometer/CMakeFiles/magnetometer.dir/C_/Program_Files/Raspberry_Pi/Pico_SDK_v1.5.1/pico-sdk/lib/tinyusb/src/device/usbd.c.obj
                0x10005658                usbd_open_edpt_pair
 *fill*         0x100056ba        0x2 
 .text.usbd_edpt_claim
                0x100056bc       0x28 robot_car/magnetometer/CMakeFiles/magnetometer.dir/C_/Program_Files/Raspberry_Pi/Pico_SDK_v1.5.1/pico-sdk/lib/tinyusb/src/device/usbd.c.obj
                0x100056bc                usbd_edpt_claim
 .text.usbd_edpt_release
                0x100056e4       0x28 robot_car/magnetometer/CMakeFiles/magnetometer.dir/C_/Program_Files/Raspberry_Pi/Pico_SDK_v1.5.1/pico-sdk/lib/tinyusb/src/device/usbd.c.obj
                0x100056e4                usbd_edpt_release
 .text.usbd_edpt_xfer
                0x1000570c       0x78 robot_car/magnetometer/CMakeFiles/magnetometer.dir/C_/Program_Files/Raspberry_Pi/Pico_SDK_v1.5.1/pico-sdk/lib/tinyusb/src/device/usbd.c.obj
                0x1000570c                usbd_edpt_xfer
 .text.usbd_edpt_stall
                0x10005784       0x48 robot_car/magnetometer/CMakeFiles/magnetometer.dir/C_/Program_Files/Raspberry_Pi/Pico_SDK_v1.5.1/pico-sdk/lib/tinyusb/src/device/usbd.c.obj
                0x10005784                usbd_edpt_stall
 .text.usbd_edpt_clear_stall
                0x100057cc       0x48 robot_car/magnetometer/CMakeFiles/magnetometer.dir/C_/Program_Files/Raspberry_Pi/Pico_SDK_v1.5.1/pico-sdk/lib/tinyusb/src/device/usbd.c.obj
                0x100057cc                usbd_edpt_clear_stall
 .text.usbd_edpt_stalled
                0x10005814       0x1c robot_car/magnetometer/CMakeFiles/magnetometer.dir/C_/Program_Files/Raspberry_Pi/Pico_SDK_v1.5.1/pico-sdk/lib/tinyusb/src/device/usbd.c.obj
                0x10005814                usbd_edpt_stalled
 .text.process_control_request
                0x10005830      0x37c robot_car/magnetometer/CMakeFiles/magnetometer.dir/C_/Program_Files/Raspberry_Pi/Pico_SDK_v1.5.1/pico-sdk/lib/tinyusb/src/device/usbd.c.obj
 .text.tud_task_ext
                0x10005bac      0x1b8 robot_car/magnetometer/CMakeFiles/magnetometer.dir/C_/Program_Files/Raspberry_Pi/Pico_SDK_v1.5.1/pico-sdk/lib/tinyusb/src/device/usbd.c.obj
                0x10005bac                tud_task_ext
 .text._data_stage_xact
                0x10005d64       0x58 robot_car/magnetometer/CMakeFiles/magnetometer.dir/C_/Program_Files/Raspberry_Pi/Pico_SDK_v1.5.1/pico-sdk/lib/tinyusb/src/device/usbd_control.c.obj
 .text.tud_control_status
                0x10005dbc       0x38 robot_car/magnetometer/CMakeFiles/magnetometer.dir/C_/Program_Files/Raspberry_Pi/Pico_SDK_v1.5.1/pico-sdk/lib/tinyusb/src/device/usbd_control.c.obj
                0x10005dbc                tud_control_status
 .text.tud_control_xfer
                0x10005df4       0x74 robot_car/magnetometer/CMakeFiles/magnetometer.dir/C_/Program_Files/Raspberry_Pi/Pico_SDK_v1.5.1/pico-sdk/lib/tinyusb/src/device/usbd_control.c.obj
                0x10005df4                tud_control_xfer
 .text.usbd_control_reset
                0x10005e68       0x14 robot_car/magnetometer/CMakeFiles/magnetometer.dir/C_/Program_Files/Raspberry_Pi/Pico_SDK_v1.5.1/pico-sdk/lib/tinyusb/src/device/usbd_control.c.obj
                0x10005e68                usbd_control_reset
 .text.usbd_control_set_complete_callback
                0x10005e7c        0xc robot_car/magnetometer/CMakeFiles/magnetometer.dir/C_/Program_Files/Raspberry_Pi/Pico_SDK_v1.5.1/pico-sdk/lib/tinyusb/src/device/usbd_control.c.obj
                0x10005e7c                usbd_control_set_complete_callback
 .text.usbd_control_set_request
                0x10005e88       0x1c robot_car/magnetometer/CMakeFiles/magnetometer.dir/C_/Program_Files/Raspberry_Pi/Pico_SDK_v1.5.1/pico-sdk/lib/tinyusb/src/device/usbd_control.c.obj
                0x10005e88                usbd_control_set_request
 .text.usbd_control_xfer_cb
                0x10005ea4       0xcc robot_car/magnetometer/CMakeFiles/magnetometer.dir/C_/Program_Files/Raspberry_Pi/Pico_SDK_v1.5.1/pico-sdk/lib/tinyusb/src/device/usbd_control.c.obj
                0x10005ea4                usbd_control_xfer_cb
 .text._prep_out_transaction
                0x10005f70       0x4a robot_car/magnetometer/CMakeFiles/magnetometer.dir/C_/Program_Files/Raspberry_Pi/Pico_SDK_v1.5.1/pico-sdk/lib/tinyusb/src/class/cdc/cdc_device.c.obj
 *fill*         0x10005fba        0x2 
 .text.tud_cdc_n_connected
                0x10005fbc       0x44 robot_car/magnetometer/CMakeFiles/magnetometer.dir/C_/Program_Files/Raspberry_Pi/Pico_SDK_v1.5.1/pico-sdk/lib/tinyusb/src/class/cdc/cdc_device.c.obj
                0x10005fbc                tud_cdc_n_connected
 .text.tud_cdc_n_available
                0x10006000       0x18 robot_car/magnetometer/CMakeFiles/magnetometer.dir/C_/Program_Files/Raspberry_Pi/Pico_SDK_v1.5.1/pico-sdk/lib/tinyusb/src/class/cdc/cdc_device.c.obj
                0x10006000                tud_cdc_n_available
 .text.tud_cdc_n_read
                0x10006018       0x28 robot_car/magnetometer/CMakeFiles/magnetometer.dir/C_/Program_Files/Raspberry_Pi/Pico_SDK_v1.5.1/pico-sdk/lib/tinyusb/src/class/cdc/cdc_device.c.obj
                0x10006018                tud_cdc_n_read
 .text.tud_cdc_n_write_flush
                0x10006040       0xb8 robot_car/magnetometer/CMakeFiles/magnetometer.dir/C_/Program_Files/Raspberry_Pi/Pico_SDK_v1.5.1/pico-sdk/lib/tinyusb/src/class/cdc/cdc_device.c.obj
                0x10006040                tud_cdc_n_write_flush
 .text.tud_cdc_n_write
                0x100060f8       0x38 robot_car/magnetometer/CMakeFiles/magnetometer.dir/C_/Program_Files/Raspberry_Pi/Pico_SDK_v1.5.1/pico-sdk/lib/tinyusb/src/class/cdc/cdc_device.c.obj
                0x100060f8                tud_cdc_n_write
 .text.tud_cdc_n_write_available
                0x10006130       0x1c robot_car/magnetometer/CMakeFiles/magnetometer.dir/C_/Program_Files/Raspberry_Pi/Pico_SDK_v1.5.1/pico-sdk/lib/tinyusb/src/class/cdc/cdc_device.c.obj
                0x10006130                tud_cdc_n_write_available
 .text.cdcd_init
                0x1000614c       0xbc robot_car/magnetometer/CMakeFiles/magnetometer.dir/C_/Program_Files/Raspberry_Pi/Pico_SDK_v1.5.1/pico-sdk/lib/tinyusb/src/class/cdc/cdc_device.c.obj
                0x1000614c                cdcd_init
 .text.cdcd_reset
                0x10006208       0x44 robot_car/magnetometer/CMakeFiles/magnetometer.dir/C_/Program_Files/Raspberry_Pi/Pico_SDK_v1.5.1/pico-sdk/lib/tinyusb/src/class/cdc/cdc_device.c.obj
                0x10006208                cdcd_reset
 .text.cdcd_open
                0x1000624c       0xcc robot_car/magnetometer/CMakeFiles/magnetometer.dir/C_/Program_Files/Raspberry_Pi/Pico_SDK_v1.5.1/pico-sdk/lib/tinyusb/src/class/cdc/cdc_device.c.obj
                0x1000624c                cdcd_open
 .text.cdcd_control_xfer_cb
                0x10006318      0x134 robot_car/magnetometer/CMakeFiles/magnetometer.dir/C_/Program_Files/Raspberry_Pi/Pico_SDK_v1.5.1/pico-sdk/lib/tinyusb/src/class/cdc/cdc_device.c.obj
                0x10006318                cdcd_control_xfer_cb
 .text.cdcd_xfer_cb
                0x1000644c      0x130 robot_car/magnetometer/CMakeFiles/magnetometer.dir/C_/Program_Files/Raspberry_Pi/Pico_SDK_v1.5.1/pico-sdk/lib/tinyusb/src/class/cdc/cdc_device.c.obj
                0x1000644c                cdcd_xfer_cb
 .text.tusb_init
                0x1000657c        0xa robot_car/magnetometer/CMakeFiles/magnetometer.dir/C_/Program_Files/Raspberry_Pi/Pico_SDK_v1.5.1/pico-sdk/lib/tinyusb/src/tusb.c.obj
                0x1000657c                tusb_init
 .text.tusb_inited
                0x10006586        0xe robot_car/magnetometer/CMakeFiles/magnetometer.dir/C_/Program_Files/Raspberry_Pi/Pico_SDK_v1.5.1/pico-sdk/lib/tinyusb/src/tusb.c.obj
                0x10006586                tusb_inited
 .text.tu_edpt_claim
                0x10006594       0x50 robot_car/magnetometer/CMakeFiles/magnetometer.dir/C_/Program_Files/Raspberry_Pi/Pico_SDK_v1.5.1/pico-sdk/lib/tinyusb/src/tusb.c.obj
                0x10006594                tu_edpt_claim
 .text.tu_edpt_release
                0x100065e4       0x3c robot_car/magnetometer/CMakeFiles/magnetometer.dir/C_/Program_Files/Raspberry_Pi/Pico_SDK_v1.5.1/pico-sdk/lib/tinyusb/src/tusb.c.obj
                0x100065e4                tu_edpt_release
 .text.tu_edpt_validate
                0x10006620       0x78 robot_car/magnetometer/CMakeFiles/magnetometer.dir/C_/Program_Files/Raspberry_Pi/Pico_SDK_v1.5.1/pico-sdk/lib/tinyusb/src/tusb.c.obj
                0x10006620                tu_edpt_validate
 .text.tu_edpt_bind_driver
                0x10006698       0x26 robot_car/magnetometer/CMakeFiles/magnetometer.dir/C_/Program_Files/Raspberry_Pi/Pico_SDK_v1.5.1/pico-sdk/lib/tinyusb/src/tusb.c.obj
                0x10006698                tu_edpt_bind_driver
 .text.advance_index
                0x100066be       0x1a robot_car/magnetometer/CMakeFiles/magnetometer.dir/C_/Program_Files/Raspberry_Pi/Pico_SDK_v1.5.1/pico-sdk/lib/tinyusb/src/common/tusb_fifo.c.obj
 .text._tu_fifo_peek
                0x100066d8       0x56 robot_car/magnetometer/CMakeFiles/magnetometer.dir/C_/Program_Files/Raspberry_Pi/Pico_SDK_v1.5.1/pico-sdk/lib/tinyusb/src/common/tusb_fifo.c.obj
 .text._ff_pull_const_addr
                0x1000672e       0x4c robot_car/magnetometer/CMakeFiles/magnetometer.dir/C_/Program_Files/Raspberry_Pi/Pico_SDK_v1.5.1/pico-sdk/lib/tinyusb/src/common/tusb_fifo.c.obj
 .text._ff_pull_n
                0x1000677a      0x110 robot_car/magnetometer/CMakeFiles/magnetometer.dir/C_/Program_Files/Raspberry_Pi/Pico_SDK_v1.5.1/pico-sdk/lib/tinyusb/src/common/tusb_fifo.c.obj
 .text._tu_fifo_peek_n
                0x1000688a       0x6a robot_car/magnetometer/CMakeFiles/magnetometer.dir/C_/Program_Files/Raspberry_Pi/Pico_SDK_v1.5.1/pico-sdk/lib/tinyusb/src/common/tusb_fifo.c.obj
 .text._tu_fifo_read_n
                0x100068f4       0x4e robot_car/magnetometer/CMakeFiles/magnetometer.dir/C_/Program_Files/Raspberry_Pi/Pico_SDK_v1.5.1/pico-sdk/lib/tinyusb/src/common/tusb_fifo.c.obj
 .text._ff_push_const_addr
                0x10006942       0x40 robot_car/magnetometer/CMakeFiles/magnetometer.dir/C_/Program_Files/Raspberry_Pi/Pico_SDK_v1.5.1/pico-sdk/lib/tinyusb/src/common/tusb_fifo.c.obj
 .text._ff_push_n
                0x10006982      0x10c robot_car/magnetometer/CMakeFiles/magnetometer.dir/C_/Program_Files/Raspberry_Pi/Pico_SDK_v1.5.1/pico-sdk/lib/tinyusb/src/common/tusb_fifo.c.obj
 .text._tu_fifo_write_n
                0x10006a8e       0xf0 robot_car/magnetometer/CMakeFiles/magnetometer.dir/C_/Program_Files/Raspberry_Pi/Pico_SDK_v1.5.1/pico-sdk/lib/tinyusb/src/common/tusb_fifo.c.obj
 .text.tu_fifo_config
                0x10006b7e       0x7c robot_car/magnetometer/CMakeFiles/magnetometer.dir/C_/Program_Files/Raspberry_Pi/Pico_SDK_v1.5.1/pico-sdk/lib/tinyusb/src/common/tusb_fifo.c.obj
                0x10006b7e                tu_fifo_config
 .text.tu_fifo_count
                0x10006bfa       0x2a robot_car/magnetometer/CMakeFiles/magnetometer.dir/C_/Program_Files/Raspberry_Pi/Pico_SDK_v1.5.1/pico-sdk/lib/tinyusb/src/common/tusb_fifo.c.obj
                0x10006bfa                tu_fifo_count
 .text.tu_fifo_empty
                0x10006c24       0x10 robot_car/magnetometer/CMakeFiles/magnetometer.dir/C_/Program_Files/Raspberry_Pi/Pico_SDK_v1.5.1/pico-sdk/lib/tinyusb/src/common/tusb_fifo.c.obj
                0x10006c24                tu_fifo_empty
 .text.tu_fifo_full
                0x10006c34       0x28 robot_car/magnetometer/CMakeFiles/magnetometer.dir/C_/Program_Files/Raspberry_Pi/Pico_SDK_v1.5.1/pico-sdk/lib/tinyusb/src/common/tusb_fifo.c.obj
                0x10006c34                tu_fifo_full
 .text.tu_fifo_remaining
                0x10006c5c       0x2c robot_car/magnetometer/CMakeFiles/magnetometer.dir/C_/Program_Files/Raspberry_Pi/Pico_SDK_v1.5.1/pico-sdk/lib/tinyusb/src/common/tusb_fifo.c.obj
                0x10006c5c                tu_fifo_remaining
 .text.tu_fifo_read
                0x10006c88       0x42 robot_car/magnetometer/CMakeFiles/magnetometer.dir/C_/Program_Files/Raspberry_Pi/Pico_SDK_v1.5.1/pico-sdk/lib/tinyusb/src/common/tusb_fifo.c.obj
                0x10006c88                tu_fifo_read
 .text.tu_fifo_read_n
                0x10006cca        0xa robot_car/magnetometer/CMakeFiles/magnetometer.dir/C_/Program_Files/Raspberry_Pi/Pico_SDK_v1.5.1/pico-sdk/lib/tinyusb/src/common/tusb_fifo.c.obj
                0x10006cca                tu_fifo_read_n
 .text.tu_fifo_write
                0x10006cd4       0x64 robot_car/magnetometer/CMakeFiles/magnetometer.dir/C_/Program_Files/Raspberry_Pi/Pico_SDK_v1.5.1/pico-sdk/lib/tinyusb/src/common/tusb_fifo.c.obj
                0x10006cd4                tu_fifo_write
 .text.tu_fifo_write_n
                0x10006d38        0xa robot_car/magnetometer/CMakeFiles/magnetometer.dir/C_/Program_Files/Raspberry_Pi/Pico_SDK_v1.5.1/pico-sdk/lib/tinyusb/src/common/tusb_fifo.c.obj
                0x10006d38                tu_fifo_write_n
 .text.tu_fifo_clear
                0x10006d42       0x3e robot_car/magnetometer/CMakeFiles/magnetometer.dir/C_/Program_Files/Raspberry_Pi/Pico_SDK_v1.5.1/pico-sdk/lib/tinyusb/src/common/tusb_fifo.c.obj
                0x10006d42                tu_fifo_clear
 .text.tu_fifo_set_overwritable
                0x10006d80       0x46 robot_car/magnetometer/CMakeFiles/magnetometer.dir/C_/Program_Files/Raspberry_Pi/Pico_SDK_v1.5.1/pico-sdk/lib/tinyusb/src/common/tusb_fifo.c.obj
                0x10006d80                tu_fifo_set_overwritable
 .text.i2c_write_blocking_internal
                0x10006dc6      0x140 robot_car/magnetometer/CMakeFiles/magnetometer.dir/C_/Program_Files/Raspberry_Pi/Pico_SDK_v1.5.1/pico-sdk/src/rp2_common/hardware_i2c/i2c.c.obj
 .text.i2c_read_blocking_internal
                0x10006f06       0xe6 robot_car/magnetometer/CMakeFiles/magnetometer.dir/C_/Program_Files/Raspberry_Pi/Pico_SDK_v1.5.1/pico-sdk/src/rp2_common/hardware_i2c/i2c.c.obj
 .text.i2c_set_baudrate
                0x10006fec       0xf0 robot_car/magnetometer/CMakeFiles/magnetometer.dir/C_/Program_Files/Raspberry_Pi/Pico_SDK_v1.5.1/pico-sdk/src/rp2_common/hardware_i2c/i2c.c.obj
                0x10006fec                i2c_set_baudrate
 .text.i2c_init
                0x100070dc       0x58 robot_car/magnetometer/CMakeFiles/magnetometer.dir/C_/Program_Files/Raspberry_Pi/Pico_SDK_v1.5.1/pico-sdk/src/rp2_common/hardware_i2c/i2c.c.obj
                0x100070dc                i2c_init
 .text.i2c_write_blocking
                0x10007134       0x18 robot_car/magnetometer/CMakeFiles/magnetometer.dir/C_/Program_Files/Raspberry_Pi/Pico_SDK_v1.5.1/pico-sdk/src/rp2_common/hardware_i2c/i2c.c.obj
                0x10007134                i2c_write_blocking
 .text.i2c_read_blocking
                0x1000714c       0x18 robot_car/magnetometer/CMakeFiles/magnetometer.dir/C_/Program_Files/Raspberry_Pi/Pico_SDK_v1.5.1/pico-sdk/src/rp2_common/hardware_i2c/i2c.c.obj
                0x1000714c                i2c_read_blocking
 .text.strlen   0x10007164       0x5c c:/progra~1/raspbe~1/picosd~1.1/gcc-ar~1/bin/../lib/gcc/arm-none-eabi/10.3.1/../../../../arm-none-eabi/lib/thumb/v6-m/nofp\libg.a(lib_a-strlen-stub.o)
                0x10007164                strlen
 *(.fini)
 .fini          0x100071c0        0x4 c:/progra~1/raspbe~1/picosd~1.1/gcc-ar~1/bin/../lib/gcc/arm-none-eabi/10.3.1/thumb/v6-m/nofp/crti.o
                0x100071c0                _fini
 *fill*         0x100071c4        0x4 
 .fini.__stub   0x100071c8       0xe0 linker stubs
 *crtbegin.o(.ctors)
 *crtbegin?.o(.ctors)
 *(EXCLUDE_FILE(*crtend.o *crtend?.o) .ctors)
 *(SORT_BY_NAME(.ctors.*))
 *(.ctors)
 *crtbegin.o(.dtors)
 *crtbegin?.o(.dtors)
 *(EXCLUDE_FILE(*crtend.o *crtend?.o) .dtors)
 *(SORT_BY_NAME(.dtors.*))
 *(.dtors)
 *(.eh_frame*)
 .eh_frame      0x100072a8        0x0 c:/progra~1/raspbe~1/picosd~1.1/gcc-ar~1/bin/../lib/gcc/arm-none-eabi/10.3.1/thumb/v6-m/nofp/crtbegin.o
                0x100072a8                . = ALIGN (0x4)

.glue_7         0x100072a8        0x0
 .glue_7        0x100072a8        0x0 linker stubs

.glue_7t        0x100072a8        0x0
 .glue_7t       0x100072a8        0x0 linker stubs

.vfp11_veneer   0x100072a8        0x0
 .vfp11_veneer  0x100072a8        0x0 linker stubs

.v4_bx          0x100072a8        0x0
 .v4_bx         0x100072a8        0x0 linker stubs

.iplt           0x100072a8        0x0
 .iplt          0x100072a8        0x0 c:/progra~1/raspbe~1/picosd~1.1/gcc-ar~1/bin/../lib/gcc/arm-none-eabi/10.3.1/thumb/v6-m/nofp/crtbegin.o

.rodata         0x100072a8     0x17c4
 *(EXCLUDE_FILE(*libm.a: *libc.a:*lib_a-mem*.o *libgcc.a:) .rodata*)
 .rodata.readCompassDegrees.str1.4
                0x100072a8        0x0 robot_car/magnetometer/CMakeFiles/magnetometer.dir/magnetometer.c.obj
                                  0x1 (size before relaxing)
 .rodata.magnetometerTask.str1.4
                0x100072a8       0x33 robot_car/magnetometer/CMakeFiles/magnetometer.dir/magnetometer.c.obj
 *fill*         0x100072db        0x1 
 .rodata.spin_lock_claim_unused.str1.4
                0x100072dc       0x1b robot_car/magnetometer/CMakeFiles/magnetometer.dir/C_/Program_Files/Raspberry_Pi/Pico_SDK_v1.5.1/pico-sdk/src/rp2_common/hardware_sync/sync.c.obj
 *fill*         0x100072f7        0x1 
 .rodata.make_branch.str1.4
                0x100072f8       0x89 robot_car/magnetometer/CMakeFiles/magnetometer.dir/C_/Program_Files/Raspberry_Pi/Pico_SDK_v1.5.1/pico-sdk/src/rp2_common/hardware_irq/irq.c.obj
 *fill*         0x10007381        0x3 
 .rodata.insert_branch_and_link.str1.4
                0x10007384       0x10 robot_car/magnetometer/CMakeFiles/magnetometer.dir/C_/Program_Files/Raspberry_Pi/Pico_SDK_v1.5.1/pico-sdk/src/rp2_common/hardware_irq/irq.c.obj
 .rodata.irq_set_exclusive_handler.str1.4
                0x10007394       0x36 robot_car/magnetometer/CMakeFiles/magnetometer.dir/C_/Program_Files/Raspberry_Pi/Pico_SDK_v1.5.1/pico-sdk/src/rp2_common/hardware_irq/irq.c.obj
 *fill*         0x100073ca        0x2 
 .rodata.irq_add_shared_handler.str1.4
                0x100073cc       0xd9 robot_car/magnetometer/CMakeFiles/magnetometer.dir/C_/Program_Files/Raspberry_Pi/Pico_SDK_v1.5.1/pico-sdk/src/rp2_common/hardware_irq/irq.c.obj
 *fill*         0x100074a5        0x3 
 .rodata.irq_remove_handler.str1.4
                0x100074a8       0x3a robot_car/magnetometer/CMakeFiles/magnetometer.dir/C_/Program_Files/Raspberry_Pi/Pico_SDK_v1.5.1/pico-sdk/src/rp2_common/hardware_irq/irq.c.obj
 *fill*         0x100074e2        0x2 
 .rodata.irq_add_tail_to_free_list.str1.4
                0x100074e4       0x3a robot_car/magnetometer/CMakeFiles/magnetometer.dir/C_/Program_Files/Raspberry_Pi/Pico_SDK_v1.5.1/pico-sdk/src/rp2_common/hardware_irq/irq.c.obj
 *fill*         0x1000751e        0x2 
 .rodata.user_irq_claim_unused.str1.4
                0x10007520       0x1b robot_car/magnetometer/CMakeFiles/magnetometer.dir/C_/Program_Files/Raspberry_Pi/Pico_SDK_v1.5.1/pico-sdk/src/rp2_common/hardware_irq/irq.c.obj
 *fill*         0x1000753b        0x1 
 .rodata.__func__.0
                0x1000753c       0x1a robot_car/magnetometer/CMakeFiles/magnetometer.dir/C_/Program_Files/Raspberry_Pi/Pico_SDK_v1.5.1/pico-sdk/src/rp2_common/hardware_irq/irq.c.obj
 *fill*         0x10007556        0x2 
 .rodata.__func__.1
                0x10007558       0x17 robot_car/magnetometer/CMakeFiles/magnetometer.dir/C_/Program_Files/Raspberry_Pi/Pico_SDK_v1.5.1/pico-sdk/src/rp2_common/hardware_irq/irq.c.obj
 *fill*         0x1000756f        0x1 
 .rodata.__func__.2
                0x10007570       0x13 robot_car/magnetometer/CMakeFiles/magnetometer.dir/C_/Program_Files/Raspberry_Pi/Pico_SDK_v1.5.1/pico-sdk/src/rp2_common/hardware_irq/irq.c.obj
 *fill*         0x10007583        0x1 
 .rodata.__func__.3
                0x10007584        0xc robot_car/magnetometer/CMakeFiles/magnetometer.dir/C_/Program_Files/Raspberry_Pi/Pico_SDK_v1.5.1/pico-sdk/src/rp2_common/hardware_irq/irq.c.obj
 .rodata.__func__.4
                0x10007590        0xf robot_car/magnetometer/CMakeFiles/magnetometer.dir/C_/Program_Files/Raspberry_Pi/Pico_SDK_v1.5.1/pico-sdk/src/rp2_common/hardware_irq/irq.c.obj
 *fill*         0x1000759f        0x1 
 .rodata.__func__.5
                0x100075a0       0x17 robot_car/magnetometer/CMakeFiles/magnetometer.dir/C_/Program_Files/Raspberry_Pi/Pico_SDK_v1.5.1/pico-sdk/src/rp2_common/hardware_irq/irq.c.obj
 *fill*         0x100075b7        0x1 
 .rodata.__func__.6
                0x100075b8       0x1a robot_car/magnetometer/CMakeFiles/magnetometer.dir/C_/Program_Files/Raspberry_Pi/Pico_SDK_v1.5.1/pico-sdk/src/rp2_common/hardware_irq/irq.c.obj
 *fill*         0x100075d2        0x2 
 .rodata.str1.4
                0x100075d4      0x125 robot_car/magnetometer/CMakeFiles/magnetometer.dir/C_/Program_Files/Raspberry_Pi/Pico_SDK_v1.5.1/pico-sdk/src/common/pico_sync/mutex.c.obj
 *fill*         0x100076f9        0x3 
 .rodata.__func__.1
                0x100076fc        0xb robot_car/magnetometer/CMakeFiles/magnetometer.dir/C_/Program_Files/Raspberry_Pi/Pico_SDK_v1.5.1/pico-sdk/src/common/pico_sync/mutex.c.obj
 *fill*         0x10007707        0x1 
 .rodata.__func__.3
                0x10007708       0x18 robot_car/magnetometer/CMakeFiles/magnetometer.dir/C_/Program_Files/Raspberry_Pi/Pico_SDK_v1.5.1/pico-sdk/src/common/pico_sync/mutex.c.obj
 .rodata.__func__.4
                0x10007720       0x15 robot_car/magnetometer/CMakeFiles/magnetometer.dir/C_/Program_Files/Raspberry_Pi/Pico_SDK_v1.5.1/pico-sdk/src/common/pico_sync/mutex.c.obj
 *fill*         0x10007735        0x3 
 .rodata.repeating_timer_callback.str1.4
                0x10007738       0x67 robot_car/magnetometer/CMakeFiles/magnetometer.dir/C_/Program_Files/Raspberry_Pi/Pico_SDK_v1.5.1/pico-sdk/src/common/pico_time/time.c.obj
 *fill*         0x1000779f        0x1 
 .rodata.timer_pool_entry_comparator.str1.4
                0x100077a0       0x22 robot_car/magnetometer/CMakeFiles/magnetometer.dir/C_/Program_Files/Raspberry_Pi/Pico_SDK_v1.5.1/pico-sdk/src/common/pico_time/time.c.obj
 *fill*         0x100077c2        0x2 
 .rodata.ph_add_child_node.str1.4
                0x100077c4       0xb2 robot_car/magnetometer/CMakeFiles/magnetometer.dir/C_/Program_Files/Raspberry_Pi/Pico_SDK_v1.5.1/pico-sdk/src/common/pico_time/time.c.obj
 *fill*         0x10007876        0x2 
 .rodata.add_alarm_under_lock.str1.4
                0x10007878       0x28 robot_car/magnetometer/CMakeFiles/magnetometer.dir/C_/Program_Files/Raspberry_Pi/Pico_SDK_v1.5.1/pico-sdk/src/common/pico_time/time.c.obj
                                 0x2b (size before relaxing)
 .rodata.alarm_pool_alarm_callback.str1.4
                0x100078a0       0x98 robot_car/magnetometer/CMakeFiles/magnetometer.dir/C_/Program_Files/Raspberry_Pi/Pico_SDK_v1.5.1/pico-sdk/src/common/pico_time/time.c.obj
                                0x118 (size before relaxing)
 .rodata.alarm_pool_get_default.str1.4
                0x10007938       0x21 robot_car/magnetometer/CMakeFiles/magnetometer.dir/C_/Program_Files/Raspberry_Pi/Pico_SDK_v1.5.1/pico-sdk/src/common/pico_time/time.c.obj
 *fill*         0x10007959        0x3 
 .rodata.alarm_pool_cancel_alarm.str1.4
                0x1000795c       0x27 robot_car/magnetometer/CMakeFiles/magnetometer.dir/C_/Program_Files/Raspberry_Pi/Pico_SDK_v1.5.1/pico-sdk/src/common/pico_time/time.c.obj
 *fill*         0x10007983        0x1 
 .rodata.__func__.1
                0x10007984       0x18 robot_car/magnetometer/CMakeFiles/magnetometer.dir/C_/Program_Files/Raspberry_Pi/Pico_SDK_v1.5.1/pico-sdk/src/common/pico_time/time.c.obj
 .rodata.__func__.10
                0x1000799c       0x15 robot_car/magnetometer/CMakeFiles/magnetometer.dir/C_/Program_Files/Raspberry_Pi/Pico_SDK_v1.5.1/pico-sdk/src/common/pico_time/time.c.obj
 *fill*         0x100079b1        0x3 
 .rodata.__func__.11
                0x100079b4       0x1a robot_car/magnetometer/CMakeFiles/magnetometer.dir/C_/Program_Files/Raspberry_Pi/Pico_SDK_v1.5.1/pico-sdk/src/common/pico_time/time.c.obj
 *fill*         0x100079ce        0x2 
 .rodata.__func__.12
                0x100079d0        0xa robot_car/magnetometer/CMakeFiles/magnetometer.dir/C_/Program_Files/Raspberry_Pi/Pico_SDK_v1.5.1/pico-sdk/src/common/pico_time/time.c.obj
 *fill*         0x100079da        0x2 
 .rodata.__func__.3
                0x100079dc       0x17 robot_car/magnetometer/CMakeFiles/magnetometer.dir/C_/Program_Files/Raspberry_Pi/Pico_SDK_v1.5.1/pico-sdk/src/common/pico_time/time.c.obj
 *fill*         0x100079f3        0x1 
 .rodata.__func__.4
                0x100079f4       0x12 robot_car/magnetometer/CMakeFiles/magnetometer.dir/C_/Program_Files/Raspberry_Pi/Pico_SDK_v1.5.1/pico-sdk/src/common/pico_time/time.c.obj
 *fill*         0x10007a06        0x2 
 .rodata.__func__.5
                0x10007a08        0xd robot_car/magnetometer/CMakeFiles/magnetometer.dir/C_/Program_Files/Raspberry_Pi/Pico_SDK_v1.5.1/pico-sdk/src/common/pico_time/time.c.obj
 *fill*         0x10007a15        0x3 
 .rodata.__func__.6
                0x10007a18       0x12 robot_car/magnetometer/CMakeFiles/magnetometer.dir/C_/Program_Files/Raspberry_Pi/Pico_SDK_v1.5.1/pico-sdk/src/common/pico_time/time.c.obj
 *fill*         0x10007a2a        0x2 
 .rodata.__func__.7
                0x10007a2c        0xf robot_car/magnetometer/CMakeFiles/magnetometer.dir/C_/Program_Files/Raspberry_Pi/Pico_SDK_v1.5.1/pico-sdk/src/common/pico_time/time.c.obj
 *fill*         0x10007a3b        0x1 
 .rodata.__func__.8
                0x10007a3c        0xc robot_car/magnetometer/CMakeFiles/magnetometer.dir/C_/Program_Files/Raspberry_Pi/Pico_SDK_v1.5.1/pico-sdk/src/common/pico_time/time.c.obj
 .rodata.__func__.9
                0x10007a48       0x15 robot_car/magnetometer/CMakeFiles/magnetometer.dir/C_/Program_Files/Raspberry_Pi/Pico_SDK_v1.5.1/pico-sdk/src/common/pico_time/time.c.obj
 *fill*         0x10007a5d        0x3 
 .rodata.hardware_alarm_claim.str1.4
                0x10007a60       0x22 robot_car/magnetometer/CMakeFiles/magnetometer.dir/C_/Program_Files/Raspberry_Pi/Pico_SDK_v1.5.1/pico-sdk/src/rp2_common/hardware_timer/timer.c.obj
 *fill*         0x10007a82        0x2 
 .rodata.hardware_alarm_set_target.str1.4
                0x10007a84       0x81 robot_car/magnetometer/CMakeFiles/magnetometer.dir/C_/Program_Files/Raspberry_Pi/Pico_SDK_v1.5.1/pico-sdk/src/rp2_common/hardware_timer/timer.c.obj
 *fill*         0x10007b05        0x3 
 .rodata.__func__.0
                0x10007b08       0x1a robot_car/magnetometer/CMakeFiles/magnetometer.dir/C_/Program_Files/Raspberry_Pi/Pico_SDK_v1.5.1/pico-sdk/src/rp2_common/hardware_timer/timer.c.obj
 .rodata.ph_add_child_node.str1.4
                0x10007b22       0xb2 robot_car/magnetometer/CMakeFiles/magnetometer.dir/C_/Program_Files/Raspberry_Pi/Pico_SDK_v1.5.1/pico-sdk/src/common/pico_util/pheap.c.obj
 *fill*         0x10007b22        0x2 
 .rodata.ph_remove_any_head.str1.4
                0x10007b24       0xa8 robot_car/magnetometer/CMakeFiles/magnetometer.dir/C_/Program_Files/Raspberry_Pi/Pico_SDK_v1.5.1/pico-sdk/src/common/pico_util/pheap.c.obj
                                 0xbc (size before relaxing)
 .rodata.ph_remove_and_free_node.str1.4
                0x10007bcc       0x1e robot_car/magnetometer/CMakeFiles/magnetometer.dir/C_/Program_Files/Raspberry_Pi/Pico_SDK_v1.5.1/pico-sdk/src/common/pico_util/pheap.c.obj
                                 0x26 (size before relaxing)
 *fill*         0x10007bea        0x2 
 .rodata.__func__.0
                0x10007bec       0x18 robot_car/magnetometer/CMakeFiles/magnetometer.dir/C_/Program_Files/Raspberry_Pi/Pico_SDK_v1.5.1/pico-sdk/src/common/pico_util/pheap.c.obj
 .rodata.__func__.1
                0x10007c04       0x13 robot_car/magnetometer/CMakeFiles/magnetometer.dir/C_/Program_Files/Raspberry_Pi/Pico_SDK_v1.5.1/pico-sdk/src/common/pico_util/pheap.c.obj
 *fill*         0x10007c17        0x1 
 .rodata.__func__.2
                0x10007c18       0x12 robot_car/magnetometer/CMakeFiles/magnetometer.dir/C_/Program_Files/Raspberry_Pi/Pico_SDK_v1.5.1/pico-sdk/src/common/pico_util/pheap.c.obj
 *fill*         0x10007c2a        0x2 
 .rodata.__func__.3
                0x10007c2c        0xc robot_car/magnetometer/CMakeFiles/magnetometer.dir/C_/Program_Files/Raspberry_Pi/Pico_SDK_v1.5.1/pico-sdk/src/common/pico_util/pheap.c.obj
 .rodata.clock_configure.str1.4
                0x10007c38       0x73 robot_car/magnetometer/CMakeFiles/magnetometer.dir/C_/Program_Files/Raspberry_Pi/Pico_SDK_v1.5.1/pico-sdk/src/rp2_common/hardware_clocks/clocks.c.obj
 *fill*         0x10007cab        0x1 
 .rodata.__func__.1
                0x10007cac       0x10 robot_car/magnetometer/CMakeFiles/magnetometer.dir/C_/Program_Files/Raspberry_Pi/Pico_SDK_v1.5.1/pico-sdk/src/rp2_common/hardware_clocks/clocks.c.obj
 .rodata.pll_init.str1.4
                0x10007cbc      0x140 robot_car/magnetometer/CMakeFiles/magnetometer.dir/C_/Program_Files/Raspberry_Pi/Pico_SDK_v1.5.1/pico-sdk/src/rp2_common/hardware_pll/pll.c.obj
 .rodata.__func__.0
                0x10007dfc        0x9 robot_car/magnetometer/CMakeFiles/magnetometer.dir/C_/Program_Files/Raspberry_Pi/Pico_SDK_v1.5.1/pico-sdk/src/rp2_common/hardware_pll/pll.c.obj
 *fill*         0x10007e05        0x3 
 .rodata.__assert_func.str1.4
                0x10007e08       0x3f robot_car/magnetometer/CMakeFiles/magnetometer.dir/C_/Program_Files/Raspberry_Pi/Pico_SDK_v1.5.1/pico-sdk/src/rp2_common/pico_runtime/runtime.c.obj
                                 0x43 (size before relaxing)
 *fill*         0x10007e47        0x1 
 .rodata.runtime_init.str1.4
                0x10007e48       0x7d robot_car/magnetometer/CMakeFiles/magnetometer.dir/C_/Program_Files/Raspberry_Pi/Pico_SDK_v1.5.1/pico-sdk/src/rp2_common/pico_runtime/runtime.c.obj
 *fill*         0x10007ec5        0x3 
 .rodata.panic.str1.4
                0x10007ec8       0x12 robot_car/magnetometer/CMakeFiles/magnetometer.dir/C_/Program_Files/Raspberry_Pi/Pico_SDK_v1.5.1/pico-sdk/src/rp2_common/pico_runtime/runtime.c.obj
 *fill*         0x10007eda        0x2 
 .rodata.__func__.2
                0x10007edc        0xd robot_car/magnetometer/CMakeFiles/magnetometer.dir/C_/Program_Files/Raspberry_Pi/Pico_SDK_v1.5.1/pico-sdk/src/rp2_common/pico_runtime/runtime.c.obj
 *fill*         0x10007ee9        0x3 
 .rodata._ftoa.str1.4
                0x10007eec       0x15 robot_car/magnetometer/CMakeFiles/magnetometer.dir/C_/Program_Files/Raspberry_Pi/Pico_SDK_v1.5.1/pico-sdk/src/rp2_common/pico_printf/printf.c.obj
 *fill*         0x10007f01        0x3 
 .rodata._vsnprintf
                0x10007f04      0x1e0 robot_car/magnetometer/CMakeFiles/magnetometer.dir/C_/Program_Files/Raspberry_Pi/Pico_SDK_v1.5.1/pico-sdk/src/rp2_common/pico_printf/printf.c.obj
 *fill*         0x100080e4        0x4 
 .rodata.pow10.0
                0x100080e8       0x50 robot_car/magnetometer/CMakeFiles/magnetometer.dir/C_/Program_Files/Raspberry_Pi/Pico_SDK_v1.5.1/pico-sdk/src/rp2_common/pico_printf/printf.c.obj
 .rodata.missing_double_func_shim.str1.4
                0x10008138       0x18 robot_car/magnetometer/CMakeFiles/magnetometer.dir/C_/Program_Files/Raspberry_Pi/Pico_SDK_v1.5.1/pico-sdk/src/rp2_common/pico_double/double_init_rom.c.obj
 .rodata.__aeabi_double_init.str1.4
                0x10008150       0xb8 robot_car/magnetometer/CMakeFiles/magnetometer.dir/C_/Program_Files/Raspberry_Pi/Pico_SDK_v1.5.1/pico-sdk/src/rp2_common/pico_double/double_init_rom.c.obj
 .rodata.__func__.0
                0x10008208       0x14 robot_car/magnetometer/CMakeFiles/magnetometer.dir/C_/Program_Files/Raspberry_Pi/Pico_SDK_v1.5.1/pico-sdk/src/rp2_common/pico_double/double_init_rom.c.obj
 .rodata.missing_float_func_shim.str1.4
                0x1000821c        0x1 robot_car/magnetometer/CMakeFiles/magnetometer.dir/C_/Program_Files/Raspberry_Pi/Pico_SDK_v1.5.1/pico-sdk/src/rp2_common/pico_float/float_init_rom.c.obj
 .rodata.__aeabi_float_init.str1.4
                0x1000821c       0x96 robot_car/magnetometer/CMakeFiles/magnetometer.dir/C_/Program_Files/Raspberry_Pi/Pico_SDK_v1.5.1/pico-sdk/src/rp2_common/pico_float/float_init_rom.c.obj
 *fill*         0x100082b2        0x2 
 .rodata.__func__.0
                0x100082b4       0x13 robot_car/magnetometer/CMakeFiles/magnetometer.dir/C_/Program_Files/Raspberry_Pi/Pico_SDK_v1.5.1/pico-sdk/src/rp2_common/pico_float/float_init_rom.c.obj
 *fill*         0x100082c7        0x1 
 .rodata.str1.4
                0x100082c8       0x44 robot_car/magnetometer/CMakeFiles/magnetometer.dir/C_/Program_Files/Raspberry_Pi/Pico_SDK_v1.5.1/pico-sdk/src/rp2_common/pico_standard_link/binary_info.c.obj
 .rodata.__bi_44
                0x1000830c        0xc robot_car/magnetometer/CMakeFiles/magnetometer.dir/C_/Program_Files/Raspberry_Pi/Pico_SDK_v1.5.1/pico-sdk/src/rp2_common/pico_standard_link/binary_info.c.obj
 .rodata.__bi_75
                0x10008318        0xc robot_car/magnetometer/CMakeFiles/magnetometer.dir/C_/Program_Files/Raspberry_Pi/Pico_SDK_v1.5.1/pico-sdk/src/rp2_common/pico_standard_link/binary_info.c.obj
 .rodata.__bi_81
                0x10008324        0xc robot_car/magnetometer/CMakeFiles/magnetometer.dir/C_/Program_Files/Raspberry_Pi/Pico_SDK_v1.5.1/pico-sdk/src/rp2_common/pico_standard_link/binary_info.c.obj
 .rodata.stdout_serialize_begin.str1.4
                0x10008330       0x7d robot_car/magnetometer/CMakeFiles/magnetometer.dir/C_/Program_Files/Raspberry_Pi/Pico_SDK_v1.5.1/pico-sdk/src/rp2_common/pico_stdio/stdio.c.obj
 .rodata.__func__.3
                0x10008330       0x15 robot_car/magnetometer/CMakeFiles/magnetometer.dir/C_/Program_Files/Raspberry_Pi/Pico_SDK_v1.5.1/pico-sdk/src/rp2_common/pico_stdio/stdio.c.obj
 *fill*         0x10008345        0x3 
 .rodata.crlf_str.2
                0x10008348        0x2 robot_car/magnetometer/CMakeFiles/magnetometer.dir/C_/Program_Files/Raspberry_Pi/Pico_SDK_v1.5.1/pico-sdk/src/rp2_common/pico_stdio/stdio.c.obj
 *fill*         0x1000834a        0x2 
 .rodata._resetd_driver
                0x1000834c       0x18 robot_car/magnetometer/CMakeFiles/magnetometer.dir/C_/Program_Files/Raspberry_Pi/Pico_SDK_v1.5.1/pico-sdk/src/rp2_common/pico_stdio_usb/reset_interface.c.obj
 .rodata.low_priority_worker_irq.str1.4
                0x10008364       0x7d robot_car/magnetometer/CMakeFiles/magnetometer.dir/C_/Program_Files/Raspberry_Pi/Pico_SDK_v1.5.1/pico-sdk/src/rp2_common/pico_stdio_usb/stdio_usb.c.obj
 .rodata.stdio_usb_init.str1.4
                0x10008364       0x61 robot_car/magnetometer/CMakeFiles/magnetometer.dir/C_/Program_Files/Raspberry_Pi/Pico_SDK_v1.5.1/pico-sdk/src/rp2_common/pico_stdio_usb/stdio_usb.c.obj
                                 0x69 (size before relaxing)
 *fill*         0x100083c5        0x3 
 .rodata.str1.4
                0x100083c8       0x13 robot_car/magnetometer/CMakeFiles/magnetometer.dir/C_/Program_Files/Raspberry_Pi/Pico_SDK_v1.5.1/pico-sdk/src/rp2_common/pico_stdio_usb/stdio_usb.c.obj
 *fill*         0x100083db        0x1 
 .rodata.__bi_182.0
                0x100083dc        0xc robot_car/magnetometer/CMakeFiles/magnetometer.dir/C_/Program_Files/Raspberry_Pi/Pico_SDK_v1.5.1/pico-sdk/src/rp2_common/pico_stdio_usb/stdio_usb.c.obj
 .rodata.__func__.1
                0x100083e8        0xf robot_car/magnetometer/CMakeFiles/magnetometer.dir/C_/Program_Files/Raspberry_Pi/Pico_SDK_v1.5.1/pico-sdk/src/rp2_common/pico_stdio_usb/stdio_usb.c.obj
 *fill*         0x100083f7        0x1 
 .rodata.__func__.3
                0x100083f8       0x15 robot_car/magnetometer/CMakeFiles/magnetometer.dir/C_/Program_Files/Raspberry_Pi/Pico_SDK_v1.5.1/pico-sdk/src/rp2_common/pico_stdio_usb/stdio_usb.c.obj
 *fill*         0x1000840d        0x3 
 .rodata.str1.4
                0x10008410       0x2a robot_car/magnetometer/CMakeFiles/magnetometer.dir/C_/Program_Files/Raspberry_Pi/Pico_SDK_v1.5.1/pico-sdk/src/rp2_common/pico_stdio_usb/stdio_usb_descriptors.c.obj
 *fill*         0x1000843a        0x2 
 .rodata.usbd_desc_cfg
                0x1000843c       0x54 robot_car/magnetometer/CMakeFiles/magnetometer.dir/C_/Program_Files/Raspberry_Pi/Pico_SDK_v1.5.1/pico-sdk/src/rp2_common/pico_stdio_usb/stdio_usb_descriptors.c.obj
 .rodata.usbd_desc_device
                0x10008490       0x12 robot_car/magnetometer/CMakeFiles/magnetometer.dir/C_/Program_Files/Raspberry_Pi/Pico_SDK_v1.5.1/pico-sdk/src/rp2_common/pico_stdio_usb/stdio_usb_descriptors.c.obj
 *fill*         0x100084a2        0x2 
 .rodata.usbd_desc_str
                0x100084a4       0x18 robot_car/magnetometer/CMakeFiles/magnetometer.dir/C_/Program_Files/Raspberry_Pi/Pico_SDK_v1.5.1/pico-sdk/src/rp2_common/pico_stdio_usb/stdio_usb_descriptors.c.obj
 .rodata.pico_get_unique_board_id_string.str1.4
                0x100084bc       0x69 robot_car/magnetometer/CMakeFiles/magnetometer.dir/C_/Program_Files/Raspberry_Pi/Pico_SDK_v1.5.1/pico-sdk/src/rp2_common/pico_unique_id/unique_id.c.obj
 *fill*         0x10008525        0x3 
 .rodata.__func__.0
                0x10008528       0x20 robot_car/magnetometer/CMakeFiles/magnetometer.dir/C_/Program_Files/Raspberry_Pi/Pico_SDK_v1.5.1/pico-sdk/src/rp2_common/pico_unique_id/unique_id.c.obj
 .rodata.str1.4
                0x10008548      0x176 robot_car/magnetometer/CMakeFiles/magnetometer.dir/C_/Program_Files/Raspberry_Pi/Pico_SDK_v1.5.1/pico-sdk/src/rp2_common/hardware_flash/flash.c.obj
 *fill*         0x100086be        0x2 
 .rodata.__func__.0
                0x100086c0        0xd robot_car/magnetometer/CMakeFiles/magnetometer.dir/C_/Program_Files/Raspberry_Pi/Pico_SDK_v1.5.1/pico-sdk/src/rp2_common/hardware_flash/flash.c.obj
 *fill*         0x100086cd        0x3 
 .rodata._hw_endpoint_alloc.str1.4
                0x100086d0       0xd1 robot_car/magnetometer/CMakeFiles/magnetometer.dir/C_/Program_Files/Raspberry_Pi/Pico_SDK_v1.5.1/pico-sdk/lib/tinyusb/src/portable/raspberrypi/rp2040/dcd_rp2040.c.obj
 *fill*         0x100087a1        0x3 
 .rodata.str1.4