Archive member included to satisfy reference by file (symbol)

libpico_ultrasonic.a(ultrasonic.c.obj)
                              CMakeFiles/centimeter.dir/cmExample.c.obj (setupUltrasonicPins)
/Applications/ArmGNUToolchain/12.3.rel1/arm-none-eabi/bin/../lib/gcc/arm-none-eabi/12.3.1/thumb/v6-m/nofp/libgcc.a(_dvmd_tls.o)
                              CMakeFiles/centimeter.dir/Users/elias/pico/pico-sdk/src/rp2_common/pico_divider/divider.S.obj (__aeabi_idiv0)
/Applications/ArmGNUToolchain/12.3.rel1/arm-none-eabi/bin/../lib/gcc/arm-none-eabi/12.3.1/../../../../arm-none-eabi/lib/thumb/v6-m/nofp/libg.a(libc_a-calloc.o)
                              CMakeFiles/centimeter.dir/Users/elias/pico/pico-sdk/src/rp2_common/pico_malloc/pico_malloc.c.obj (calloc)
/Applications/ArmGNUToolchain/12.3.rel1/arm-none-eabi/bin/../lib/gcc/arm-none-eabi/12.3.1/../../../../arm-none-eabi/lib/thumb/v6-m/nofp/libg.a(libc_a-callocr.o)
                              /Applications/ArmGNUToolchain/12.3.rel1/arm-none-eabi/bin/../lib/gcc/arm-none-eabi/12.3.1/../../../../arm-none-eabi/lib/thumb/v6-m/nofp/libg.a(libc_a-calloc.o) (_calloc_r)
/Applications/ArmGNUToolchain/12.3.rel1/arm-none-eabi/bin/../lib/gcc/arm-none-eabi/12.3.1/../../../../arm-none-eabi/lib/thumb/v6-m/nofp/libg.a(libc_a-malloc.o)
                              CMakeFiles/centimeter.dir/Users/elias/pico/pico-sdk/src/rp2_common/pico_malloc/pico_malloc.c.obj (malloc)
/Applications/ArmGNUToolchain/12.3.rel1/arm-none-eabi/bin/../lib/gcc/arm-none-eabi/12.3.1/../../../../arm-none-eabi/lib/thumb/v6-m/nofp/libg.a(libc_a-mallocr.o)
                              /Applications/ArmGNUToolchain/12.3.rel1/arm-none-eabi/bin/../lib/gcc/arm-none-eabi/12.3.1/../../../../arm-none-eabi/lib/thumb/v6-m/nofp/libg.a(libc_a-callocr.o) (_malloc_r)
/Applications/ArmGNUToolchain/12.3.rel1/arm-none-eabi/bin/../lib/gcc/arm-none-eabi/12.3.1/../../../../arm-none-eabi/lib/thumb/v6-m/nofp/libg.a(libc_a-mlock.o)
                              /Applications/ArmGNUToolchain/12.3.rel1/arm-none-eabi/bin/../lib/gcc/arm-none-eabi/12.3.1/../../../../arm-none-eabi/lib/thumb/v6-m/nofp/libg.a(libc_a-mallocr.o) (__malloc_lock)
/Applications/ArmGNUToolchain/12.3.rel1/arm-none-eabi/bin/../lib/gcc/arm-none-eabi/12.3.1/../../../../arm-none-eabi/lib/thumb/v6-m/nofp/libg.a(libc_a-realloc.o)
                              CMakeFiles/centimeter.dir/Users/elias/pico/pico-sdk/src/rp2_common/pico_malloc/pico_malloc.c.obj (realloc)
/Applications/ArmGNUToolchain/12.3.rel1/arm-none-eabi/bin/../lib/gcc/arm-none-eabi/12.3.1/../../../../arm-none-eabi/lib/thumb/v6-m/nofp/libg.a(libc_a-reallocr.o)
                              /Applications/ArmGNUToolchain/12.3.rel1/arm-none-eabi/bin/../lib/gcc/arm-none-eabi/12.3.1/../../../../arm-none-eabi/lib/thumb/v6-m/nofp/libg.a(libc_a-realloc.o) (_realloc_r)
/Applications/ArmGNUToolchain/12.3.rel1/arm-none-eabi/bin/../lib/gcc/arm-none-eabi/12.3.1/../../../../arm-none-eabi/lib/thumb/v6-m/nofp/libg.a(libc_a-memmove.o)
                              /Applications/ArmGNUToolchain/12.3.rel1/arm-none-eabi/bin/../lib/gcc/arm-none-eabi/12.3.1/../../../../arm-none-eabi/lib/thumb/v6-m/nofp/libg.a(libc_a-reallocr.o) (memmove)
/Applications/ArmGNUToolchain/12.3.rel1/arm-none-eabi/bin/../lib/gcc/arm-none-eabi/12.3.1/../../../../arm-none-eabi/lib/thumb/v6-m/nofp/libg.a(libc_a-impure.o)
                              /Applications/ArmGNUToolchain/12.3.rel1/arm-none-eabi/bin/../lib/gcc/arm-none-eabi/12.3.1/../../../../arm-none-eabi/lib/thumb/v6-m/nofp/libg.a(libc_a-calloc.o) (_impure_ptr)
/Applications/ArmGNUToolchain/12.3.rel1/arm-none-eabi/bin/../lib/gcc/arm-none-eabi/12.3.1/../../../../arm-none-eabi/lib/thumb/v6-m/nofp/libg.a(libc_a-sbrkr.o)
                              /Applications/ArmGNUToolchain/12.3.rel1/arm-none-eabi/bin/../lib/gcc/arm-none-eabi/12.3.1/../../../../arm-none-eabi/lib/thumb/v6-m/nofp/libg.a(libc_a-mallocr.o) (_sbrk_r)
/Applications/ArmGNUToolchain/12.3.rel1/arm-none-eabi/bin/../lib/gcc/arm-none-eabi/12.3.1/../../../../arm-none-eabi/lib/thumb/v6-m/nofp/libg.a(libc_a-errno.o)
                              /Applications/ArmGNUToolchain/12.3.rel1/arm-none-eabi/bin/../lib/gcc/arm-none-eabi/12.3.1/../../../../arm-none-eabi/lib/thumb/v6-m/nofp/libg.a(libc_a-callocr.o) (__errno)
/Applications/ArmGNUToolchain/12.3.rel1/arm-none-eabi/bin/../lib/gcc/arm-none-eabi/12.3.1/../../../../arm-none-eabi/lib/thumb/v6-m/nofp/libg.a(libc_a-sysconf.o)
                              /Applications/ArmGNUToolchain/12.3.rel1/arm-none-eabi/bin/../lib/gcc/arm-none-eabi/12.3.1/../../../../arm-none-eabi/lib/thumb/v6-m/nofp/libg.a(libc_a-mallocr.o) (sysconf)
/Applications/ArmGNUToolchain/12.3.rel1/arm-none-eabi/bin/../lib/gcc/arm-none-eabi/12.3.1/../../../../arm-none-eabi/lib/thumb/v6-m/nofp/libg.a(libc_a-init.o)
                              /Applications/ArmGNUToolchain/12.3.rel1/arm-none-eabi/bin/../lib/gcc/arm-none-eabi/12.3.1/../../../../arm-none-eabi/lib/thumb/v6-m/nofp/crt0.o (__libc_init_array)
[...]
Memory Configuration

Name             Origin             Length             Attributes
FLASH            0x10000000         0x00200000         xr
RAM              0x20000000         0x00040000         xrw
SCRATCH_X        0x20040000         0x00001000         xrw
SCRATCH_Y        0x20041000         0x00001000         xrw
*default*        0x00000000         0xffffffff

Linker script and memory map

LOAD /Applications/ArmGNUToolchain/12.3.rel1/arm-none-eabi/bin/../lib/gcc/arm-none-eabi/12.3.1/thumb/v6-m/nofp/crti.o
LOAD /Applications/ArmGNUToolchain/12.3.rel1/arm-none-eabi/bin/../lib/gcc/arm-none-eabi/12.3.1/thumb/v6-m/nofp/crtbegin.o
LOAD /Applications/ArmGNUToolchain/12.3.rel1/arm-none-eabi/bin/../lib/gcc/arm-none-eabi/12.3.1/../../../../arm-none-eabi/lib/thumb/v6-m/nofp/crt0.o

.flash_begin    0x10000000        0x0
                0x10000000                        __flash_binary_start = .

.boot2          0x10000000      0x100
                0x10000000                        __boot2_start__ = .
 *(.boot2)
 .boot2         0x10000000      0x100 /var/folders/c3/b1ll8_793tj6jdswmnlh1x9h0000gn/T//cccdsZGk.o
                0x10000100                        __boot2_end__ = .
                0x00000001                        ASSERT (((__boot2_end__ - __boot2_start__) == 0x100), ERROR: Pico second stage bootloader must be 256 bytes in size)

.text           0x10000100     0x6658
                0x10000100                        __logical_binary_start = .
 *(.vectors)
 .vectors       0x10000100       0xd4 CMakeFiles/centimeter.dir/Users/elias/pico/pico-sdk/src/rp2_common/pico_standard_link/crt0.S.obj
                0x10000100                __VECTOR_TABLE
                0x10000100                __vectors
                0x100001c0                __default_isrs_start
                0x100001c0                isr_invalid
                0x100001c2                isr_nmi
                0x100001c4                isr_hardfault
                0x100001c6                isr_svcall
                0x100001c8                isr_pendsv
                0x100001ca                isr_systick
                0x100001cc                isr_irq28
                0x100001cc                isr_irq19
                0x100001cc                isr_irq0
                0x100001cc                isr_irq6
                0x100001cc                isr_irq22
                0x100001cc                isr_irq17
                0x100001cc                isr_irq14
                0x100001cc                isr_irq2
                0x100001cc                isr_irq10
                0x100001cc                isr_irq8
                0x100001cc                isr_irq24
                0x100001cc                isr_irq1
                0x100001cc                isr_irq7
                0x100001cc                isr_irq21
                0x100001cc                isr_irq20
                0x100001cc                isr_irq15
                0x100001cc                isr_irq25
                0x100001cc                isr_irq4
                0x100001cc                isr_irq16
                0x100001cc                isr_irq29
                0x100001cc                isr_irq26
                0x100001cc                __default_isrs_end
                0x100001cc                isr_irq3
                0x100001cc                isr_irq9
                0x100001cc                __unhandled_user_irq
                0x100001cc                isr_irq13
                0x100001cc                isr_irq27
                0x100001cc                isr_irq31
                0x100001cc                isr_irq5
                0x100001cc                isr_irq11
                0x100001cc                isr_irq23
                0x100001cc                isr_irq18
                0x100001cc                isr_irq30
                0x100001cc                isr_irq12
                0x100001d2                unhandled_user_irq_num_in_r0
 *(.binary_info_header)
 .binary_info_header
                0x100001d4       0x14 CMakeFiles/centimeter.dir/Users/elias/pico/pico-sdk/src/rp2_common/pico_standard_link/crt0.S.obj
                0x100001e8                        __binary_info_header_end = .
 *(.reset)
 .reset         0x100001e8       0xa0 CMakeFiles/centimeter.dir/Users/elias/pico/pico-sdk/src/rp2_common/pico_standard_link/crt0.S.obj
                0x100001e8                _entry_point
 .reset         0x10000288       0x30 CMakeFiles/centimeter.dir/Users/elias/pico/pico-sdk/src/rp2_common/pico_standard_link/binary_info.c.obj
 *(.init)
 .init          0x100002b8        0x4 /Applications/ArmGNUToolchain/12.3.rel1/arm-none-eabi/bin/../lib/gcc/arm-none-eabi/12.3.1/thumb/v6-m/nofp/crti.o
                0x100002b8                _init
 *(EXCLUDE_FILE(*libm.a: *libc.a:*lib_a-mem*.o *libgcc.a:) .text*)
 .text.register_tm_clones
                0x100002bc       0x28 /Applications/ArmGNUToolchain/12.3.rel1/arm-none-eabi/bin/../lib/gcc/arm-none-eabi/12.3.1/thumb/v6-m/nofp/crtbegin.o
 .text.frame_dummy
                0x100002e4       0x24 /Applications/ArmGNUToolchain/12.3.rel1/arm-none-eabi/bin/../lib/gcc/arm-none-eabi/12.3.1/thumb/v6-m/nofp/crtbegin.o
 .text.main     0x10000308       0x40 CMakeFiles/centimeter.dir/cmExample.c.obj
                0x10000308                main
 .text.gpio_set_function
                0x10000348       0x30 CMakeFiles/centimeter.dir/Users/elias/pico/pico-sdk/src/rp2_common/hardware_gpio/gpio.c.obj
                0x10000348                gpio_set_function
 .text.gpio_init
                0x10000378       0x16 CMakeFiles/centimeter.dir/Users/elias/pico/pico-sdk/src/rp2_common/hardware_gpio/gpio.c.obj
                0x10000378                gpio_init
 *fill*         0x1000038e        0x2 
 .text.running_on_fpga
                0x10000390       0x14 CMakeFiles/centimeter.dir/Users/elias/pico/pico-sdk/src/rp2_common/pico_platform/platform.c.obj
                0x10000390                running_on_fpga
 .text.hw_claim_lock
                0x100003a4       0x18 CMakeFiles/centimeter.dir/Users/elias/pico/pico-sdk/src/rp2_common/hardware_claim/claim.c.obj
                0x100003a4                hw_claim_lock
 .text.hw_claim_unlock
                0x100003bc       0x14 CMakeFiles/centimeter.dir/Users/elias/pico/pico-sdk/src/rp2_common/hardware_claim/claim.c.obj
                0x100003bc                hw_claim_unlock
 .text.hw_claim_or_assert
                0x100003d0       0x32 CMakeFiles/centimeter.dir/Users/elias/pico/pico-sdk/src/rp2_common/hardware_claim/claim.c.obj
                0x100003d0                hw_claim_or_assert
 .text.hw_claim_unused_from_range
                0x10000402       0x50 CMakeFiles/centimeter.dir/Users/elias/pico/pico-sdk/src/rp2_common/hardware_claim/claim.c.obj
                0x10000402                hw_claim_unused_from_range
 *fill*         0x10000452        0x2 
 .text.spin_locks_reset
                0x10000454       0x20 CMakeFiles/centimeter.dir/Users/elias/pico/pico-sdk/src/rp2_common/hardware_sync/sync.c.obj
                0x10000454                spin_locks_reset
 .text.next_striped_spin_lock_num
                0x10000474       0x1c CMakeFiles/centimeter.dir/Users/elias/pico/pico-sdk/src/rp2_common/hardware_sync/sync.c.obj
                0x10000474                next_striped_spin_lock_num
 .text.spin_lock_claim_unused
                0x10000490       0x24 CMakeFiles/centimeter.dir/Users/elias/pico/pico-sdk/src/rp2_common/hardware_sync/sync.c.obj
                0x10000490                spin_lock_claim_unused
 .text.set_raw_irq_handler_and_unlock
                0x100004b4       0x28 CMakeFiles/centimeter.dir/Users/elias/pico/pico-sdk/src/rp2_common/hardware_irq/irq.c.obj
 .text.resolve_branch
                0x100004dc       0x30 CMakeFiles/centimeter.dir/Users/elias/pico/pico-sdk/src/rp2_common/hardware_irq/irq.c.obj
 .text.make_branch
                0x1000050c       0x48 CMakeFiles/centimeter.dir/Users/elias/pico/pico-sdk/src/rp2_common/hardware_irq/irq.c.obj
 .text.insert_branch_and_link
                0x10000554       0x40 CMakeFiles/centimeter.dir/Users/elias/pico/pico-sdk/src/rp2_common/hardware_irq/irq.c.obj
 .text.irq_is_enabled
                0x10000594       0x18 CMakeFiles/centimeter.dir/Users/elias/pico/pico-sdk/src/rp2_common/hardware_irq/irq.c.obj
                0x10000594                irq_is_enabled
 .text.irq_set_mask_enabled
                0x100005ac       0x20 CMakeFiles/centimeter.dir/Users/elias/pico/pico-sdk/src/rp2_common/hardware_irq/irq.c.obj
                0x100005ac                irq_set_mask_enabled
 .text.irq_set_enabled
                0x100005cc        0xe CMakeFiles/centimeter.dir/Users/elias/pico/pico-sdk/src/rp2_common/hardware_irq/irq.c.obj
                0x100005cc                irq_set_enabled
 *fill*         0x100005da        0x2 
 .text.irq_set_pending
                0x100005dc       0x10 CMakeFiles/centimeter.dir/Users/elias/pico/pico-sdk/src/rp2_common/hardware_irq/irq.c.obj
                0x100005dc                irq_set_pending
 .text.irq_get_vtable_handler
                0x100005ec       0x10 CMakeFiles/centimeter.dir/Users/elias/pico/pico-sdk/src/rp2_common/hardware_irq/irq.c.obj
                0x100005ec                irq_get_vtable_handler
 .text.irq_has_shared_handler
                0x100005fc       0x24 CMakeFiles/centimeter.dir/Users/elias/pico/pico-sdk/src/rp2_common/hardware_irq/irq.c.obj
                0x100005fc                irq_has_shared_handler
 .text.irq_set_exclusive_handler
                0x10000620       0x54 CMakeFiles/centimeter.dir/Users/elias/pico/pico-sdk/src/rp2_common/hardware_irq/irq.c.obj
                0x10000620                irq_set_exclusive_handler
 .text.irq_add_shared_handler
                0x10000674      0x210 CMakeFiles/centimeter.dir/Users/elias/pico/pico-sdk/src/rp2_common/hardware_irq/irq.c.obj
                0x10000674                irq_add_shared_handler
 .text.irq_remove_handler
                0x10000884      0x188 CMakeFiles/centimeter.dir/Users/elias/pico/pico-sdk/src/rp2_common/hardware_irq/irq.c.obj
                0x10000884                irq_remove_handler
 .text.irq_add_tail_to_free_list
                0x10000a0c       0xf0 CMakeFiles/centimeter.dir/Users/elias/pico/pico-sdk/src/rp2_common/hardware_irq/irq.c.obj
                0x10000a0c                irq_add_tail_to_free_list
 .text.irq_init_priorities
                0x10000afc       0x1c CMakeFiles/centimeter.dir/Users/elias/pico/pico-sdk/src/rp2_common/hardware_irq/irq.c.obj
                0x10000afc                irq_init_priorities
 .text.user_irq_claim_unused
                0x10000b18       0x2c CMakeFiles/centimeter.dir/Users/elias/pico/pico-sdk/src/rp2_common/hardware_irq/irq.c.obj
                0x10000b18                user_irq_claim_unused
 .text.lock_init
                0x10000b44       0x10 CMakeFiles/centimeter.dir/Users/elias/pico/pico-sdk/src/common/pico_sync/lock_core.c.obj
                0x10000b44                lock_init
 .text.update_us_since_boot
                0x10000b54       0x24 CMakeFiles/centimeter.dir/Users/elias/pico/pico-sdk/src/common/pico_sync/mutex.c.obj
 .text.delayed_by_ms
                0x10000b78       0x44 CMakeFiles/centimeter.dir/Users/elias/pico/pico-sdk/src/common/pico_sync/mutex.c.obj
 .text.get_absolute_time
                0x10000bbc       0x22 CMakeFiles/centimeter.dir/Users/elias/pico/pico-sdk/src/common/pico_sync/mutex.c.obj
 .text.make_timeout_time_ms
                0x10000bde       0x20 CMakeFiles/centimeter.dir/Users/elias/pico/pico-sdk/src/common/pico_sync/mutex.c.obj
 .text.mutex_init
                0x10000bfe       0x1a CMakeFiles/centimeter.dir/Users/elias/pico/pico-sdk/src/common/pico_sync/mutex.c.obj
                0x10000bfe                mutex_init
 .text.recursive_mutex_init
                0x10000c18       0x1e CMakeFiles/centimeter.dir/Users/elias/pico/pico-sdk/src/common/pico_sync/mutex.c.obj
                0x10000c18                recursive_mutex_init
 *fill*         0x10000c36        0x2 
 .text.critical_section_init_with_lock_num
                0x10000c38       0x14 CMakeFiles/centimeter.dir/Users/elias/pico/pico-sdk/src/common/pico_sync/critical_section.c.obj
                0x10000c38                critical_section_init_with_lock_num
 .text.critical_section_init
                0x10000c4c       0x14 CMakeFiles/centimeter.dir/Users/elias/pico/pico-sdk/src/common/pico_sync/critical_section.c.obj
                0x10000c4c                critical_section_init
 .text.time_reached
                0x10000c60       0x28 CMakeFiles/centimeter.dir/Users/elias/pico/pico-sdk/src/common/pico_time/time.c.obj
 .text.get_entry
                0x10000c88       0x38 CMakeFiles/centimeter.dir/Users/elias/pico/pico-sdk/src/common/pico_time/time.c.obj
 .text.timer_pool_entry_comparator
                0x10000cc0       0x2e CMakeFiles/centimeter.dir/Users/elias/pico/pico-sdk/src/common/pico_time/time.c.obj
                0x10000cc0                timer_pool_entry_comparator
 *fill*         0x10000cee        0x2 
 .text.update_us_since_boot
                0x10000cf0       0x24 CMakeFiles/centimeter.dir/Users/elias/pico/pico-sdk/src/common/pico_time/time.c.obj
 .text.delayed_by_us
                0x10000d14       0x34 CMakeFiles/centimeter.dir/Users/elias/pico/pico-sdk/src/common/pico_time/time.c.obj
 .text.ph_get_node
                0x10000d48       0x30 CMakeFiles/centimeter.dir/Users/elias/pico/pico-sdk/src/common/pico_time/time.c.obj
 .text.ph_contains_node
                0x10000d78       0x1e CMakeFiles/centimeter.dir/Users/elias/pico/pico-sdk/src/common/pico_time/time.c.obj
 .text.ph_new_node
                0x10000d96       0x28 CMakeFiles/centimeter.dir/Users/elias/pico/pico-sdk/src/common/pico_time/time.c.obj
 *fill*         0x10000dbe        0x2 
 .text.ph_add_child_node
                0x10000dc0       0x6c CMakeFiles/centimeter.dir/Users/elias/pico/pico-sdk/src/common/pico_time/time.c.obj
 .text.ph_merge_nodes
                0x10000e2c       0x3e CMakeFiles/centimeter.dir/Users/elias/pico/pico-sdk/src/common/pico_time/time.c.obj
 *fill*         0x10000e6a        0x2 
 .text.ph_insert_node
                0x10000e6c       0x3c CMakeFiles/centimeter.dir/Users/elias/pico/pico-sdk/src/common/pico_time/time.c.obj
 .text.ph_free_node
                0x10000ea8       0x5c CMakeFiles/centimeter.dir/Users/elias/pico/pico-sdk/src/common/pico_time/time.c.obj
 .text.get_entry_id_high
                0x10000f04       0x30 CMakeFiles/centimeter.dir/Users/elias/pico/pico-sdk/src/common/pico_time/time.c.obj
 .text.alarm_pool_post_alloc_init
                0x10000f34       0x40 CMakeFiles/centimeter.dir/Users/elias/pico/pico-sdk/src/common/pico_time/time.c.obj
 .text.sleep_until_callback
                0x10000f74       0x30 CMakeFiles/centimeter.dir/Users/elias/pico/pico-sdk/src/common/pico_time/time.c.obj
 .text.get_absolute_time
                0x10000fa4       0x22 CMakeFiles/centimeter.dir/Users/elias/pico/pico-sdk/src/common/pico_time/time.c.obj
 .text.make_timeout_time_us
                0x10000fc6       0x24 CMakeFiles/centimeter.dir/Users/elias/pico/pico-sdk/src/common/pico_time/time.c.obj
 *fill*         0x10000fea        0x2 
 .text.add_alarm_under_lock
                0x10000fec       0x94 CMakeFiles/centimeter.dir/Users/elias/pico/pico-sdk/src/common/pico_time/time.c.obj
 .text.alarm_pool_alarm_callback
                0x10001080      0x210 CMakeFiles/centimeter.dir/Users/elias/pico/pico-sdk/src/common/pico_time/time.c.obj
 .text.alarm_pool_init_default
                0x10001290       0x40 CMakeFiles/centimeter.dir/Users/elias/pico/pico-sdk/src/common/pico_time/time.c.obj
                0x10001290                alarm_pool_init_default
 .text.alarm_pool_get_default
                0x100012d0       0x2c CMakeFiles/centimeter.dir/Users/elias/pico/pico-sdk/src/common/pico_time/time.c.obj
                0x100012d0                alarm_pool_get_default
 .text.alarm_pool_add_alarm_at
                0x100012fc      0x10e CMakeFiles/centimeter.dir/Users/elias/pico/pico-sdk/src/common/pico_time/time.c.obj
                0x100012fc                alarm_pool_add_alarm_at
 .text.add_alarm_at
                0x1000140a       0x2e CMakeFiles/centimeter.dir/Users/elias/pico/pico-sdk/src/common/pico_time/time.c.obj
 .text.alarm_pool_cancel_alarm
                0x10001438       0xa8 CMakeFiles/centimeter.dir/Users/elias/pico/pico-sdk/src/common/pico_time/time.c.obj
                0x10001438                alarm_pool_cancel_alarm
 .text.cancel_alarm
                0x100014e0       0x10 CMakeFiles/centimeter.dir/Users/elias/pico/pico-sdk/src/common/pico_time/time.c.obj
 .text.alarm_pool_core_num
                0x100014f0        0x4 CMakeFiles/centimeter.dir/Users/elias/pico/pico-sdk/src/common/pico_time/time.c.obj
                0x100014f0                alarm_pool_core_num
 .text.sleep_until
                0x100014f4       0xb0 CMakeFiles/centimeter.dir/Users/elias/pico/pico-sdk/src/common/pico_time/time.c.obj
                0x100014f4                sleep_until
 .text.sleep_us
                0x100015a4       0x1a CMakeFiles/centimeter.dir/Users/elias/pico/pico-sdk/src/common/pico_time/time.c.obj
                0x100015a4                sleep_us
 .text.sleep_ms
                0x100015be       0x14 CMakeFiles/centimeter.dir/Users/elias/pico/pico-sdk/src/common/pico_time/time.c.obj
                0x100015be                sleep_ms
 *fill*         0x100015d2        0x2 
 .text.best_effort_wfe_or_timeout
                0x100015d4       0x44 CMakeFiles/centimeter.dir/Users/elias/pico/pico-sdk/src/common/pico_time/time.c.obj
                0x100015d4                best_effort_wfe_or_timeout
 .text.hardware_alarm_irq_handler
                0x10001618       0x8c CMakeFiles/centimeter.dir/Users/elias/pico/pico-sdk/src/rp2_common/hardware_timer/timer.c.obj
 .text.hardware_alarm_claim
                0x100016a4       0x18 CMakeFiles/centimeter.dir/Users/elias/pico/pico-sdk/src/rp2_common/hardware_timer/timer.c.obj
                0x100016a4                hardware_alarm_claim
 .text.time_us_64
                0x100016bc       0x18 CMakeFiles/centimeter.dir/Users/elias/pico/pico-sdk/src/rp2_common/hardware_timer/timer.c.obj
                0x100016bc                time_us_64
 .text.busy_wait_until
                0x100016d4       0x28 CMakeFiles/centimeter.dir/Users/elias/pico/pico-sdk/src/rp2_common/hardware_timer/timer.c.obj
                0x100016d4                busy_wait_until
 .text.hardware_alarm_set_callback
                0x100016fc       0x90 CMakeFiles/centimeter.dir/Users/elias/pico/pico-sdk/src/rp2_common/hardware_timer/timer.c.obj
                0x100016fc                hardware_alarm_set_callback
 .text.hardware_alarm_set_target
                0x1000178c       0xe8 CMakeFiles/centimeter.dir/Users/elias/pico/pico-sdk/src/rp2_common/hardware_timer/timer.c.obj
                0x1000178c                hardware_alarm_set_target
 .text.hardware_alarm_cancel
                0x10001874       0x40 CMakeFiles/centimeter.dir/Users/elias/pico/pico-sdk/src/rp2_common/hardware_timer/timer.c.obj
                0x10001874                hardware_alarm_cancel
 .text.ph_get_node
                0x100018b4       0x30 CMakeFiles/centimeter.dir/Users/elias/pico/pico-sdk/src/common/pico_util/pheap.c.obj
 .text.ph_add_child_node
                0x100018e4       0x6c CMakeFiles/centimeter.dir/Users/elias/pico/pico-sdk/src/common/pico_util/pheap.c.obj
 .text.ph_merge_nodes
                0x10001950       0x3e CMakeFiles/centimeter.dir/Users/elias/pico/pico-sdk/src/common/pico_util/pheap.c.obj
 .text.ph_clear
                0x1000198e       0x34 CMakeFiles/centimeter.dir/Users/elias/pico/pico-sdk/src/common/pico_util/pheap.c.obj
                0x1000198e                ph_clear
 .text.ph_post_alloc_init
                0x100019c2        0xe CMakeFiles/centimeter.dir/Users/elias/pico/pico-sdk/src/common/pico_util/pheap.c.obj
                0x100019c2                ph_post_alloc_init
 .text.ph_merge_two_pass
                0x100019d0       0x5c CMakeFiles/centimeter.dir/Users/elias/pico/pico-sdk/src/common/pico_util/pheap.c.obj
                0x100019d0                ph_merge_two_pass
 .text.ph_remove_any_head
                0x10001a2c       0xc0 CMakeFiles/centimeter.dir/Users/elias/pico/pico-sdk/src/common/pico_util/pheap.c.obj
 .text.ph_remove_head
                0x10001aec       0x14 CMakeFiles/centimeter.dir/Users/elias/pico/pico-sdk/src/common/pico_util/pheap.c.obj
                0x10001aec                ph_remove_head
 .text.ph_remove_and_free_node
                0x10001b00       0xa0 CMakeFiles/centimeter.dir/Users/elias/pico/pico-sdk/src/common/pico_util/pheap.c.obj
                0x10001b00                ph_remove_and_free_node
 .text.clock_configure
                0x10001ba0      0x108 CMakeFiles/centimeter.dir/Users/elias/pico/pico-sdk/src/rp2_common/hardware_clocks/clocks.c.obj
                0x10001ba0                clock_configure
 .text.clocks_init
                0x10001ca8      0x100 CMakeFiles/centimeter.dir/Users/elias/pico/pico-sdk/src/rp2_common/hardware_clocks/clocks.c.obj
                0x10001ca8                clocks_init
 .text.pll_init
                0x10001da8      0x120 CMakeFiles/centimeter.dir/Users/elias/pico/pico-sdk/src/rp2_common/hardware_pll/pll.c.obj
                0x10001da8                pll_init
 .text.watchdog_start_tick
                0x10001ec8       0x10 CMakeFiles/centimeter.dir/Users/elias/pico/pico-sdk/src/rp2_common/hardware_watchdog/watchdog.c.obj
                0x10001ec8                watchdog_start_tick
 .text.watchdog_update
                0x10001ed8       0x14 CMakeFiles/centimeter.dir/Users/elias/pico/pico-sdk/src/rp2_common/hardware_watchdog/watchdog.c.obj
                0x10001ed8                watchdog_update
 .text._watchdog_enable
                0x10001eec       0x78 CMakeFiles/centimeter.dir/Users/elias/pico/pico-sdk/src/rp2_common/hardware_watchdog/watchdog.c.obj
                0x10001eec                _watchdog_enable
 .text.watchdog_reboot
                0x10001f64       0x48 CMakeFiles/centimeter.dir/Users/elias/pico/pico-sdk/src/rp2_common/hardware_watchdog/watchdog.c.obj
                0x10001f64                watchdog_reboot
 .text.xosc_init
                0x10001fac       0x28 CMakeFiles/centimeter.dir/Users/elias/pico/pico-sdk/src/rp2_common/hardware_xosc/xosc.c.obj
                0x10001fac                xosc_init
 .text._exit    0x10001fd4        0x4 CMakeFiles/centimeter.dir/Users/elias/pico/pico-sdk/src/rp2_common/pico_runtime/runtime.c.obj
                0x10001fd4                _exit
 .text.exit     0x10001fd8        0x6 CMakeFiles/centimeter.dir/Users/elias/pico/pico-sdk/src/rp2_common/pico_runtime/runtime.c.obj
                0x10001fd8                exit
 *fill*         0x10001fde        0x2 
 .text.__assert_func
                0x10001fe0       0x38 CMakeFiles/centimeter.dir/Users/elias/pico/pico-sdk/src/rp2_common/pico_runtime/runtime.c.obj
                0x10001fe0                __assert_func
 .text.runtime_init
                0x10002018       0xf8 CMakeFiles/centimeter.dir/Users/elias/pico/pico-sdk/src/rp2_common/pico_runtime/runtime.c.obj
                0x10002018                runtime_init
 .text.panic    0x10002110       0x30 CMakeFiles/centimeter.dir/Users/elias/pico/pico-sdk/src/rp2_common/pico_runtime/runtime.c.obj
                0x10002110                panic
 .text._out_null
                0x10002140        0x2 CMakeFiles/centimeter.dir/Users/elias/pico/pico-sdk/src/rp2_common/pico_printf/printf.c.obj
 .text._out_fct
                0x10002142        0xe CMakeFiles/centimeter.dir/Users/elias/pico/pico-sdk/src/rp2_common/pico_printf/printf.c.obj
 .text._atoi    0x10002150       0x24 CMakeFiles/centimeter.dir/Users/elias/pico/pico-sdk/src/rp2_common/pico_printf/printf.c.obj
 .text._out_rev
                0x10002174       0xae CMakeFiles/centimeter.dir/Users/elias/pico/pico-sdk/src/rp2_common/pico_printf/printf.c.obj
 .text._ntoa_format
                0x10002222      0x110 CMakeFiles/centimeter.dir/Users/elias/pico/pico-sdk/src/rp2_common/pico_printf/printf.c.obj
 .text._ntoa_long
                0x10002332       0xbc CMakeFiles/centimeter.dir/Users/elias/pico/pico-sdk/src/rp2_common/pico_printf/printf.c.obj
 .text._ntoa_long_long
                0x100023ee      0x10e CMakeFiles/centimeter.dir/Users/elias/pico/pico-sdk/src/rp2_common/pico_printf/printf.c.obj
 .text._etoa    0x100024fc      0x420 CMakeFiles/centimeter.dir/Users/elias/pico/pico-sdk/src/rp2_common/pico_printf/printf.c.obj
 .text._ftoa    0x1000291c      0x354 CMakeFiles/centimeter.dir/Users/elias/pico/pico-sdk/src/rp2_common/pico_printf/printf.c.obj
 .text._vsnprintf
                0x10002c70      0x65c CMakeFiles/centimeter.dir/Users/elias/pico/pico-sdk/src/rp2_common/pico_printf/printf.c.obj
 .text.vfctprintf
                0x100032cc       0x20 CMakeFiles/centimeter.dir/Users/elias/pico/pico-sdk/src/rp2_common/pico_printf/printf.c.obj
                0x100032cc                vfctprintf
 .text          0x100032ec       0x10 CMakeFiles/centimeter.dir/Users/elias/pico/pico-sdk/src/rp2_common/pico_bit_ops/bit_ops_aeabi.S.obj
 .text.rom_func_lookup
                0x100032fc       0x10 CMakeFiles/centimeter.dir/Users/elias/pico/pico-sdk/src/rp2_common/pico_bootrom/bootrom.c.obj
                0x100032fc                rom_func_lookup
 .text.rom_data_lookup
                0x1000330c       0x10 CMakeFiles/centimeter.dir/Users/elias/pico/pico-sdk/src/rp2_common/pico_bootrom/bootrom.c.obj
                0x1000330c                rom_data_lookup
 .text.rom_funcs_lookup
                0x1000331c       0x36 CMakeFiles/centimeter.dir/Users/elias/pico/pico-sdk/src/rp2_common/pico_bootrom/bootrom.c.obj
                0x1000331c                rom_funcs_lookup
 *fill*         0x10003352        0x2 
 .text.__wrap___aeabi_idiv
                0x10003354       0x50 CMakeFiles/centimeter.dir/Users/elias/pico/pico-sdk/src/rp2_common/pico_divider/divider.S.obj
                0x10003354                __wrap___aeabi_idivmod
                0x10003354                divmod_s32s32
                0x10003354                div_s32s32
                0x10003354                __wrap___aeabi_idiv
                0x1000335c                divmod_s32s32_unsafe
                0x10003388                divmod_s32s32_savestate
 .text.__wrap___aeabi_uidiv
                0x100033a4       0x4c CMakeFiles/centimeter.dir/Users/elias/pico/pico-sdk/src/rp2_common/pico_divider/divider.S.obj
                0x100033a4                __wrap___aeabi_uidiv
                0x100033a4                __wrap___aeabi_uidivmod
                0x100033a4                div_u32u32
                0x100033a4                divmod_u32u32
                0x100033ac                divmod_u32u32_unsafe
                0x100033d4                divmod_u32u32_savestate
 .text.__wrap___aeabi_ldiv
                0x100033f0      0x424 CMakeFiles/centimeter.dir/Users/elias/pico/pico-sdk/src/rp2_common/pico_divider/divider.S.obj
                0x100033f0                __wrap___aeabi_ldivmod
                0x100033f0                div_s64s64
                0x100033f0                divmod_s64s64
                0x10003420                divmod_u64u64
                0x10003420                div_u64u64
                0x10003420                __wrap___aeabi_uldivmod
                0x10003430                divmod_u64u64_savestate
                0x10003450                divmod_s64s64_unsafe
                0x100034d8                divmod_u64u64_unsafe
 .text.__wrap___aeabi_darithmetic
                0x10003814       0x60 CMakeFiles/centimeter.dir/Users/elias/pico/pico-sdk/src/rp2_common/pico_double/double_aeabi.S.obj
                0x10003814                __wrap___aeabi_drsub
                0x1000381a                __wrap___aeabi_dsub
                0x10003824                __wrap___aeabi_dadd
                0x1000382e                __wrap___aeabi_ddiv
                0x10003862                __wrap___aeabi_dmul
 .text.__wrap___aeabi_cdcmple
                0x10003874       0x6c CMakeFiles/centimeter.dir/Users/elias/pico/pico-sdk/src/rp2_common/pico_double/double_aeabi.S.obj
                0x10003874                __wrap___aeabi_cdrcmple
                0x10003884                __wrap___aeabi_cdcmple
                0x10003884                __wrap___aeabi_cdcmpeq
 .text.__wrap___aeabi_dcmplt
                0x100038e0        0xc CMakeFiles/centimeter.dir/Users/elias/pico/pico-sdk/src/rp2_common/pico_double/double_aeabi.S.obj
                0x100038e0                __wrap___aeabi_dcmplt
 .text.__wrap___aeabi_dcmple
                0x100038ec       0x10 CMakeFiles/centimeter.dir/Users/elias/pico/pico-sdk/src/rp2_common/pico_double/double_aeabi.S.obj
                0x100038ec                __wrap___aeabi_dcmple
 .text.__wrap___aeabi_dcmpge
                0x100038fc       0x10 CMakeFiles/centimeter.dir/Users/elias/pico/pico-sdk/src/rp2_common/pico_double/double_aeabi.S.obj
                0x100038fc                __wrap___aeabi_dcmpge
 .text.__wrap___aeabi_dcmpgt
                0x1000390c        0xa CMakeFiles/centimeter.dir/Users/elias/pico/pico-sdk/src/rp2_common/pico_double/double_aeabi.S.obj
                0x1000390c                __wrap___aeabi_dcmpgt
 .text.__wrap___aeabi_dcmpun
                0x10003916       0x1c CMakeFiles/centimeter.dir/Users/elias/pico/pico-sdk/src/rp2_common/pico_double/double_aeabi.S.obj
                0x10003916                __wrap___aeabi_dcmpun
 *fill*         0x10003932        0x2 
 .text.__wrap___aeabi_i2d
                0x10003934       0x38 CMakeFiles/centimeter.dir/Users/elias/pico/pico-sdk/src/rp2_common/pico_double/double_aeabi.S.obj
                0x10003934                __wrap___aeabi_ui2d
                0x1000393c                __wrap___aeabi_i2d
 .text.__wrap___aeabi_d2iz
                0x1000396c       0x48 CMakeFiles/centimeter.dir/Users/elias/pico/pico-sdk/src/rp2_common/pico_double/double_aeabi.S.obj
                0x1000396c                __wrap___aeabi_d2iz
                0x1000396c                double2int_z
 .text.__wrap___aeabi_d2uiz
                0x100039b4       0x10 CMakeFiles/centimeter.dir/Users/elias/pico/pico-sdk/src/rp2_common/pico_double/double_aeabi.S.obj
                0x100039b4                double2uint
                0x100039b4                __wrap___aeabi_d2uiz
 .text.missing_double_func_shim
                0x100039c4        0xc CMakeFiles/centimeter.dir/Users/elias/pico/pico-sdk/src/rp2_common/pico_double/double_init_rom.c.obj
 .text.__aeabi_double_init
                0x100039d0       0xd0 CMakeFiles/centimeter.dir/Users/elias/pico/pico-sdk/src/rp2_common/pico_double/double_init_rom.c.obj
                0x100039d0                __aeabi_double_init
 .text.double_table_shim_on_use_helper
                0x10003aa0       0x34 CMakeFiles/centimeter.dir/Users/elias/pico/pico-sdk/src/rp2_common/pico_double/double_v1_rom_shim.S.obj
                0x10003aa0                double_table_shim_on_use_helper
 .text.__aeabi_lmul
                0x10003ad4       0x32 CMakeFiles/centimeter.dir/Users/elias/pico/pico-sdk/src/rp2_common/pico_int64_ops/pico_int64_ops_aeabi.S.obj
                0x10003ad4                __wrap___aeabi_lmul
 *fill*         0x10003b06        0x2 
 .text.missing_float_func_shim
                0x10003b08        0xc CMakeFiles/centimeter.dir/Users/elias/pico/pico-sdk/src/rp2_common/pico_float/float_init_rom.c.obj
 .text.__aeabi_float_init
                0x10003b14       0x88 CMakeFiles/centimeter.dir/Users/elias/pico/pico-sdk/src/rp2_common/pico_float/float_init_rom.c.obj
                0x10003b14                __aeabi_float_init
 .text          0x10003b9c       0x10 CMakeFiles/centimeter.dir/Users/elias/pico/pico-sdk/src/rp2_common/pico_mem_ops/mem_ops_aeabi.S.obj
                0x10003b9c                __aeabi_mem_init
 .text.memset   0x10003bac        0xc CMakeFiles/centimeter.dir/Users/elias/pico/pico-sdk/src/rp2_common/pico_mem_ops/mem_ops_aeabi.S.obj
                0x10003bac                __wrap_memset
 .text.memcpy   0x10003bb8        0xc CMakeFiles/centimeter.dir/Users/elias/pico/pico-sdk/src/rp2_common/pico_mem_ops/mem_ops_aeabi.S.obj
                0x10003bb8                __wrap___aeabi_memcpy
                0x10003bb8                __wrap_memcpy
 .text.stdio_out_chars_no_crlf
                0x10003bc4        0xe CMakeFiles/centimeter.dir/Users/elias/pico/pico-sdk/src/rp2_common/pico_stdio/stdio.c.obj
 *fill*         0x10003bd2        0x2 
 .text.stdio_out_chars_crlf
                0x10003bd4       0x80 CMakeFiles/centimeter.dir/Users/elias/pico/pico-sdk/src/rp2_common/pico_stdio/stdio.c.obj
 .text.stdio_stack_buffer_flush
                0x10003c54       0x44 CMakeFiles/centimeter.dir/Users/elias/pico/pico-sdk/src/rp2_common/pico_stdio/stdio.c.obj
 .text.stdio_buffered_printer
                0x10003c98       0x20 CMakeFiles/centimeter.dir/Users/elias/pico/pico-sdk/src/rp2_common/pico_stdio/stdio.c.obj
 .text.update_us_since_boot
                0x10003cb8       0x24 CMakeFiles/centimeter.dir/Users/elias/pico/pico-sdk/src/rp2_common/pico_stdio/stdio.c.obj
 .text.get_absolute_time
                0x10003cdc       0x22 CMakeFiles/centimeter.dir/Users/elias/pico/pico-sdk/src/rp2_common/pico_stdio/stdio.c.obj
 *fill*         0x10003cfe        0x2 
 .text.delayed_by_ms
                0x10003d00       0x44 CMakeFiles/centimeter.dir/Users/elias/pico/pico-sdk/src/rp2_common/pico_stdio/stdio.c.obj
 .text.make_timeout_time_ms
                0x10003d44       0x20 CMakeFiles/centimeter.dir/Users/elias/pico/pico-sdk/src/rp2_common/pico_stdio/stdio.c.obj
 .text.stdout_serialize_begin
                0x10003d64       0x20 CMakeFiles/centimeter.dir/Users/elias/pico/pico-sdk/src/rp2_common/pico_stdio/stdio.c.obj
                0x10003d64                stdout_serialize_begin
 .text.stdout_serialize_end
                0x10003d84       0x10 CMakeFiles/centimeter.dir/Users/elias/pico/pico-sdk/src/rp2_common/pico_stdio/stdio.c.obj
                0x10003d84                stdout_serialize_end
 .text.stdio_put_string
                0x10003d94       0x98 CMakeFiles/centimeter.dir/Users/elias/pico/pico-sdk/src/rp2_common/pico_stdio/stdio.c.obj
 .text.stdio_set_driver_enabled
                0x10003e2c       0x2c CMakeFiles/centimeter.dir/Users/elias/pico/pico-sdk/src/rp2_common/pico_stdio/stdio.c.obj
                0x10003e2c                stdio_set_driver_enabled
 .text.stdio_flush
                0x10003e58       0x20 CMakeFiles/centimeter.dir/Users/elias/pico/pico-sdk/src/rp2_common/pico_stdio/stdio.c.obj
                0x10003e58                stdio_flush
 .text.__wrap_puts
                0x10003e78       0x1e CMakeFiles/centimeter.dir/Users/elias/pico/pico-sdk/src/rp2_common/pico_stdio/stdio.c.obj
                0x10003e78                __wrap_puts
 *fill*         0x10003e96        0x2 
 .text.__wrap_vprintf
                0x10003e98       0x40 CMakeFiles/centimeter.dir/Users/elias/pico/pico-sdk/src/rp2_common/pico_stdio/stdio.c.obj
                0x10003e98                __wrap_vprintf
 .text.__wrap_printf
                0x10003ed8       0x18 CMakeFiles/centimeter.dir/Users/elias/pico/pico-sdk/src/rp2_common/pico_stdio/stdio.c.obj
                0x10003ed8                __wrap_printf
 .text.stdio_init_all
                0x10003ef0        0x8 CMakeFiles/centimeter.dir/Users/elias/pico/pico-sdk/src/rp2_common/pico_stdio/stdio.c.obj
                0x10003ef0                stdio_init_all
 .text.resetd_init
                0x10003ef8        0x2 CMakeFiles/centimeter.dir/Users/elias/pico/pico-sdk/src/rp2_common/pico_stdio_usb/reset_interface.c.obj
 *fill*         0x10003efa        0x2 
 .text.resetd_reset
                0x10003efc        0xc CMakeFiles/centimeter.dir/Users/elias/pico/pico-sdk/src/rp2_common/pico_stdio_usb/reset_interface.c.obj
 .text.resetd_open
                0x10003f08       0x34 CMakeFiles/centimeter.dir/Users/elias/pico/pico-sdk/src/rp2_common/pico_stdio_usb/reset_interface.c.obj
 .text.resetd_xfer_cb
                0x10003f3c        0x4 CMakeFiles/centimeter.dir/Users/elias/pico/pico-sdk/src/rp2_common/pico_stdio_usb/reset_interface.c.obj
 .text.reset_usb_boot
                0x10003f40       0x18 CMakeFiles/centimeter.dir/Users/elias/pico/pico-sdk/src/rp2_common/pico_stdio_usb/reset_interface.c.obj
 .text.resetd_control_xfer_cb
                0x10003f58       0x5c CMakeFiles/centimeter.dir/Users/elias/pico/pico-sdk/src/rp2_common/pico_stdio_usb/reset_interface.c.obj
 .text.usbd_app_driver_get_cb
                0x10003fb4        0xc CMakeFiles/centimeter.dir/Users/elias/pico/pico-sdk/src/rp2_common/pico_stdio_usb/reset_interface.c.obj
                0x10003fb4                usbd_app_driver_get_cb
 .text.tud_cdc_line_coding_cb
                0x10003fc0       0x28 CMakeFiles/centimeter.dir/Users/elias/pico/pico-sdk/src/rp2_common/pico_stdio_usb/reset_interface.c.obj
                0x10003fc0                tud_cdc_line_coding_cb
 .text.stdio_usb_set_chars_available_callback
                0x10003fe8       0x14 CMakeFiles/centimeter.dir/Users/elias/pico/pico-sdk/src/rp2_common/pico_stdio_usb/stdio_usb.c.obj
                0x10003fe8                stdio_usb_set_chars_available_callback
 .text.update_us_since_boot
                0x10003ffc       0x24 CMakeFiles/centimeter.dir/Users/elias/pico/pico-sdk/src/rp2_common/pico_stdio_usb/stdio_usb.c.obj
 .text.get_absolute_time
                0x10004020       0x22 CMakeFiles/centimeter.dir/Users/elias/pico/pico-sdk/src/rp2_common/pico_stdio_usb/stdio_usb.c.obj
 *fill*         0x10004042        0x2 
 .text.delayed_by_ms
                0x10004044       0x44 CMakeFiles/centimeter.dir/Users/elias/pico/pico-sdk/src/rp2_common/pico_stdio_usb/stdio_usb.c.obj
 .text.make_timeout_time_ms
                0x10004088       0x20 CMakeFiles/centimeter.dir/Users/elias/pico/pico-sdk/src/rp2_common/pico_stdio_usb/stdio_usb.c.obj
 .text.delayed_by_us
                0x100040a8       0x34 CMakeFiles/centimeter.dir/Users/elias/pico/pico-sdk/src/rp2_common/pico_stdio_usb/stdio_usb.c.obj
 .text.usb_irq  0x100040dc       0x10 CMakeFiles/centimeter.dir/Users/elias/pico/pico-sdk/src/rp2_common/pico_stdio_usb/stdio_usb.c.obj
 .text.critical_section_enter_blocking
                0x100040ec       0x16 CMakeFiles/centimeter.dir/Users/elias/pico/pico-sdk/src/rp2_common/pico_stdio_usb/stdio_usb.c.obj
 *fill*         0x10004102        0x2 
 .text.timer_task
                0x10004104       0x4c CMakeFiles/centimeter.dir/Users/elias/pico/pico-sdk/src/rp2_common/pico_stdio_usb/stdio_usb.c.obj
 .text.alarm_pool_add_alarm_in_us
                0x10004150       0x3a CMakeFiles/centimeter.dir/Users/elias/pico/pico-sdk/src/rp2_common/pico_stdio_usb/stdio_usb.c.obj
 .text.add_alarm_in_us
                0x1000418a       0x2e CMakeFiles/centimeter.dir/Users/elias/pico/pico-sdk/src/rp2_common/pico_stdio_usb/stdio_usb.c.obj
 .text.low_priority_worker_irq
                0x100041b8       0x7c CMakeFiles/centimeter.dir/Users/elias/pico/pico-sdk/src/rp2_common/pico_stdio_usb/stdio_usb.c.obj
 .text.tud_cdc_rx_cb
                0x10004234       0x20 CMakeFiles/centimeter.dir/Users/elias/pico/pico-sdk/src/rp2_common/pico_stdio_usb/stdio_usb.c.obj
                0x10004234                tud_cdc_rx_cb
 .text.stdio_usb_init
                0x10004254       0xd0 CMakeFiles/centimeter.dir/Users/elias/pico/pico-sdk/src/rp2_common/pico_stdio_usb/stdio_usb.c.obj
                0x10004254                stdio_usb_init
 .text.stdio_usb_connected
                0x10004324        0xa CMakeFiles/centimeter.dir/Users/elias/pico/pico-sdk/src/rp2_common/pico_stdio_usb/stdio_usb.c.obj
                0x10004324                stdio_usb_connected
 *fill*         0x1000432e        0x2 
 .text.stdio_usb_in_chars
                0x10004330       0x88 CMakeFiles/centimeter.dir/Users/elias/pico/pico-sdk/src/rp2_common/pico_stdio_usb/stdio_usb.c.obj
                0x10004330                stdio_usb_in_chars
 .text.stdio_usb_out_chars
                0x100043b8       0xd8 CMakeFiles/centimeter.dir/Users/elias/pico/pico-sdk/src/rp2_common/pico_stdio_usb/stdio_usb.c.obj
 .text.tud_descriptor_device_cb
                0x10004490        0x8 CMakeFiles/centimeter.dir/Users/elias/pico/pico-sdk/src/rp2_common/pico_stdio_usb/stdio_usb_descriptors.c.obj
                0x10004490                tud_descriptor_device_cb
 .text.tud_descriptor_configuration_cb
                0x10004498        0x8 CMakeFiles/centimeter.dir/Users/elias/pico/pico-sdk/src/rp2_common/pico_stdio_usb/stdio_usb_descriptors.c.obj
                0x10004498                tud_descriptor_configuration_cb
 .text.tud_descriptor_string_cb
                0x100044a0       0x6c CMakeFiles/centimeter.dir/Users/elias/pico/pico-sdk/src/rp2_common/pico_stdio_usb/stdio_usb_descriptors.c.obj
                0x100044a0                tud_descriptor_string_cb
 .text._retrieve_unique_id_on_boot
                0x1000450c       0x10 CMakeFiles/centimeter.dir/Users/elias/pico/pico-sdk/src/rp2_common/pico_unique_id/unique_id.c.obj
 .text.pico_get_unique_board_id_string
                0x1000451c       0x5c CMakeFiles/centimeter.dir/Users/elias/pico/pico-sdk/src/rp2_common/pico_unique_id/unique_id.c.obj
                0x1000451c                pico_get_unique_board_id_string
 .text.flash_get_unique_id
                0x10004578       0x46 CMakeFiles/centimeter.dir/Users/elias/pico/pico-sdk/src/rp2_common/hardware_flash/flash.c.obj
                0x10004578                flash_get_unique_id
 *fill*         0x100045be        0x2 
 .text.hw_endpoint_get_by_addr
                0x100045c0       0x18 CMakeFiles/centimeter.dir/Users/elias/pico/pico-sdk/lib/tinyusb/src/portable/raspberrypi/rp2040/dcd_rp2040.c.obj
 .text._hw_endpoint_alloc
                0x100045d8       0x70 CMakeFiles/centimeter.dir/Users/elias/pico/pico-sdk/lib/tinyusb/src/portable/raspberrypi/rp2040/dcd_rp2040.c.obj
 .text.hw_endpoint_init
                0x10004648       0x88 CMakeFiles/centimeter.dir/Users/elias/pico/pico-sdk/lib/tinyusb/src/portable/raspberrypi/rp2040/dcd_rp2040.c.obj
 .text.dcd_event_sof
                0x100046d0       0x2c CMakeFiles/centimeter.dir/Users/elias/pico/pico-sdk/lib/tinyusb/src/portable/raspberrypi/rp2040/dcd_rp2040.c.obj
 .text.hw_endpoint_xfer
                0x100046fc       0x14 CMakeFiles/centimeter.dir/Users/elias/pico/pico-sdk/lib/tinyusb/src/portable/raspberrypi/rp2040/dcd_rp2040.c.obj
 .text.dcd_int_enable
                0x10004710       0x2c CMakeFiles/centimeter.dir/Users/elias/pico/pico-sdk/lib/tinyusb/src/portable/raspberrypi/rp2040/dcd_rp2040.c.obj
                0x10004710                dcd_int_enable
 .text.dcd_set_address
                0x1000473c       0x2c CMakeFiles/centimeter.dir/Users/elias/pico/pico-sdk/lib/tinyusb/src/portable/raspberrypi/rp2040/dcd_rp2040.c.obj
                0x1000473c                dcd_set_address
 .text.dcd_connect
                0x10004768       0x10 CMakeFiles/centimeter.dir/Users/elias/pico/pico-sdk/lib/tinyusb/src/portable/raspberrypi/rp2040/dcd_rp2040.c.obj
                0x10004768                dcd_connect
 .text.dcd_init
                0x10004778       0x80 CMakeFiles/centimeter.dir/Users/elias/pico/pico-sdk/lib/tinyusb/src/portable/raspberrypi/rp2040/dcd_rp2040.c.obj
                0x10004778                dcd_init
 .text.dcd_edpt0_status_complete
                0x100047f8       0x1c CMakeFiles/centimeter.dir/Users/elias/pico/pico-sdk/lib/tinyusb/src/portable/raspberrypi/rp2040/dcd_rp2040.c.obj
                0x100047f8                dcd_edpt0_status_complete
 .text.dcd_edpt_open
                0x10004814       0x40 CMakeFiles/centimeter.dir/Users/elias/pico/pico-sdk/lib/tinyusb/src/portable/raspberrypi/rp2040/dcd_rp2040.c.obj
                0x10004814                dcd_edpt_open
 .text.dcd_edpt_close_all
                0x10004854        0x8 CMakeFiles/centimeter.dir/Users/elias/pico/pico-sdk/lib/tinyusb/src/portable/raspberrypi/rp2040/dcd_rp2040.c.obj
                0x10004854                dcd_edpt_close_all
 .text.dcd_edpt_xfer
                0x1000485c       0x34 CMakeFiles/centimeter.dir/Users/elias/pico/pico-sdk/lib/tinyusb/src/portable/raspberrypi/rp2040/dcd_rp2040.c.obj
                0x1000485c                dcd_edpt_xfer
 .text.dcd_edpt_stall
                0x10004890       0x2c CMakeFiles/centimeter.dir/Users/elias/pico/pico-sdk/lib/tinyusb/src/portable/raspberrypi/rp2040/dcd_rp2040.c.obj
                0x10004890                dcd_edpt_stall
 .text.dcd_edpt_clear_stall
                0x100048bc       0x20 CMakeFiles/centimeter.dir/Users/elias/pico/pico-sdk/lib/tinyusb/src/portable/raspberrypi/rp2040/dcd_rp2040.c.obj
                0x100048bc                dcd_edpt_clear_stall
 .text.rp2040_usb_init
                0x100048dc       0x4c CMakeFiles/centimeter.dir/Users/elias/pico/pico-sdk/lib/tinyusb/src/portable/raspberrypi/rp2040/rp2040_usb.c.obj
                0x100048dc                rp2040_usb_init
 .text.hw_endpoint_xfer_start
                0x10004928       0x50 CMakeFiles/centimeter.dir/Users/elias/pico/pico-sdk/lib/tinyusb/src/portable/raspberrypi/rp2040/rp2040_usb.c.obj
                0x10004928                hw_endpoint_xfer_start
 .text.configuration_reset
                0x10004978       0x84 CMakeFiles/centimeter.dir/Users/elias/pico/pico-sdk/lib/tinyusb/src/device/usbd.c.obj
 .text.critical_section_enter_blocking
                0x100049fc       0x16 CMakeFiles/centimeter.dir/Users/elias/pico/pico-sdk/lib/tinyusb/src/device/usbd.c.obj
 .text.usbd_reset
                0x10004a12        0xc CMakeFiles/centimeter.dir/Users/elias/pico/pico-sdk/lib/tinyusb/src/device/usbd.c.obj
 .text.invoke_class_control
                0x10004a1e       0x1a CMakeFiles/centimeter.dir/Users/elias/pico/pico-sdk/lib/tinyusb/src/device/usbd.c.obj
 .text.process_set_config
                0x10004a38      0x178 CMakeFiles/centimeter.dir/Users/elias/pico/pico-sdk/lib/tinyusb/src/device/usbd.c.obj
 .text.process_get_descriptor
                0x10004bb0       0xdc CMakeFiles/centimeter.dir/Users/elias/pico/pico-sdk/lib/tinyusb/src/device/usbd.c.obj
 .text.tud_mounted
                0x10004c8c       0x10 CMakeFiles/centimeter.dir/Users/elias/pico/pico-sdk/lib/tinyusb/src/device/usbd.c.obj
                0x10004c8c                tud_mounted
 .text.tud_suspended
                0x10004c9c       0x10 CMakeFiles/centimeter.dir/Users/elias/pico/pico-sdk/lib/tinyusb/src/device/usbd.c.obj
                0x10004c9c                tud_suspended
 .text.tud_inited
                0x10004cac       0x14 CMakeFiles/centimeter.dir/Users/elias/pico/pico-sdk/lib/tinyusb/src/device/usbd.c.obj
                0x10004cac                tud_inited
 .text.tud_init
                0x10004cc0       0xcc CMakeFiles/centimeter.dir/Users/elias/pico/pico-sdk/lib/tinyusb/src/device/usbd.c.obj
                0x10004cc0                tud_init
 .text.usbd_defer_func
                0x10004d8c       0x2a CMakeFiles/centimeter.dir/Users/elias/pico/pico-sdk/lib/tinyusb/src/device/usbd.c.obj
                0x10004d8c                usbd_defer_func
 *fill*         0x10004db6        0x2 
 .text.usbd_edpt_open
                0x10004db8       0x34 CMakeFiles/centimeter.dir/Users/elias/pico/pico-sdk/lib/tinyusb/src/device/usbd.c.obj
                0x10004db8                usbd_edpt_open
 .text.usbd_open_edpt_pair
                0x10004dec       0x62 CMakeFiles/centimeter.dir/Users/elias/pico/pico-sdk/lib/tinyusb/src/device/usbd.c.obj
                0x10004dec                usbd_open_edpt_pair
 *fill*         0x10004e4e        0x2 
 .text.usbd_edpt_claim
                0x10004e50       0x28 CMakeFiles/centimeter.dir/Users/elias/pico/pico-sdk/lib/tinyusb/src/device/usbd.c.obj
                0x10004e50                usbd_edpt_claim
 .text.usbd_edpt_release
                0x10004e78       0x28 CMakeFiles/centimeter.dir/Users/elias/pico/pico-sdk/lib/tinyusb/src/device/usbd.c.obj
                0x10004e78                usbd_edpt_release
 .text.usbd_edpt_xfer
                0x10004ea0       0x78 CMakeFiles/centimeter.dir/Users/elias/pico/pico-sdk/lib/tinyusb/src/device/usbd.c.obj
                0x10004ea0                usbd_edpt_xfer
 .text.usbd_edpt_stall
                0x10004f18       0x48 CMakeFiles/centimeter.dir/Users/elias/pico/pico-sdk/lib/tinyusb/src/device/usbd.c.obj
                0x10004f18                usbd_edpt_stall
 .text.usbd_edpt_clear_stall
                0x10004f60       0x48 CMakeFiles/centimeter.dir/Users/elias/pico/pico-sdk/lib/tinyusb/src/device/usbd.c.obj
                0x10004f60                usbd_edpt_clear_stall
 .text.usbd_edpt_stalled
                0x10004fa8       0x1c CMakeFiles/centimeter.dir/Users/elias/pico/pico-sdk/lib/tinyusb/src/device/usbd.c.obj
                0x10004fa8                usbd_edpt_stalled
 .text.process_control_request
                0x10004fc4      0x374 CMakeFiles/centimeter.dir/Users/elias/pico/pico-sdk/lib/tinyusb/src/device/usbd.c.obj
 .text.tud_task_ext
                0x10005338      0x1a8 CMakeFiles/centimeter.dir/Users/elias/pico/pico-sdk/lib/tinyusb/src/device/usbd.c.obj
                0x10005338                tud_task_ext
 .text._status_stage_xact
                0x100054e0       0x1a CMakeFiles/centimeter.dir/Users/elias/pico/pico-sdk/lib/tinyusb/src/device/usbd_control.c.obj
 *fill*         0x100054fa        0x2 
 .text._data_stage_xact
                0x100054fc       0x58 CMakeFiles/centimeter.dir/Users/elias/pico/pico-sdk/lib/tinyusb/src/device/usbd_control.c.obj
 .text.tud_control_status
                0x10005554       0x28 CMakeFiles/centimeter.dir/Users/elias/pico/pico-sdk/lib/tinyusb/src/device/usbd_control.c.obj
                0x10005554                tud_control_status
 .text.tud_control_xfer
                0x1000557c       0x68 CMakeFiles/centimeter.dir/Users/elias/pico/pico-sdk/lib/tinyusb/src/device/usbd_control.c.obj
                0x1000557c                tud_control_xfer
 .text.usbd_control_reset
                0x100055e4       0x14 CMakeFiles/centimeter.dir/Users/elias/pico/pico-sdk/lib/tinyusb/src/device/usbd_control.c.obj
                0x100055e4                usbd_control_reset
 .text.usbd_control_set_complete_callback
                0x100055f8        0xc CMakeFiles/centimeter.dir/Users/elias/pico/pico-sdk/lib/tinyusb/src/device/usbd_control.c.obj
                0x100055f8                usbd_control_set_complete_callback
 .text.usbd_control_set_request
                0x10005604       0x1c CMakeFiles/centimeter.dir/Users/elias/pico/pico-sdk/lib/tinyusb/src/device/usbd_control.c.obj
                0x10005604                usbd_control_set_request
 .text.usbd_control_xfer_cb
                0x10005620       0xbc CMakeFiles/centimeter.dir/Users/elias/pico/pico-sdk/lib/tinyusb/src/device/usbd_control.c.obj
                0x10005620                usbd_control_xfer_cb
 .text._prep_out_transaction
                0x100056dc       0x4a CMakeFiles/centimeter.dir/Users/elias/pico/pico-sdk/lib/tinyusb/src/class/cdc/cdc_device.c.obj
 *fill*         0x10005726        0x2 
 .text.tud_cdc_n_connected
                0x10005728       0x38 CMakeFiles/centimeter.dir/Users/elias/pico/pico-sdk/lib/tinyusb/src/class/cdc/cdc_device.c.obj
                0x10005728                tud_cdc_n_connected
 .text.tud_cdc_n_available
                0x10005760       0x18 CMakeFiles/centimeter.dir/Users/elias/pico/pico-sdk/lib/tinyusb/src/class/cdc/cdc_device.c.obj
                0x10005760                tud_cdc_n_available
 .text.tud_cdc_n_read
                0x10005778       0x28 CMakeFiles/centimeter.dir/Users/elias/pico/pico-sdk/lib/tinyusb/src/class/cdc/cdc_device.c.obj
                0x10005778                tud_cdc_n_read
 .text.tud_cdc_n_write_flush
                0x100057a0       0xb8 CMakeFiles/centimeter.dir/Users/elias/pico/pico-sdk/lib/tinyusb/src/class/cdc/cdc_device.c.obj
                0x100057a0                tud_cdc_n_write_flush
 .text.tud_cdc_n_write
                0x10005858       0x38 CMakeFiles/centimeter.dir/Users/elias/pico/pico-sdk/lib/tinyusb/src/class/cdc/cdc_device.c.obj
                0x10005858                tud_cdc_n_write
 .text.tud_cdc_n_write_available
                0x10005890       0x1c CMakeFiles/centimeter.dir/Users/elias/pico/pico-sdk/lib/tinyusb/src/class/cdc/cdc_device.c.obj
                0x10005890                tud_cdc_n_write_available
 .text.cdcd_init
                0x100058ac       0xbc CMakeFiles/centimeter.dir/Users/elias/pico/pico-sdk/lib/tinyusb/src/class/cdc/cdc_device.c.obj
                0x100058ac                cdcd_init
 .text.cdcd_reset
                0x10005968       0x44 CMakeFiles/centimeter.dir/Users/elias/pico/pico-sdk/lib/tinyusb/src/class/cdc/cdc_device.c.obj
                0x10005968                cdcd_reset
 .text.cdcd_open
                0x100059ac       0xc4 CMakeFiles/centimeter.dir/Users/elias/pico/pico-sdk/lib/tinyusb/src/class/cdc/cdc_device.c.obj
                0x100059ac                cdcd_open
 .text.cdcd_control_xfer_cb
                0x10005a70      0x134 CMakeFiles/centimeter.dir/Users/elias/pico/pico-sdk/lib/tinyusb/src/class/cdc/cdc_device.c.obj
                0x10005a70                cdcd_control_xfer_cb
 .text.cdcd_xfer_cb
                0x10005ba4      0x130 CMakeFiles/centimeter.dir/Users/elias/pico/pico-sdk/lib/tinyusb/src/class/cdc/cdc_device.c.obj
                0x10005ba4                cdcd_xfer_cb
 .text.tusb_init
                0x10005cd4        0xa CMakeFiles/centimeter.dir/Users/elias/pico/pico-sdk/lib/tinyusb/src/tusb.c.obj
                0x10005cd4                tusb_init
 .text.tusb_inited
                0x10005cde        0xe CMakeFiles/centimeter.dir/Users/elias/pico/pico-sdk/lib/tinyusb/src/tusb.c.obj
                0x10005cde                tusb_inited
 .text.tu_edpt_claim
                0x10005cec       0x50 CMakeFiles/centimeter.dir/Users/elias/pico/pico-sdk/lib/tinyusb/src/tusb.c.obj
                0x10005cec                tu_edpt_claim
 .text.tu_edpt_release
                0x10005d3c       0x38 CMakeFiles/centimeter.dir/Users/elias/pico/pico-sdk/lib/tinyusb/src/tusb.c.obj
                0x10005d3c                tu_edpt_release
 .text.tu_edpt_validate
                0x10005d74       0x78 CMakeFiles/centimeter.dir/Users/elias/pico/pico-sdk/lib/tinyusb/src/tusb.c.obj
                0x10005d74                tu_edpt_validate
 .text.tu_edpt_bind_driver
                0x10005dec       0x26 CMakeFiles/centimeter.dir/Users/elias/pico/pico-sdk/lib/tinyusb/src/tusb.c.obj
                0x10005dec                tu_edpt_bind_driver
 .text.advance_index
                0x10005e12       0x1a CMakeFiles/centimeter.dir/Users/elias/pico/pico-sdk/lib/tinyusb/src/common/tusb_fifo.c.obj
 .text._tu_fifo_peek
                0x10005e2c       0x56 CMakeFiles/centimeter.dir/Users/elias/pico/pico-sdk/lib/tinyusb/src/common/tusb_fifo.c.obj
 .text._ff_pull_const_addr
                0x10005e82       0x4c CMakeFiles/centimeter.dir/Users/elias/pico/pico-sdk/lib/tinyusb/src/common/tusb_fifo.c.obj
 .text._ff_pull_n
                0x10005ece      0x110 CMakeFiles/centimeter.dir/Users/elias/pico/pico-sdk/lib/tinyusb/src/common/tusb_fifo.c.obj
 .text._tu_fifo_peek_n
                0x10005fde       0x6a CMakeFiles/centimeter.dir/Users/elias/pico/pico-sdk/lib/tinyusb/src/common/tusb_fifo.c.obj
 .text._tu_fifo_read_n
                0x10006048       0x4e CMakeFiles/centimeter.dir/Users/elias/pico/pico-sdk/lib/tinyusb/src/common/tusb_fifo.c.obj
 .text._ff_push_const_addr
                0x10006096       0x40 CMakeFiles/centimeter.dir/Users/elias/pico/pico-sdk/lib/tinyusb/src/common/tusb_fifo.c.obj
 .text._ff_push_n
                0x100060d6      0x10c CMakeFiles/centimeter.dir/Users/elias/pico/pico-sdk/lib/tinyusb/src/common/tusb_fifo.c.obj
 .text._tu_fifo_write_n
                0x100061e2       0xf0 CMakeFiles/centimeter.dir/Users/elias/pico/pico-sdk/lib/tinyusb/src/common/tusb_fifo.c.obj
 .text.tu_fifo_config
                0x100062d2       0x7c CMakeFiles/centimeter.dir/Users/elias/pico/pico-sdk/lib/tinyusb/src/common/tusb_fifo.c.obj
                0x100062d2                tu_fifo_config
 .text.tu_fifo_count
                0x1000634e       0x2a CMakeFiles/centimeter.dir/Users/elias/pico/pico-sdk/lib/tinyusb/src/common/tusb_fifo.c.obj
                0x1000634e                tu_fifo_count
 .text.tu_fifo_empty
                0x10006378        0xe CMakeFiles/centimeter.dir/Users/elias/pico/pico-sdk/lib/tinyusb/src/common/tusb_fifo.c.obj
                0x10006378                tu_fifo_empty
 .text.tu_fifo_full
                0x10006386       0x28 CMakeFiles/centimeter.dir/Users/elias/pico/pico-sdk/lib/tinyusb/src/common/tusb_fifo.c.obj
                0x10006386                tu_fifo_full
 .text.tu_fifo_remaining
                0x100063ae       0x2c CMakeFiles/centimeter.dir/Users/elias/pico/pico-sdk/lib/tinyusb/src/common/tusb_fifo.c.obj
                0x100063ae                tu_fifo_remaining
 .text.tu_fifo_read
                0x100063da       0x42 CMakeFiles/centimeter.dir/Users/elias/pico/pico-sdk/lib/tinyusb/src/common/tusb_fifo.c.obj
                0x100063da                tu_fifo_read
 .text.tu_fifo_read_n
                0x1000641c        0xa CMakeFiles/centimeter.dir/Users/elias/pico/pico-sdk/lib/tinyusb/src/common/tusb_fifo.c.obj
                0x1000641c                tu_fifo_read_n
 .text.tu_fifo_write
                0x10006426       0x64 CMakeFiles/centimeter.dir/Users/elias/pico/pico-sdk/lib/tinyusb/src/common/tusb_fifo.c.obj
                0x10006426                tu_fifo_write
 .text.tu_fifo_write_n
                0x1000648a        0xa CMakeFiles/centimeter.dir/Users/elias/pico/pico-sdk/lib/tinyusb/src/common/tusb_fifo.c.obj
                0x1000648a                tu_fifo_write_n
 .text.tu_fifo_clear
                0x10006494       0x3e CMakeFiles/centimeter.dir/Users/elias/pico/pico-sdk/lib/tinyusb/src/common/tusb_fifo.c.obj
                0x10006494                tu_fifo_clear
 .text.tu_fifo_set_overwritable
                0x100064d2       0x46 CMakeFiles/centimeter.dir/Users/elias/pico/pico-sdk/lib/tinyusb/src/common/tusb_fifo.c.obj
                0x100064d2                tu_fifo_set_overwritable
 .text.update_us_since_boot
                0x10006518       0x24 libpico_ultrasonic.a(ultrasonic.c.obj)
 .text.get_absolute_time
                0x1000653c       0x22 libpico_ultrasonic.a(ultrasonic.c.obj)
 .text.setupUltrasonicPins
                0x1000655e       0x22 libpico_ultrasonic.a(ultrasonic.c.obj)
                0x1000655e                setupUltrasonicPins
 .text.getPulse
                0x10006580       0x84 libpico_ultrasonic.a(ultrasonic.c.obj)
                0x10006580                getPulse
 .text.getCm    0x10006604       0x10 libpico_ultrasonic.a(ultrasonic.c.obj)
                0x10006604                getCm
 .text.strlen   0x10006614       0x5c /Applications/ArmGNUToolchain/12.3.rel1/arm-none-eabi/bin/../lib/gcc/arm-none-eabi/12.3.1/../../../../arm-none-eabi/lib/thumb/v6-m/nofp/libg.a(libc_a-strlen-stub.o)
                0x10006614                strlen
 *(.fini)
 .fini          0x10006670        0x4 /Applications/ArmGNUToolchain/12.3.rel1/arm-none-eabi/bin/../lib/gcc/arm-none-eabi/12.3.1/thumb/v6-m/nofp/crti.o
                0x10006670                _fini
 *fill*         0x10006674        0x4 
 .fini.__stub   0x10006678       0xe0 linker stubs
 *crtbegin.o(.ctors)
 *crtbegin?.o(.ctors)
 *(EXCLUDE_FILE(*crtend.o *crtend?.o) .ctors)
 *(SORT_BY_NAME(.ctors.*))
 *(.ctors)
 *crtbegin.o(.dtors)
 *crtbegin?.o(.dtors)
 *(EXCLUDE_FILE(*crtend.o *crtend?.o) .dtors)
 *(SORT_BY_NAME(.dtors.*))
 *(.dtors)
 *(.eh_frame*)
 .eh_frame      0x10006758        0x0 /Applications/ArmGNUToolchain/12.3.rel1/arm-none-eabi/bin/../lib/gcc/arm-none-eabi/12.3.1/thumb/v6-m/nofp/crtbegin.o
                0x10006758                        . = ALIGN (0x4)

.glue_7         0x10006758        0x0
 .glue_7        0x10006758        0x0 linker stubs

.glue_7t        0x10006758        0x0
 .glue_7t       0x10006758        0x0 linker stubs

.vfp11_veneer   0x10006758        0x0
 .vfp11_veneer  0x10006758        0x0 linker stubs

.v4_bx          0x10006758        0x0
 .v4_bx         0x10006758        0x0 linker stubs

.iplt           0x10006758        0x0
 .iplt          0x10006758        0x0 /Applications/ArmGNUToolchain/12.3.rel1/arm-none-eabi/bin/../lib/gcc/arm-none-eabi/12.3.1/thumb/v6-m/nofp/crtbegin.o

.rodata         0x10006758     0x1560
 *(EXCLUDE_FILE(*libm.a: *libc.a:*lib_a-mem*.o *libgcc.a:) .rodata*)
 .rodata.main.str1.4
                0x10006758        0x8 CMakeFiles/centimeter.dir/cmExample.c.obj
 .rodata.spin_lock_claim_unused.str1.4
                0x10006760       0x1b CMakeFiles/centimeter.dir/Users/elias/pico/pico-sdk/src/rp2_common/hardware_sync/sync.c.obj
 *fill*         0x1000677b        0x1 
 .rodata.resolve_branch.str1.4
                0x1000677c       0x55 CMakeFiles/centimeter.dir/Users/elias/pico/pico-sdk/src/rp2_common/hardware_irq/irq.c.obj
 *fill*         0x100067d1        0x3 
 .rodata.make_branch.str1.4
                0x100067d4       0x30 CMakeFiles/centimeter.dir/Users/elias/pico/pico-sdk/src/rp2_common/hardware_irq/irq.c.obj
 .rodata.insert_branch_and_link.str1.4
                0x10006804       0x10 CMakeFiles/centimeter.dir/Users/elias/pico/pico-sdk/src/rp2_common/hardware_irq/irq.c.obj
 .rodata.irq_set_exclusive_handler.str1.4
                0x10006814       0x36 CMakeFiles/centimeter.dir/Users/elias/pico/pico-sdk/src/rp2_common/hardware_irq/irq.c.obj
 *fill*         0x1000684a        0x2 
 .rodata.irq_add_shared_handler.str1.4
                0x1000684c       0xc2 CMakeFiles/centimeter.dir/Users/elias/pico/pico-sdk/src/rp2_common/hardware_irq/irq.c.obj
 *fill*         0x1000690e        0x2 
 .rodata.irq_remove_handler.str1.4
                0x10006910       0x3a CMakeFiles/centimeter.dir/Users/elias/pico/pico-sdk/src/rp2_common/hardware_irq/irq.c.obj
 *fill*         0x1000694a        0x2 
 .rodata.irq_add_tail_to_free_list.str1.4
                0x1000694c       0x3a CMakeFiles/centimeter.dir/Users/elias/pico/pico-sdk/src/rp2_common/hardware_irq/irq.c.obj
 *fill*         0x10006986        0x2 
 .rodata.user_irq_claim_unused.str1.4
                0x10006988       0x1b CMakeFiles/centimeter.dir/Users/elias/pico/pico-sdk/src/rp2_common/hardware_irq/irq.c.obj
 *fill*         0x100069a3        0x1 
 .rodata.__func__.0
                0x100069a4       0x1a CMakeFiles/centimeter.dir/Users/elias/pico/pico-sdk/src/rp2_common/hardware_irq/irq.c.obj
 *fill*         0x100069be        0x2 
 .rodata.__func__.1
                0x100069c0       0x17 CMakeFiles/centimeter.dir/Users/elias/pico/pico-sdk/src/rp2_common/hardware_irq/irq.c.obj
 *fill*         0x100069d7        0x1 
 .rodata.__func__.2
                0x100069d8       0x13 CMakeFiles/centimeter.dir/Users/elias/pico/pico-sdk/src/rp2_common/hardware_irq/irq.c.obj
 *fill*         0x100069eb        0x1 
 .rodata.__func__.3
                0x100069ec        0xc CMakeFiles/centimeter.dir/Users/elias/pico/pico-sdk/src/rp2_common/hardware_irq/irq.c.obj
 .rodata.__func__.4
                0x100069f8        0xf CMakeFiles/centimeter.dir/Users/elias/pico/pico-sdk/src/rp2_common/hardware_irq/irq.c.obj
 *fill*         0x10006a07        0x1 
 .rodata.__func__.5
                0x10006a08       0x17 CMakeFiles/centimeter.dir/Users/elias/pico/pico-sdk/src/rp2_common/hardware_irq/irq.c.obj
 *fill*         0x10006a1f        0x1 
 .rodata.__func__.6
                0x10006a20       0x1a CMakeFiles/centimeter.dir/Users/elias/pico/pico-sdk/src/rp2_common/hardware_irq/irq.c.obj
 *fill*         0x10006a3a        0x2 
 .rodata.update_us_since_boot.str1.4
                0x10006a3c       0x61 CMakeFiles/centimeter.dir/Users/elias/pico/pico-sdk/src/common/pico_sync/mutex.c.obj
 *fill*         0x10006a9d        0x3 
 .rodata.str1.4
                0x10006aa0       0x89 CMakeFiles/centimeter.dir/Users/elias/pico/pico-sdk/src/common/pico_sync/mutex.c.obj
 *fill*         0x10006b29        0x3 
 .rodata.__func__.1
                0x10006b2c        0xb CMakeFiles/centimeter.dir/Users/elias/pico/pico-sdk/src/common/pico_sync/mutex.c.obj
 *fill*         0x10006b37        0x1 
 .rodata.__func__.3
                0x10006b38       0x18 CMakeFiles/centimeter.dir/Users/elias/pico/pico-sdk/src/common/pico_sync/mutex.c.obj
 .rodata.__func__.4
                0x10006b50       0x15 CMakeFiles/centimeter.dir/Users/elias/pico/pico-sdk/src/common/pico_sync/mutex.c.obj
 *fill*         0x10006b65        0x3 
 .rodata.get_entry.str1.4
                0x10006b68       0x5b CMakeFiles/centimeter.dir/Users/elias/pico/pico-sdk/src/common/pico_time/time.c.obj
 .rodata.update_us_since_boot.str1.4
                0x10006bc3       0x61 CMakeFiles/centimeter.dir/Users/elias/pico/pico-sdk/src/common/pico_time/time.c.obj
 *fill*         0x10006bc3        0x1 
 .rodata.ph_get_node.str1.4
                0x10006bc4       0x66 CMakeFiles/centimeter.dir/Users/elias/pico/pico-sdk/src/common/pico_time/time.c.obj
 *fill*         0x10006c2a        0x2 
 .rodata.ph_add_child_node.str1.4
                0x10006c2c       0x2e CMakeFiles/centimeter.dir/Users/elias/pico/pico-sdk/src/common/pico_time/time.c.obj
 *fill*         0x10006c5a        0x2 
 .rodata.ph_insert_node.str1.4
                0x10006c5c        0x3 CMakeFiles/centimeter.dir/Users/elias/pico/pico-sdk/src/common/pico_time/time.c.obj
 *fill*         0x10006c5f        0x1 
 .rodata.ph_free_node.str1.4
                0x10006c60       0x38 CMakeFiles/centimeter.dir/Users/elias/pico/pico-sdk/src/common/pico_time/time.c.obj
 .rodata.add_alarm_under_lock.str1.4
                0x10006c98       0x28 CMakeFiles/centimeter.dir/Users/elias/pico/pico-sdk/src/common/pico_time/time.c.obj
 .rodata.alarm_pool_alarm_callback.str1.4
                0x10006cc0       0x60 CMakeFiles/centimeter.dir/Users/elias/pico/pico-sdk/src/common/pico_time/time.c.obj
 .rodata.alarm_pool_get_default.str1.4
                0x10006d20       0x21 CMakeFiles/centimeter.dir/Users/elias/pico/pico-sdk/src/common/pico_time/time.c.obj
 *fill*         0x10006d41        0x3 
 .rodata.alarm_pool_cancel_alarm.str1.4
                0x10006d44       0x27 CMakeFiles/centimeter.dir/Users/elias/pico/pico-sdk/src/common/pico_time/time.c.obj
 *fill*         0x10006d6b        0x1 
 .rodata.sleep_until.str1.4
                0x10006d6c       0x4d CMakeFiles/centimeter.dir/Users/elias/pico/pico-sdk/src/common/pico_time/time.c.obj
 *fill*         0x10006db9        0x3 
 .rodata.__func__.1
                0x10006dbc       0x18 CMakeFiles/centimeter.dir/Users/elias/pico/pico-sdk/src/common/pico_time/time.c.obj
 .rodata.__func__.3
                0x10006dd4       0x17 CMakeFiles/centimeter.dir/Users/elias/pico/pico-sdk/src/common/pico_time/time.c.obj
 *fill*         0x10006deb        0x1 
 .rodata.__func__.4
                0x10006dec       0x12 CMakeFiles/centimeter.dir/Users/elias/pico/pico-sdk/src/common/pico_time/time.c.obj
 *fill*         0x10006dfe        0x2 
 .rodata.__func__.5
                0x10006e00        0xd CMakeFiles/centimeter.dir/Users/elias/pico/pico-sdk/src/common/pico_time/time.c.obj
 *fill*         0x10006e0d        0x3 
 .rodata.__func__.6
                0x10006e10       0x12 CMakeFiles/centimeter.dir/Users/elias/pico/pico-sdk/src/common/pico_time/time.c.obj
 *fill*         0x10006e22        0x2 
 .rodata.__func__.7
                0x10006e24        0xf CMakeFiles/centimeter.dir/Users/elias/pico/pico-sdk/src/common/pico_time/time.c.obj
 *fill*         0x10006e33        0x1 
 .rodata.__func__.8
                0x10006e34        0xc CMakeFiles/centimeter.dir/Users/elias/pico/pico-sdk/src/common/pico_time/time.c.obj
 .rodata.__func__.9
                0x10006e40       0x15 CMakeFiles/centimeter.dir/Users/elias/pico/pico-sdk/src/common/pico_time/time.c.obj
 *fill*         0x10006e55        0x3 
 .rodata.__func__.10
                0x10006e58       0x15 CMakeFiles/centimeter.dir/Users/elias/pico/pico-sdk/src/common/pico_time/time.c.obj
 *fill*         0x10006e6d        0x3 
 .rodata.__func__.11
                0x10006e70       0x1a CMakeFiles/centimeter.dir/Users/elias/pico/pico-sdk/src/common/pico_time/time.c.obj
 *fill*         0x10006e8a        0x2 
 .rodata.__func__.12
                0x10006e8c        0xa CMakeFiles/centimeter.dir/Users/elias/pico/pico-sdk/src/common/pico_time/time.c.obj
 *fill*         0x10006e96        0x2 
 .rodata.hardware_alarm_claim.str1.4
                0x10006e98       0x22 CMakeFiles/centimeter.dir/Users/elias/pico/pico-sdk/src/rp2_common/hardware_timer/timer.c.obj
 *fill*         0x10006eba        0x2 
 .rodata.hardware_alarm_set_target.str1.4
                0x10006ebc       0x65 CMakeFiles/centimeter.dir/Users/elias/pico/pico-sdk/src/rp2_common/hardware_timer/timer.c.obj
 *fill*         0x10006f21        0x3 
 .rodata.__func__.0
                0x10006f24       0x1a CMakeFiles/centimeter.dir/Users/elias/pico/pico-sdk/src/rp2_common/hardware_timer/timer.c.obj
 .rodata.ph_get_node.str1.4
                0x10006f3e       0x66 CMakeFiles/centimeter.dir/Users/elias/pico/pico-sdk/src/common/pico_util/pheap.c.obj
 .rodata.ph_add_child_node.str1.4
                0x10006f3e       0x2e CMakeFiles/centimeter.dir/Users/elias/pico/pico-sdk/src/common/pico_util/pheap.c.obj
 *fill*         0x10006f3e        0x2 
 .rodata.ph_remove_any_head.str1.4
                0x10006f40       0x8c CMakeFiles/centimeter.dir/Users/elias/pico/pico-sdk/src/common/pico_util/pheap.c.obj
                                 0xa0 (size before relaxing)
 .rodata.ph_remove_and_free_node.str1.4
                0x10006fcc       0x1e CMakeFiles/centimeter.dir/Users/elias/pico/pico-sdk/src/common/pico_util/pheap.c.obj
                                 0x26 (size before relaxing)
 *fill*         0x10006fea        0x2 
 .rodata.__func__.0
                0x10006fec       0x18 CMakeFiles/centimeter.dir/Users/elias/pico/pico-sdk/src/common/pico_util/pheap.c.obj
 .rodata.__func__.1
                0x10007004       0x13 CMakeFiles/centimeter.dir/Users/elias/pico/pico-sdk/src/common/pico_util/pheap.c.obj
 *fill*         0x10007017        0x1 
 .rodata.__func__.2
                0x10007018       0x12 CMakeFiles/centimeter.dir/Users/elias/pico/pico-sdk/src/common/pico_util/pheap.c.obj
 *fill*         0x1000702a        0x2 
 .rodata.__func__.3
                0x1000702c        0xc CMakeFiles/centimeter.dir/Users/elias/pico/pico-sdk/src/common/pico_util/pheap.c.obj
 .rodata.clock_configure.str1.4
                0x10007038       0x57 CMakeFiles/centimeter.dir/Users/elias/pico/pico-sdk/src/rp2_common/hardware_clocks/clocks.c.obj
 *fill*         0x1000708f        0x1 
 .rodata.__func__.1
                0x10007090       0x10 CMakeFiles/centimeter.dir/Users/elias/pico/pico-sdk/src/rp2_common/hardware_clocks/clocks.c.obj
 .rodata.pll_init.str1.4
                0x100070a0      0x124 CMakeFiles/centimeter.dir/Users/elias/pico/pico-sdk/src/rp2_common/hardware_pll/pll.c.obj
 .rodata.__func__.0
                0x100071c4        0x9 CMakeFiles/centimeter.dir/Users/elias/pico/pico-sdk/src/rp2_common/hardware_pll/pll.c.obj
 *fill*         0x100071cd        0x3 
 .rodata.__assert_func.str1.4
                0x100071d0       0x3f CMakeFiles/centimeter.dir/Users/elias/pico/pico-sdk/src/rp2_common/pico_runtime/runtime.c.obj
                                 0x43 (size before relaxing)
 *fill*         0x1000720f        0x1 
 .rodata.runtime_init.str1.4
                0x10007210       0x61 CMakeFiles/centimeter.dir/Users/elias/pico/pico-sdk/src/rp2_common/pico_runtime/runtime.c.obj
 *fill*         0x10007271        0x3 
 .rodata.panic.str1.4
                0x10007274       0x12 CMakeFiles/centimeter.dir/Users/elias/pico/pico-sdk/src/rp2_common/pico_runtime/runtime.c.obj
 *fill*         0x10007286        0x2 
 .rodata.__func__.2
                0x10007288        0xd CMakeFiles/centimeter.dir/Users/elias/pico/pico-sdk/src/rp2_common/pico_runtime/runtime.c.obj
 *fill*         0x10007295        0x3 
 .rodata._ftoa.str1.4
                0x10007298       0x15 CMakeFiles/centimeter.dir/Users/elias/pico/pico-sdk/src/rp2_common/pico_printf/printf.c.obj
 *fill*         0x100072ad        0x3 
 .rodata._vsnprintf
                0x100072b0      0x19c CMakeFiles/centimeter.dir/Users/elias/pico/pico-sdk/src/rp2_common/pico_printf/printf.c.obj
 *fill*         0x1000744c        0x4 
 .rodata.pow10.0
                0x10007450       0x50 CMakeFiles/centimeter.dir/Users/elias/pico/pico-sdk/src/rp2_common/pico_printf/printf.c.obj
 .rodata.missing_double_func_shim.str1.4
                0x100074a0       0x18 CMakeFiles/centimeter.dir/Users/elias/pico/pico-sdk/src/rp2_common/pico_double/double_init_rom.c.obj
 .rodata.__aeabi_double_init.str1.4
                0x100074b8       0x9c CMakeFiles/centimeter.dir/Users/elias/pico/pico-sdk/src/rp2_common/pico_double/double_init_rom.c.obj
 .rodata.__func__.0
                0x10007554       0x14 CMakeFiles/centimeter.dir/Users/elias/pico/pico-sdk/src/rp2_common/pico_double/double_init_rom.c.obj
 .rodata.missing_float_func_shim.str1.4
                0x10007568        0x1 CMakeFiles/centimeter.dir/Users/elias/pico/pico-sdk/src/rp2_common/pico_float/float_init_rom.c.obj
 .rodata.__aeabi_float_init.str1.4
                0x10007568       0x7a CMakeFiles/centimeter.dir/Users/elias/pico/pico-sdk/src/rp2_common/pico_float/float_init_rom.c.obj
 *fill*         0x100075e2        0x2 
 .rodata.__func__.0
                0x100075e4       0x13 CMakeFiles/centimeter.dir/Users/elias/pico/pico-sdk/src/rp2_common/pico_float/float_init_rom.c.obj
 *fill*         0x100075f7        0x1 
 .rodata.str1.4
                0x100075f8       0x58 CMakeFiles/centimeter.dir/Users/elias/pico/pico-sdk/src/rp2_common/pico_standard_link/binary_info.c.obj
 .rodata.__bi_81
                0x10007650        0xc CMakeFiles/centimeter.dir/Users/elias/pico/pico-sdk/src/rp2_common/pico_standard_link/binary_info.c.obj
 .rodata.__bi_75
                0x1000765c        0xc CMakeFiles/centimeter.dir/Users/elias/pico/pico-sdk/src/rp2_common/pico_standard_link/binary_info.c.obj
 .rodata.__bi_69
                0x10007668        0xc CMakeFiles/centimeter.dir/Users/elias/pico/pico-sdk/src/rp2_common/pico_standard_link/binary_info.c.obj
 .rodata.__bi_44
                0x10007674        0xc CMakeFiles/centimeter.dir/Users/elias/pico/pico-sdk/src/rp2_common/pico_standard_link/binary_info.c.obj
 .rodata.update_us_since_boot.str1.4
                0x10007680       0x61 CMakeFiles/centimeter.dir/Users/elias/pico/pico-sdk/src/rp2_common/pico_stdio/stdio.c.obj
 .rodata.crlf_str.2
                0x10007680        0x2 CMakeFiles/centimeter.dir/Users/elias/pico/pico-sdk/src/rp2_common/pico_stdio/stdio.c.obj
 *fill*         0x10007682        0x2 
 .rodata.__func__.3
                0x10007684       0x15 CMakeFiles/centimeter.dir/Users/elias/pico/pico-sdk/src/rp2_common/pico_stdio/stdio.c.obj
 *fill*         0x10007699        0x3 
 .rodata._resetd_driver
                0x1000769c       0x18 CMakeFiles/centimeter.dir/Users/elias/pico/pico-sdk/src/rp2_common/pico_stdio_usb/reset_interface.c.obj
 .rodata.update_us_since_boot.str1.4
                0x100076b4       0x61 CMakeFiles/centimeter.dir/Users/elias/pico/pico-sdk/src/rp2_common/pico_stdio_usb/stdio_usb.c.obj
 .rodata.stdio_usb_init.str1.4
                0x100076b4       0x45 CMakeFiles/centimeter.dir/Users/elias/pico/pico-sdk/src/rp2_common/pico_stdio_usb/stdio_usb.c.obj
                                 0x4d (size before relaxing)
 *fill*         0x100076f9        0x3 
 .rodata.str1.4
                0x100076fc       0x13 CMakeFiles/centimeter.dir/Users/elias/pico/pico-sdk/src/rp2_common/pico_stdio_usb/stdio_usb.c.obj
 *fill*         0x1000770f        0x1 
 .rodata.__bi_182.0
                0x10007710        0xc CMakeFiles/centimeter.dir/Users/elias/pico/pico-sdk/src/rp2_common/pico_stdio_usb/stdio_usb.c.obj
 .rodata.__func__.1
                0x1000771c        0xf CMakeFiles/centimeter.dir/Users/elias/pico/pico-sdk/src/rp2_common/pico_stdio_usb/stdio_usb.c.obj
 *fill*         0x1000772b        0x1 
 .rodata.__func__.3
                0x1000772c       0x15 CMakeFiles/centimeter.dir/Users/elias/pico/pico-sdk/src/rp2_common/pico_stdio_usb/stdio_usb.c.obj
 *fill*         0x10007741        0x3 
 .rodata.str1.4
                0x10007744       0x2a CMakeFiles/centimeter.dir/Users/elias/pico/pico-sdk/src/rp2_common/pico_stdio_usb/stdio_usb_descriptors.c.obj
 *fill*         0x1000776e        0x2 
 .rodata.usbd_desc_str
                0x10007770       0x18 CMakeFiles/centimeter.dir/Users/elias/pico/pico-sdk/src/rp2_common/pico_stdio_usb/stdio_usb_descriptors.c.obj
 .rodata.usbd_desc_cfg
                0x10007788       0x54 CMakeFiles/centimeter.dir/Users/elias/pico/pico-sdk/src/rp2_common/pico_stdio_usb/stdio_usb_descriptors.c.obj
 .rodata.usbd_desc_device
                0x100077dc       0x12 CMakeFiles/centimeter.dir/Users/elias/pico/pico-sdk/src/rp2_common/pico_stdio_usb/stdio_usb_descriptors.c.obj
 *fill*         0x100077ee        0x2 
 .rodata.pico_get_unique_board_id_string.str1.4
                0x100077f0       0x4d CMakeFiles/centimeter.dir/Users/elias/pico/pico-sdk/src/rp2_common/pico_unique_id/unique_id.c.obj
 *fill*         0x1000783d        0x3 
 .rodata.__func__.0
                0x10007840       0x20 CMakeFiles/centimeter.dir/Users/elias/pico/pico-sdk/src/rp2_common/pico_unique_id/unique_id.c.obj
 .rodata.str1.4
                0x10007860      0x15a CMakeFiles/centimeter.dir/Users/elias/pico/pico-sdk/src/rp2_common/hardware_flash/flash.c.obj
 *fill*         0x100079ba        0x2 
 .rodata.__func__.0
                0x100079bc        0xd CMakeFiles/centimeter.dir/Users/elias/pico/pico-sdk/src/rp2_common/hardware_flash/flash.c.obj
 *fill*         0x100079c9        0x3 
 .rodata._hw_endpoint_alloc.str1.4
                0x100079cc       0xb5 CMakeFiles/centimeter.dir/Users/elias/pico/pico-sdk/lib/tinyusb/src/portable/raspberrypi/rp2040/dcd_rp2040.c.obj
 *fill*         0x10007a81        0x3 
 .rodata.str1.4
                0x10007a84       0x14 CMakeFiles/centimeter.dir/Users/elias/pico/pico-sdk/lib/tinyusb/src/portable/raspberrypi/rp2040/dcd_rp2040.c.obj
 .rodata.dcd_int_enable.str1.4
                0x10007a98        0xc CMakeFiles/centimeter.dir/Users/elias/pico/pico-sdk/lib/tinyusb/src/portable/raspberrypi/rp2040/dcd_rp2040.c.obj
 .rodata.__func__.0
                0x10007aa4        0xe CMakeFiles/centimeter.dir/Users/elias/pico/pico-sdk/lib/tinyusb/src/portable/raspberrypi/rp2040/dcd_rp2040.c.obj
 *fill*         0x10007ab2        0x2 
 .rodata.__func__.1
                0x10007ab4        0xe CMakeFiles/centimeter.dir/Users/elias/pico/pico-sdk/lib/tinyusb/src/portable/raspberrypi/rp2040/dcd_rp2040.c.obj
 *fill*         0x10007ac2        0x2 
 .rodata.__func__.3
                0x10007ac4       0x10 CMakeFiles/centimeter.dir/Users/elias/pico/pico-sdk/lib/tinyusb/src/portable/raspberrypi/rp2040/dcd_rp2040.c.obj
 .rodata.__func__.5
                0x10007ad4        0xf CMakeFiles/centimeter.dir/Users/elias/pico/pico-sdk/lib/tinyusb/src/portable/raspberrypi/rp2040/dcd_rp2040.c.obj
 *fill*         0x10007ae3        0x1 
 .rodata.__func__.6
                0x10007ae4       0x13 CMakeFiles/centimeter.dir/Users/elias/pico/pico-sdk/lib/tinyusb/src/portable/raspberrypi/rp2040/dcd_rp2040.c.obj
 *fill*         0x10007af7        0x1 
 .rodata.__func__.7
                0x10007af8        0x9 CMakeFiles/centimeter.dir/Users/elias/pico/pico-sdk/lib/tinyusb/src/portable/raspberrypi/rp2040/dcd_rp2040.c.obj
 *fill*         0x10007b01        0x3 
 .rodata.str1.4
                0x10007b04       0xe7 CMakeFiles/centimeter.dir/Users/elias/pico/pico-sdk/lib/tinyusb/src/portable/raspberrypi/rp2040/rp2040_usb.c.obj
 *fill*         0x10007beb        0x1 
 .rodata.__func__.0
                0x10007bec        0xf CMakeFiles/centimeter.dir/Users/elias/pico/pico-sdk/lib/tinyusb/src/portable/raspberrypi/rp2040/rp2040_usb.c.obj
 *fill*         0x10007bfb        0x1 
 .rodata.process_get_descriptor
                0x10007bfc       0x40 CMakeFiles/centimeter.dir/Users/elias/pico/pico-sdk/lib/tinyusb/src/device/usbd.c.obj
 .rodata.process_control_request
                0x10007c3c       0x28 CMakeFiles/centimeter.dir/Users/elias/pico/pico-sdk/lib/tinyusb/src/device/usbd.c.obj
 .rodata.tud_task_ext
                0x10007c64       0x24 CMakeFiles/centimeter.dir/Users/elias/pico/pico-sdk/lib/tinyusb/src/device/usbd.c.obj
 .rodata._usbd_driver
                0x10007c88       0x18 CMakeFiles/centimeter.dir/Users/elias/pico/pico-sdk/lib/tinyusb/src/device/usbd.c.obj
 .rodata.update_us_since_boot.str1.4
                0x10007ca0       0x61 libpico_ultrasonic.a(ultrasonic.c.obj)
 .rodata.__func__.0
                0x10007ca0       0x15 libpico_ultrasonic.a(ultrasonic.c.obj)
                0x10007d04                        . = ALIGN (0x4)
 *fill*         0x10007cb5        0x3 
 *(SORT_BY_ALIGNMENT(SORT_BY_NAME(.flashdata*)))
                0x10007cb8                        . = ALIGN (0x4)

.ARM.extab
 *(.ARM.extab* .gnu.linkonce.armextab.*)
                0x10007cb8                        __exidx_start = .

.ARM.exidx
 *(.ARM.exidx* .gnu.linkonce.armexidx.*)
                0x10007cb8                        __exidx_end = .
                0x10007cb8                        . = ALIGN (0x4)
                0x10007cb8                        __binary_info_start = .

.binary_info    0x10007cb8       0x24
 *(.binary_info.keep.*)
 .binary_info.keep.__bi_ptr81
                0x10007cb8        0x4 CMakeFiles/centimeter.dir/Users/elias/pico/pico-sdk/src/rp2_common/pico_standard_link/binary_info.c.obj
 .binary_info.keep.__bi_ptr75
                0x10007cbc        0x4 CMakeFiles/centimeter.dir/Users/elias/pico/pico-sdk/src/rp2_common/pico_standard_link/binary_info.c.obj
 .binary_info.keep.__bi_ptr69
                0x10007cc0        0x4 CMakeFiles/centimeter.dir/Users/elias/pico/pico-sdk/src/rp2_common/pico_standard_link/binary_info.c.obj
 .binary_info.keep.__bi_ptr50
                0x10007cc4        0x4 CMakeFiles/centimeter.dir/Users/elias/pico/pico-sdk/src/rp2_common/pico_standard_link/binary_info.c.obj
 .binary_info.keep.__bi_ptr44
                0x10007cc8        0x4 CMakeFiles/centimeter.dir/Users/elias/pico/pico-sdk/src/rp2_common/pico_standard_link/binary_info.c.obj
 .binary_info.keep.__bi_ptr38
                0x10007ccc        0x4 CMakeFiles/centimeter.dir/Users/elias/pico/pico-sdk/src/rp2_common/pico_standard_link/binary_info.c.obj
 .binary_info.keep.__bi_ptr30
                0x10007cd0        0x4 CMakeFiles/centimeter.dir/Users/elias/pico/pico-sdk/src/rp2_common/pico_standard_link/binary_info.c.obj
 .binary_info.keep.__bi_ptr22
                0x10007cd4        0x4 CMakeFiles/centimeter.dir/Users/elias/pico/pico-sdk/src/rp2_common/pico_standard_link/binary_info.c.obj
 *(.binary_info.*)
 .binary_info.__bi_ptr182
                0x10007cd8        0x4 CMakeFiles/centimeter.dir/Users/elias/pico/pico-sdk/src/rp2_common/pico_stdio_usb/stdio_usb.c.obj
                0x10007cdc                        __binary_info_end = .

.rel.dyn        0x10007cdc        0x0
 .rel.iplt      0x10007cdc        0x0 /Applications/ArmGNUToolchain/12.3.rel1/arm-none-eabi/bin/../lib/gcc/arm-none-eabi/12.3.1/thumb/v6-m/nofp/crtbegin.o
                0x10007cdc                        . = ALIGN (0x4)

.ram_vector_table
                0x20000000       0xc0
 *(.ram_vector_table)
 .ram_vector_table
                0x20000000       0xc0 CMakeFiles/centimeter.dir/Users/elias/pico/pico-sdk/src/rp2_common/pico_runtime/runtime.c.obj
                0x20000000                ram_vector_table

.data           0x200000c0      0xb34 load address 0x10007cdc
                0x200000c0                        __data_start__ = .
 *(vtable)
 *(.time_critical*)
 .time_critical.mutex_try_enter
                0x200000c0       0x46 CMakeFiles/centimeter.dir/Users/elias/pico/pico-sdk/src/common/pico_sync/mutex.c.obj
                0x200000c0                mutex_try_enter
 *fill*         0x20000106        0x2 
 .time_critical.mutex_enter_block_until
                0x20000108       0x8c CMakeFiles/centimeter.dir/Users/elias/pico/pico-sdk/src/common/pico_sync/mutex.c.obj
                0x20000108                mutex_enter_block_until
 .time_critical.mutex_try_enter_block_until
                0x20000194       0x34 CMakeFiles/centimeter.dir/Users/elias/pico/pico-sdk/src/common/pico_sync/mutex.c.obj
                0x20000194                mutex_try_enter_block_until
 .time_critical.mutex_enter_timeout_ms
                0x200001c8       0x1a CMakeFiles/centimeter.dir/Users/elias/pico/pico-sdk/src/common/pico_sync/mutex.c.obj
                0x200001c8                mutex_enter_timeout_ms
 *fill*         0x200001e2        0x2 
 .time_critical.mutex_exit
                0x200001e4       0x4c CMakeFiles/centimeter.dir/Users/elias/pico/pico-sdk/src/common/pico_sync/mutex.c.obj
                0x200001e4                mutex_exit
 .time_critical.flash_init_boot2_copyout
                0x20000230       0x30 CMakeFiles/centimeter.dir/Users/elias/pico/pico-sdk/src/rp2_common/hardware_flash/flash.c.obj
 .time_critical.flash_enable_xip_via_boot2
                0x20000260        0xc CMakeFiles/centimeter.dir/Users/elias/pico/pico-sdk/src/rp2_common/hardware_flash/flash.c.obj
 .time_critical.flash_cs_force
                0x2000026c       0x28 CMakeFiles/centimeter.dir/Users/elias/pico/pico-sdk/src/rp2_common/hardware_flash/flash.c.obj
 .time_critical.flash_do_cmd
                0x20000294       0xd8 CMakeFiles/centimeter.dir/Users/elias/pico/pico-sdk/src/rp2_common/hardware_flash/flash.c.obj
                0x20000294                flash_do_cmd
 .time_critical.reset_non_control_endpoints
                0x2000036c       0x40 CMakeFiles/centimeter.dir/Users/elias/pico/pico-sdk/lib/tinyusb/src/portable/raspberrypi/rp2040/dcd_rp2040.c.obj
 .time_critical.hw_handle_buff_status
                0x200003ac       0xa4 CMakeFiles/centimeter.dir/Users/elias/pico/pico-sdk/lib/tinyusb/src/portable/raspberrypi/rp2040/dcd_rp2040.c.obj
 .time_critical.dcd_rp2040_irq
                0x20000450      0x1b8 CMakeFiles/centimeter.dir/Users/elias/pico/pico-sdk/lib/tinyusb/src/portable/raspberrypi/rp2040/dcd_rp2040.c.obj
 .time_critical.e15_is_bulkin_ep
                0x20000608       0x2c CMakeFiles/centimeter.dir/Users/elias/pico/pico-sdk/lib/tinyusb/src/portable/raspberrypi/rp2040/rp2040_usb.c.obj
 .time_critical.e15_is_critical_frame_period
                0x20000634       0x30 CMakeFiles/centimeter.dir/Users/elias/pico/pico-sdk/lib/tinyusb/src/portable/raspberrypi/rp2040/rp2040_usb.c.obj
 .time_critical.prepare_ep_buffer
                0x20000664       0x6c CMakeFiles/centimeter.dir/Users/elias/pico/pico-sdk/lib/tinyusb/src/portable/raspberrypi/rp2040/rp2040_usb.c.obj
 .time_critical.sync_ep_buffer
                0x200006d0       0x7c CMakeFiles/centimeter.dir/Users/elias/pico/pico-sdk/lib/tinyusb/src/portable/raspberrypi/rp2040/rp2040_usb.c.obj
 .time_critical._hw_endpoint_xfer_sync
                0x2000074c       0x28 CMakeFiles/centimeter.dir/Users/elias/pico/pico-sdk/lib/tinyusb/src/portable/raspberrypi/rp2040/rp2040_usb.c.obj
 .time_critical.hw_endpoint_reset_transfer
                0x20000774        0xc CMakeFiles/centimeter.dir/Users/elias/pico/pico-sdk/lib/tinyusb/src/portable/raspberrypi/rp2040/rp2040_usb.c.obj
                0x20000774                hw_endpoint_reset_transfer
 .time_critical._hw_endpoint_buffer_control_update32
                0x20000780       0x58 CMakeFiles/centimeter.dir/Users/elias/pico/pico-sdk/lib/tinyusb/src/portable/raspberrypi/rp2040/rp2040_usb.c.obj
                0x20000780                _hw_endpoint_buffer_control_update32
 .time_critical.hw_endpoint_start_next_buffer
                0x200007d8       0x7c CMakeFiles/centimeter.dir/Users/elias/pico/pico-sdk/lib/tinyusb/src/portable/raspberrypi/rp2040/rp2040_usb.c.obj
                0x200007d8                hw_endpoint_start_next_buffer
 .time_critical.hw_endpoint_xfer_continue
                0x20000854       0x50 CMakeFiles/centimeter.dir/Users/elias/pico/pico-sdk/lib/tinyusb/src/portable/raspberrypi/rp2040/rp2040_usb.c.obj
                0x20000854                hw_endpoint_xfer_continue
 .time_critical.tinyusb
                0x200008a4      0x1ac CMakeFiles/centimeter.dir/Users/elias/pico/pico-sdk/lib/tinyusb/src/device/usbd.c.obj
                0x200008a4                dcd_event_handler
 *(.text*)
 .text          0x20000a50        0x4 /Applications/ArmGNUToolchain/12.3.rel1/arm-none-eabi/bin/../lib/gcc/arm-none-eabi/12.3.1/thumb/v6-m/nofp/libgcc.a(_dvmd_tls.o)
                0x20000a50                __aeabi_ldiv0
                0x20000a50                __aeabi_idiv0
 *fill*         0x20000a54        0x4 
 .text.__stub   0x20000a58       0xa0 linker stubs
                0x20000af8                        . = ALIGN (0x4)
 *(.rodata*)
                0x20000af8                        . = ALIGN (0x4)
 *(.data*)
 .data.echoPin  0x20000af8        0x4 CMakeFiles/centimeter.dir/cmExample.c.obj
                0x20000af8                echoPin
 .data.striped_spin_lock_num
                0x20000afc        0x1 CMakeFiles/centimeter.dir/Users/elias/pico/pico-sdk/src/rp2_common/hardware_sync/sync.c.obj
 *fill*         0x20000afd        0x3 
 .data          0x20000b00       0x48 CMakeFiles/centimeter.dir/Users/elias/pico/pico-sdk/src/rp2_common/hardware_irq/irq_handler_chain.S.obj
                0x20000b00                irq_handler_chain_slots
                0x20000b30                irq_handler_chain_first_slot
                0x20000b3a                irq_handler_chain_remove_tail
 .data.default_alarm_pool
                0x20000b48       0x18 CMakeFiles/centimeter.dir/Users/elias/pico/pico-sdk/src/common/pico_time/time.c.obj
 .data.default_alarm_pool_heap
                0x20000b60       0x10 CMakeFiles/centimeter.dir/Users/elias/pico/pico-sdk/src/common/pico_time/time.c.obj
 *fill*         0x20000b70        0x0 
 .data.aeabi_bits_funcs
                0x20000b70       0x10 CMakeFiles/centimeter.dir/Users/elias/pico/pico-sdk/src/rp2_common/pico_bit_ops/bit_ops_aeabi.S.obj
                0x20000b70                aeabi_bits_funcs
                0x20000b80                aeabi_bits_funcs_end
 .data.aeabi_mem_funcs
                0x20000b80       0x10 CMakeFiles/centimeter.dir/Users/elias/pico/pico-sdk/src/rp2_common/pico_mem_ops/mem_ops_aeabi.S.obj
                0x20000b80                aeabi_mem_funcs
                0x20000b90                aeabi_mem_funcs_end
 .data.stdio_usb
                0x20000b90       0x18 CMakeFiles/centimeter.dir/Users/elias/pico/pico-sdk/src/rp2_common/pico_stdio_usb/stdio_usb.c.obj
                0x20000b90                stdio_usb
 .data.ep_dir_string
                0x20000ba8        0x8 CMakeFiles/centimeter.dir/Users/elias/pico/pico-sdk/lib/tinyusb/src/portable/raspberrypi/rp2040/rp2040_usb.c.obj
                0x20000ba8                ep_dir_string
 .data._usbd_qdef
                0x20000bb0       0x1c CMakeFiles/centimeter.dir/Users/elias/pico/pico-sdk/lib/tinyusb/src/device/usbd.c.obj
                0x20000bb0                _usbd_qdef
 .data._usbd_rhport
                0x20000bcc        0x1 CMakeFiles/centimeter.dir/Users/elias/pico/pico-sdk/lib/tinyusb/src/device/usbd.c.obj
 *fill*         0x20000bcd        0x3 
 .data.timeout  0x20000bd0        0x4 libpico_ultrasonic.a(ultrasonic.c.obj)
                0x20000bd0                timeout
                0x20000bd4                        . = ALIGN (0x4)
 *(.after_data.*)
                0x20000bd4                        . = ALIGN (0x4)
                0x20000bd4                        PROVIDE (__mutex_array_start = .)
 *(SORT_BY_NAME(.mutex_array.*))
 *(.mutex_array)
 .mutex_array   0x20000bd4        0x8 CMakeFiles/centimeter.dir/Users/elias/pico/pico-sdk/src/rp2_common/pico_stdio/stdio.c.obj
                0x20000bdc                        PROVIDE (__mutex_array_end = .)
                0x20000bdc                        . = ALIGN (0x4)
                0x20000bdc                        PROVIDE (__preinit_array_start = .)
 *(SORT_BY_NAME(.preinit_array.*))
 .preinit_array.00001
                0x20000bdc        0x4 CMakeFiles/centimeter.dir/Users/elias/pico/pico-sdk/src/rp2_common/pico_mem_ops/mem_ops_aeabi.S.obj
 .preinit_array.00010
                0x20000be0        0x4 CMakeFiles/centimeter.dir/Users/elias/pico/pico-sdk/src/rp2_common/pico_bit_ops/bit_ops_aeabi.S.obj
 .preinit_array.00020
                0x20000be4        0x4 CMakeFiles/centimeter.dir/Users/elias/pico/pico-sdk/src/rp2_common/pico_double/double_aeabi.S.obj
 .preinit_array.00020
                0x20000be8        0x4 CMakeFiles/centimeter.dir/Users/elias/pico/pico-sdk/src/rp2_common/pico_float/float_aeabi.S.obj
 *(.preinit_array)
                0x20000bec                        PROVIDE (__preinit_array_end = .)
                0x20000bec                        . = ALIGN (0x4)
                0x20000bec                        PROVIDE (__init_array_start = .)
 *(SORT_BY_NAME(.init_array.*))
 *(.init_array)
 .init_array    0x20000bec        0x4 /Applications/ArmGNUToolchain/12.3.rel1/arm-none-eabi/bin/../lib/gcc/arm-none-eabi/12.3.1/thumb/v6-m/nofp/crtbegin.o
 .init_array    0x20000bf0        0x4 CMakeFiles/centimeter.dir/Users/elias/pico/pico-sdk/src/rp2_common/pico_unique_id/unique_id.c.obj
                0x20000bf4                        PROVIDE (__init_array_end = .)
                0x20000bf4                        . = ALIGN (0x4)
                [!provide]                        PROVIDE (__fini_array_start = .)
 *(SORT_BY_NAME(.fini_array.*))
 *(.fini_array)
                [!provide]                        PROVIDE (__fini_array_end = .)
 *(.jcr)
                0x20000bf4                        . = ALIGN (0x4)
                0x20000bf4                        __data_end__ = .
                0x10007cdc                        __etext = LOADADDR (.data)

.tm_clone_table
                0x20000bf4        0x0 load address 0x10008810
 .tm_clone_table
                0x20000bf4        0x0 /Applications/ArmGNUToolchain/12.3.rel1/arm-none-eabi/bin/../lib/gcc/arm-none-eabi/12.3.1/thumb/v6-m/nofp/crtbegin.o
 .tm_clone_table